procs -----------memory---------- ---swap-- -----io---- -system-- -------cpu-------
 r  b   swpd   free   buff  cache   si   so    bi    bo   in   cs us sy id wa st gu
 1  0      0 59607308    288 1001140    0    0  9971  3309 13033   23 11  2 87  0  0  0
 0  0      0 59602300    292 1002312    0    0   532   136 5080 3676  0  0 99  0  0  0
 5  0      0 59442044    292 1049496    0    0 31100     0 5344 9806  2  1 96  0  0  0
 1  0      0 59338208    292 1081628    0    0 27648     0 5618 13972  5  1 94  0  0  0
 1  0      0 59332748    292 1082380    0    0   676     0  793  854  0  0 100  0  0  0
28  0      0 59109700    292 1084228    0    0  1608     0 17741 141406 12  5 82  0  0  0
56  0      0 59133672    292 1084228    0    0     0     0 15380 162374 12  6 82  0  0  0
34  0      0 59136168    292 1084228    0    0     0     0 13030 157347 11  6 83  0  0  0
17  0      0 59157104    292 1086340    0    0  1800     0 13647 157498 11  6 83  0  0  0
60  0      0 59145840    292 1089812    0    0  3716     0 16156 166128 12  6 82  0  0  0
51  0      0 59136344    292 1090240    0    0     0     0 14373 163994 11  6 84  0  0  0
39  0      0 59128228    292 1090240    0    0     0     0 13559 158291 11  5 84  0  0  0
12  0      0 59119532    292 1090240    0    0     0     0 13838 162806 11  6 84  0  0  0
 1  0      0 59116028    292 1090240    0    0     0     0 13521 157946 11  6 84  0  0  0
16  0      0 59107456    292 1090240    0    0     0     0 13464 158224 11  5 84  0  0  0
56  0      0 58927900   1608 1158356    0    0 45832   312 25323 162743 14  7 79  1  0  0
51  0      0 58977396   1616 1161632    0    0  1332     0 22851 155544 15  5 79  0  0  0
73  0      0 58938568   1616 1176876    0    0 10572  3644 24700 171973 16  6 78  1  0  0
52  0      0 58933088   1616 1178108    0    0    96  2208 22904 184075 13  6 80  0  0  0
39  0      0 58935348   1616 1178108    0    0     0     0 14159 161980 11  6 84  0  0  0
26  0      0 58925768   1616 1178108    0    0     0     0 13697 158893 11  5 84  0  0  0
procs -----------memory---------- ---swap-- -----io---- -system-- -------cpu-------
 r  b   swpd   free   buff  cache   si   so    bi    bo   in   cs us sy id wa st gu
26  0      0 58925872   1616 1178108    0    0     0     0 13967 159173 11  6 84  0  0  0
 1  0      0 58922652   1616 1178108    0    0     0     0 14101 159304 11  6 84  0  0  0
 1  0      0 58921776   1616 1178128    0    0     0     0 14198 160691 11  5 84  0  0  0
66  0      0 58923540   1616 1178128    0    0     0     0 13813 158415 11  5 84  0  0  0
62  0      0 58924248   1616 1178128    0    0     0     0 13634 157803 11  5 84  0  0  0
67  0      0 58918444   1616 1178128    0    0     0     0 13305 158704 11  5 84  0  0  0
31  0      0 58913332   1616 1178128    0    0     0     0 13729 158200 11  6 84  0  0  0
11  0      0 58910680   1616 1178944    0    0   560  5948 15513 163819 11  5 84  0  0  0
 1  0      0 58910600   1624 1183056    0    0  1456  5836 14002 151988 11  5 84  0  0  0
67  0      0 58906068   1624 1183056    0    0     0     0 13411 155823 11  6 84  0  0  0
89  0      0 58901768   1624 1183060    0    0     0   408 13594 157941 11  5 84  0  0  0
83  0      0 58912592   1624 1183060    0    0     0     8 13288 157087 11  5 84  0  0  0
42  0      0 58900660   1624 1183076    0    0    16     4 14359 160137 11  6 84  0  0  0
52  0      0 58900876   1624 1183076    0    0     0     0 13487 158065 11  5 84  0  0  0
38  0      0 58899976   1624 1183076    0    0     0     0 13467 159066 11  5 84  0  0  0
37  0      0 58896704   1624 1183076    0    0     0     0 13213 157014 11  6 84  0  0  0
25  0      0 58892916   1624 1183076    0    0     0     0 13577 157167 11  6 84  0  0  0
42  0      0 58890864   1624 1183076    0    0     0     0 13991 159477 11  5 84  0  0  0
 3  0      0 58902064   1624 1183076    0    0     0     0 13635 157736 11  6 84  0  0  0
45  0      0 58896452   1624 1183076    0    0     0     0 13496 157924 11  6 84  0  0  0
76  0      0 58891440   1624 1183076    0    0     0     0 13735 158733 11  6 84  0  0  0
procs -----------memory---------- ---swap-- -----io---- -system-- -------cpu-------
 r  b   swpd   free   buff  cache   si   so    bi    bo   in   cs us sy id wa st gu
33  0      0 58879820   1624 1183080    0    0     0     0 14107 158846 11  6 84  0  0  0
60  0      0 58869496   1624 1183080    0    0     0     0 12988 155648 11  5 84  0  0  0
50  0      0 58868632   1624 1183080    0    0     0     0 13210 157565 11  6 84  0  0  0
12  0      0 58864800   1624 1183080    0    0     0     0 13177 156515 11  5 84  0  0  0
 1  0      0 58860492   1624 1183096    0    0    16    72 13322 158558 11  5 84  0  0  0
74  0      0 58866100   1624 1183096    0    0     0     0 13504 157297 11  5 84  0  0  0
78  0      0 58870996   1624 1183096    0    0     0     0 13966 157976 11  6 84  0  0  0
28  0      0 58879640   1624 1183096    0    0     0   136 13994 158169 11  6 84  0  0  0
57  0      0 58872880   1624 1183096    0    0     0     0 13993 160473 11  6 84  0  0  0
88  0      0 58864588   1624 1183096    0    0     0     0 13746 156925 11  5 84  0  0  0
77  0      0 58859204   1624 1183096    0    0     0     0 13476 155312 11  6 84  0  0  0
43  0      0 58856716   1624 1183096    0    0     0     0 13473 157462 11  6 84  0  0  0
32  0      0 58853056   1624 1183096    0    0     0     0 13994 158669 11  6 84  0  0  0
70  0      0 58854316   1624 1183096    0    0     0     0 13805 159594 10  6 84  0  0  0
41  0      0 58860512   1624 1183096    0    0     0     0 13586 150479 11  5 84  0  0  0
35  0      0 58856052   1624 1183096    0    0     0     0 12727 127326 11  4 85  0  0  0
41  0      0 58854456   1624 1183096    0    0     0     0 13442 157853 11  5 84  0  0  0
45  0      0 58853020   1624 1183096    0    0     0   896 13789 158981 11  5 84  0  0  0
48  0      0 58847504   1624 1183096    0    0     0     0 13614 158768 11  6 84  0  0  0
16  0      0 58844760   1624 1183096    0    0     0   136 13395 157284 11  5 84  0  0  0
69  0      0 58842032   1624 1183096    0    0     0     0 13648 158819 11  5 84  0  0  0
procs -----------memory---------- ---swap-- -----io---- -system-- -------cpu-------
 r  b   swpd   free   buff  cache   si   so    bi    bo   in   cs us sy id wa st gu
49  0      0 58835676   1624 1183192    0    0    96  2396 13856 158504 11  6 84  0  0  0
52  0      0 58834244   1624 1183192    0    0     0     8 13046 156583 11  6 84  0  0  0
46  0      0 58828992   1624 1183196    0    0     0     0 13278 158116 11  6 84  0  0  0
14  0      0 58828080   1624 1183196    0    0     0     0 13154 157704 11  5 84  0  0  0
61  0      0 58828316   1624 1183196    0    0     0     0 13471 155949 11  6 84  0  0  0
64  0      0 58824032   1624 1183196    0    0     0     0 13373 156340 11  6 84  0  0  0
60  0      0 58828200   1624 1183196    0    0     0     0 13448 156673 11  5 84  0  0  0
55  0      0 58828792   1624 1183196    0    0     0     0 13788 156625 11  5 84  0  0  0
35  0      0 58834972   1624 1183196    0    0     0     0 12956 157381 11  5 84  0  0  0
41  0      0 58833080   1624 1183196    0    0     0     0 13176 156749 11  5 84  0  0  0
44  0      0 58836236   1624 1183196    0    0     0     0 13235 155912 11  5 84  0  0  0
15  0      0 58833528   1624 1183196    0    0     0     0 12944 156629 11  5 84  0  0  0
20  0      0 58835628   1624 1183196    0    0     0     0 13241 158093 11  5 84  0  0  0
57  0      0 58835464   1624 1183196    0    0     0     0 14279 163644 11  6 84  0  0  0
52  0      0 58833104   1624 1183100    0    0     0     0 13930 160706 11  5 84  0  0  0
33  0      0 58835220   1624 1183100    0    0     0     0 13427 158178 11  5 84  0  0  0
34  0      0 58830144   1624 1183100    0    0     0     0 13974 158947 11  6 84  0  0  0
83  0      0 58826300   1624 1183100    0    0     0     0 13786 158235 11  5 84  0  0  0
76  0      0 58828996   1624 1183036    0    0     0     0 13577 157620 11  5 84  0  0  0
65  0      0 58830324   1624 1183036    0    0     0     0 13351 157314 11  6 84  0  0  0
58  0      0 58834708   1624 1183036    0    0     0     0 13006 156501 11  5 84  0  0  0
procs -----------memory---------- ---swap-- -----io---- -system-- -------cpu-------
 r  b   swpd   free   buff  cache   si   so    bi    bo   in   cs us sy id wa st gu
20  0      0 58828376   1624 1183040    0    0     0     0 13680 158053 11  5 84  0  0  0
52  0      0 58823660   1624 1183040    0    0     0     0 13474 156657 11  5 84  0  0  0
60  0      0 58822504   1624 1183040    0    0     0     0 13518 158381 11  5 84  0  0  0
76  0      0 58826912   1624 1183040    0    0     0     0 13849 158232 11  5 84  0  0  0
 1  0      0 58822256   1624 1183040    0    0     0     0 13472 159752 11  5 84  0  0  0
49  0      0 58825464   1624 1183040    0    0     0     0 14173 164583 11  6 84  0  0  0
68  0      0 58822996   1624 1183040    0    0     0     0 14096 166148 11  5 84  0  0  0
55  0      0 58820804   1624 1183044    0    0     0   408 13891 162314 11  6 84  0  0  0
35  0      0 58818280   1624 1183048    0    0     0   352 13635 160487 11  6 84  0  0  0
39  0      0 58814152   1624 1183048    0    0     0   852 14149 159063 11  6 84  0  0  0
43  0      0 58819564   1624 1183048    0    0     0     0 13150 155695 11  5 84  0  0  0
16  0      0 58815700   1624 1183048    0    0     0     8 13388 156948 11  6 84  0  0  0
 2  0      0 58816480   1624 1183048    0    0     0     0 14573 158900 11  6 84  0  0  0
70  0      0 58810304   1624 1183048    0    0     0     0 13977 158968 11  5 84  0  0  0
49  0      0 58814280   1624 1183048    0    0     0     0 13469 157149 11  6 84  0  0  0
25  0      0 58804456   1624 1183048    0    0     0     0 13503 156919 11  5 84  0  0  0
54  0      0 58809820   1624 1183048    0    0     0     0 13644 160709 11  6 84  0  0  0
55  0      0 58794936   1624 1183268    0    0   128    72 14209 160958 11  6 84  0  0  0
42  0      0 58785924   1624 1183340    0    0    64   144 13975 157892 11  5 84  0  0  0
42  0      0 58781800   1624 1183340    0    0     0     0 13978 158831 11  6 84  0  0  0
 2  0      0 58782504   1624 1183340    0    0     0     0 13414 156553 11  5 84  0  0  0
procs -----------memory---------- ---swap-- -----io---- -system-- -------cpu-------
 r  b   swpd   free   buff  cache   si   so    bi    bo   in   cs us sy id wa st gu
54  0      0 58780512   1624 1183340    0    0     0     0 13829 158068 11  5 84  0  0  0
47  0      0 58778132   1624 1183340    0    0     0     0 13422 156437 11  5 84  0  0  0
21  0      0 58774720   1624 1183340    0    0     0     0 13470 156933 10  6 84  0  0  0
58  0      0 58787256   1624 1183340    0    0     0     0 13495 159224 11  5 84  0  0  0
48  0      0 58794528   1624 1183340    0    0     0     0 13485 154947 11  5 84  0  0  0
31  0      0 58797240   1624 1183340    0    0     0     0 14508 159115 11  6 84  0  0  0
43  0      0 58798308   1624 1183340    0    0     0   136 13407 157347 11  5 84  0  0  0
65  0      0 58796164   1624 1183340    0    0     0     0 13228 153757 11  5 84  0  0  0
44  0      0 58794544   1624 1183340    0    0     0     0 13210 154587 11  5 84  0  0  0
38  0      0 58788132   1624 1183340    0    0     0     0 13681 158149 11  5 84  0  0  0
 1  0      0 58792596   1624 1183340    0    0     0     0 13968 156967 11  6 84  0  0  0
52  0      0 58795996   1624 1183340    0    0     0     0 14165 157796 11  5 84  0  0  0
54  0      0 58796408   1624 1183340    0    0     0     0 13572 157416 11  5 84  0  0  0
 9  0      0 58794484   1624 1183340    0    0     0     0 13478 157663 11  5 84  0  0  0
71  0      0 58789268   1624 1183340    0    0     0     0 13501 157985 11  5 84  0  0  0
61  0      0 58780532   1624 1183340    0    0     0     0 13255 158215 11  6 84  0  0  0
41  0      0 58773756   1624 1183340    0    0     0   136 13663 157361 11  5 83  0  0  0
50  0      0 58770776   1624 1183340    0    0     0     0 13039 156190 11  5 84  0  0  0
74  0      0 58771712   1624 1183340    0    0   128  2060 13730 156669 11  5 84  0  0  0
48  0      0 58771052   1624 1183468    0    0     0     4 13851 157740 11  5 84  0  0  0
42  0      0 58764612   1624 1183468    0    0     0     0 13385 157189 11  5 84  0  0  0
procs -----------memory---------- ---swap-- -----io---- -system-- -------cpu-------
 r  b   swpd   free   buff  cache   si   so    bi    bo   in   cs us sy id wa st gu
12  0      0 58761856   1624 1183472    0    0     0     0 13771 158172 11  5 84  0  0  0
46  0      0 58768788   1624 1183472    0    0     0     8 13207 157110 11  5 84  0  0  0
45  0      0 58758768   1624 1183472    0    0     0     0 14067 159136 11  5 84  0  0  0
25  0      0 58753440   1624 1183472    0    0     0     0 13629 157086 11  5 84  0  0  0
 1  0      0 58752344   1624 1183472    0    0     0     0 14241 161025 11  6 84  0  0  0
 0  0      0 58751520   1624 1183660    0    0     4     0 1638 5916  1  0 99  0  0  0
 0  0      0 58961340   1624 1183528    0    0    16   116  989  777  0  0 100  0  0  0
 0  0      0 58983912   1624 1183544    0    0     0     0  834  492  0  0 100  0  0  0
 0  0      0 58996132   1624 1183544    0    0     0     0  740  300  0  0 100  0  0  0
 0  0      0 59007788   1624 1183544    0    0     0     0  438  305  0  0 100  0  0  0
 0  0      0 59028388   1624 1183544    0    0     0     0  465  258  0  0 100  0  0  0
 0  0      0 59052308   1624 1183544    0    0     0     0  697  415  0  0 100  0  0  0
 0  0      0 59076612   1624 1183544    0    0     0     0  792  375  0  0 100  0  0  0
 0  0      0 59083700   1624 1183544    0    0     0     0  536  273  0  0 100  0  0  0
 0  0      0 59104012   1624 1183544    0    0     0     0  752  395  0  0 100  0  0  0
 0  0      0 59133984   1624 1183544    0    0     0     0  806  344  0  0 100  0  0  0
 0  0      0 59145204   1624 1183544    0    0     0     0  695  273  0  0 100  0  0  0
 0  0      0 59158392   1624 1183544    0    0     0     0  747  349  0  0 100  0  0  0
 0  0      0 59172064   1624 1183544    0    0     0     0  591  264  0  0 100  0  0  0
 0  0      0 59193184   1624 1183576    0    0    36     0  670  444  0  0 100  0  0  0
 0  0      0 59210404   1624 1183572    0    0     0     0  647  267  0  0 100  0  0  0
procs -----------memory---------- ---swap-- -----io---- -system-- -------cpu-------
 r  b   swpd   free   buff  cache   si   so    bi    bo   in   cs us sy id wa st gu
 0  0      0 59215376   1624 1183572    0    0     0     0  550  276  0  0 100  0  0  0
 0  0      0 59223908   1624 1183572    0    0     0     0  563  343  0  0 100  0  0  0
 0  0      0 59235232   1624 1183572    0    0     0     0  759  351  0  0 100  0  0  0
 0  0      0 59234980   1624 1183572    0    0     0     0  697  254  0  0 100  0  0  0
 0  0      0 59243604   1624 1183584    0    0     0   408  707  571  0  0 100  0  0  0
 0  0      0 59252692   1624 1183584    0    0     0     0  647  288  0  0 100  0  0  0
 0  0      0 59258540   1624 1183584    0    0     0     0  661  403  0  0 100  0  0  0
 0  0      0 59265224   1624 1183616    0    0    32  1708 1155  873  0  0 100  0  0  0
 0  0      0 59271072   1624 1183616    0    0     0     0  558  322  0  0 100  0  0  0
 0  0      0 59276820   1624 1183616    0    0     0     0  520  243  0  0 100  0  0  0
 0  0      0 59280932   1624 1183616    0    0     0     0  600  342  0  0 100  0  0  0
 0  0      0 59284360   1624 1183616    0    0     0     4  867  382  0  0 100  0  0  0
 0  0      0 59287792   1624 1183616    0    0     0     0  732  264  0  0 100  0  0  0
 0  0      0 59291068   1624 1183616    0    0     0     0  923  410  0  0 100  0  0  0
 0  0      0 59299140   1624 1183616    0    0     0     0 1073  628  0  0 100  0  0  0
 2  0      0 59229496   1624 1183648    0    0     0     0 2805 4722  3  0 96  0  0  0
 0  0      0 59131900   1624 1183812    0    0    16     4 2157 3585  3  0 96  0  0  0
18  0      0 59080884   1624 1183928    0    0     0     0 5655 49446  6  2 93  0  0  0
45  0      0 59015508   1624 1183932    0    0     0     0 15050 158377 14  6 80  0  0  0
62  0      0 59042392   1624 1183940    0    0    12     0 15286 159928 12  6 82  0  0  0
31  0      0 59059152   1624 1183940    0    0     0     0 13999 164069 11  6 83  0  0  0
procs -----------memory---------- ---swap-- -----io---- -system-- -------cpu-------
 r  b   swpd   free   buff  cache   si   so    bi    bo   in   cs us sy id wa st gu
69  0      0 59048324   1624 1183940    0    0     0     0 13816 164427 11  6 84  0  0  0
63  0      0 59081708   1624 1183948    0    0     0     0 13278 160071 11  5 84  0  0  0
71  0      0 59068088   1624 1183948    0    0     0     0 12934 156339 11  5 83  0  0  0
57  0      0 59064920   1624 1183948    0    0     0     0 13127 156986 11  6 84  0  0  0
36  0      0 59053948   1624 1183948    0    0     0     0 13714 159621 11  6 83  0  0  0
11  0      0 59051912   1624 1183948    0    0     0   136 14024 159172 11  6 84  0  0  0
22  0      0 59044008   1624 1183948    0    0     0     0 13578 159086 11  6 84  0  0  0
42  0      0 59036696   1624 1183948    0    0     0     0 13303 159135 11  5 84  0  0  0
23  0      0 59029732   1624 1183948    0    0     0     0 13559 159221 11  5 84  0  0  0
69  0      0 59027212   1624 1183948    0    0     0     0 13673 158681 11  5 84  0  0  0
 6  0      0 59016000   1624 1183948    0    0     0     0 13805 160135 11  6 84  0  0  0
34  0      0 59012500   1624 1183948    0    0     0     0 13907 158915 11  6 84  0  0  0
25  0      0 59011356   1624 1183948    0    0     0     0 13555 158248 11  5 84  0  0  0
33  0      0 59006076   1624 1183948    0    0     0   136 13487 160422 11  5 84  0  0  0
30  0      0 58998716   1624 1183948    0    0     0     0 13986 160008 11  5 84  0  0  0
43  0      0 58991996   1624 1183948    0    0     0     0 13592 157801 11  6 84  0  0  0
30  0      0 58986264   1624 1183948    0    0     0     0 13679 159581 11  6 84  0  0  0
36  0      0 58979468   1624 1183948    0    0     0     8 14626 160643 11  5 84  0  0  0
75  0      0 58978536   1624 1183948    0    0     0     0 13755 159771 11  6 84  0  0  0
66  0      0 58972020   1624 1183948    0    0     0     0 13303 157554 11  5 84  0  0  0
 1  0      0 58963716   1624 1183948    0    0     0     0 13833 163578 11  6 84  0  0  0
procs -----------memory---------- ---swap-- -----io---- -system-- -------cpu-------
 r  b   swpd   free   buff  cache   si   so    bi    bo   in   cs us sy id wa st gu
12  0      0 58962960   1624 1183948    0    0     0   648 13597 158369 11  6 84  0  0  0
12  0      0 58950556   1624 1184284    0    0   320  2284 14817 161243 11  5 84  0  0  0
 1  0      0 58954788   1624 1184284    0    0     0     0 13729 159264 11  6 84  0  0  0
41  0      0 58947012   1624 1184284    0    0     0     0 13430 158616 11  5 84  0  0  0
43  0      0 58937176   1624 1184284    0    0     0     0 13892 159076 11  5 84  0  0  0
43  0      0 58931692   1624 1184284    0    0     0     0 14145 160435 11  6 84  0  0  0
34  0      0 58925336   1624 1184284    0    0     0     0 13822 159471 11  6 84  0  0  0
35  0      0 58916524   1624 1184284    0    0     0     0 14539 160860 11  6 84  0  0  0
 2  0      0 58907388   1624 1184284    0    0     0     0 13783 158877 11  6 84  0  0  0
 1  0      0 58900764   1624 1184284    0    0     0     0 13552 159448 11  5 84  0  0  0
72  0      0 58897408   1624 1184548    0    0   612     0 14735 162013 11  6 83  0  0  0
 0  0      0 58885460   1624 1185076    0    0    32   216 9801 104881  8  4 88  0  0  0
 0  0      0 59065040   1624 1185024    0    0    48   648 1629 1651  0  0 100  0  0  0
 0  0      0 59410364   1624 1187132    0    0  1944     0 1697 3484  1  0 99  0  0  0
