procs -----------memory---------- ---swap-- -----io---- -system-- -------cpu-------
 r  b   swpd   free   buff  cache   si   so    bi    bo   in   cs us sy id wa st gu
 1  0      0 59905756    288 1005408    0    0  9910  3294 13018   23 11  2 87  0  0  0
 0  0      0 59890252    288 1006096    0    0   288     0 4347 3604  0  0 99  0  0  0
 6  0      0 59720160    288 1052944    0    0 30680     0 6024 9156  3  1 96  0  0  0
 0  0      0 59600956    288 1085024    0    0 29456     0 5652 14678  5  1 94  0  0  0
 1  0      0 59599580    288 1086032    0    0   676     0  741  782  0  0 100  0  0  0
60  0      0 59408212    288 1087788    0    0  1464     0 15444 134884 13  5 82  0  0  0
50  0      0 59468076    288 1087792    0    0     0     0 16133 163542 12  6 82  0  0  0
69  0      0 59458736    288 1087792    0    0     0     0 13878 163905 11  5 84  0  0  0
67  0      0 59454072    288 1089968    0    0  1724     0 15520 167176 11  6 83  0  0  0
72  0      0 59461468    288 1092876    0    0  3780     0 14305 156233 11  5 83  0  0  0
45  0      0 59463268    288 1094056    0    0   160     0 13976 156322 11  6 83  0  0  0
58  0      0 59459908    288 1094060    0    0     0     0 13541 156265 11  6 83  0  0  0
61  0      0 59457356    288 1094060    0    0     0     0 13726 161665 11  6 84  0  0  0
53  0      0 59452776    292 1094056    0    0   128   136 13244 159201 11  5 84  0  0  0
66  0      0 59446488    292 1094340    0    0     0     0 14124 158802 11  5 84  0  0  0
 3  0      0 59222736    296 1159544    0    0 42668   312 24958 168172 13  7 80  1  0  0
58  0      0 59295660   1616 1165736    0    0  4513     0 20881 154088 15  6 79  0  0  0
44  1      0 59287420   1616 1167656    0    0   444  3536 22437 167916 15  5 79  1  0  0
23  0      0 59269856   1616 1178496    0    0  9600  2292 27995 198084 15  6 79  1  0  0
92  0      0 59271364   1616 1180488    0    0   660   628 14993 154540 12  5 83  0  0  0
55  0      0 59270592   1616 1180488    0    0     0     0 13173 157836 11  5 84  0  0  0
procs -----------memory---------- ---swap-- -----io---- -system-- -------cpu-------
 r  b   swpd   free   buff  cache   si   so    bi    bo   in   cs us sy id wa st gu
60  0      0 59267680   1616 1180488    0    0     0     0 13597 160153 11  5 84  0  0  0
54  0      0 59273412   1616 1180488    0    0     0     0 14028 159781 11  5 84  0  0  0
42  0      0 59268220   1616 1180488    0    0     0     0 13682 158860 11  5 84  0  0  0
62  0      0 59274112   1616 1180488    0    0     0     0 13916 159692 11  5 84  0  0  0
57  0      0 59270448   1616 1180488    0    0     0     0 13392 158267 11  5 84  0  0  0
39  0      0 59268208   1616 1180488    0    0     0     0 14413 161496 11  6 84  0  0  0
53  0      0 59270948   1616 1180488    0    0     0     0 13655 155662 11  6 84  0  0  0
43  0      0 59266740   1616 1181256    0    0   512  6092 15266 164239 11  6 83  0  0  0
38  0      0 59249824   1624 1186504    0    0  2032  6980 14044 159104 11  5 84  0  0  0
 1  0      0 59248796   1624 1186504    0    0     0     0 13100 157061 11  6 84  0  0  0
74  0      0 59249188   1624 1186504    0    0     0     0 13496 157934 11  6 84  0  0  0
49  0      0 59248648   1624 1186504    0    0     0     0 13072 158622 11  5 84  0  0  0
90  0      0 59240748   1624 1186504    0    0     0     4 13574 159235 11  5 84  0  0  0
96  0      0 59243080   1624 1186504    0    0     0     0 14355 164658 11  5 84  0  0  0
77  0      0 59240200   1624 1186504    0    0     0     0 13350 154843 11  5 84  0  0  0
40  0      0 59237428   1624 1186504    0    0     0     0 13199 157189 11  5 84  0  0  0
77  0      0 59234964   1624 1186504    0    0     0     0 13063 157844 11  5 84  0  0  0
68  0      0 59230288   1624 1186504    0    0     0     0 13742 157717 11  5 84  0  0  0
54  0      0 59228048   1624 1186504    0    0     0     0 13551 156553 11  5 84  0  0  0
40  0      0 59222428   1624 1186504    0    0     0     0 13105 157383 11  5 84  0  0  0
19  0      0 59214428   1624 1186504    0    0     0     0 13243 158204 11  5 84  0  0  0
procs -----------memory---------- ---swap-- -----io---- -system-- -------cpu-------
 r  b   swpd   free   buff  cache   si   so    bi    bo   in   cs us sy id wa st gu
 1  0      0 59206440   1624 1186508    0    0     0     0 13285 158924 11  5 84  0  0  0
55  0      0 59193432   1624 1186508    0    0     0     0 13652 158761 11  5 84  0  0  0
56  0      0 59184184   1624 1186508    0    0     0     0 14058 160917 11  5 84  0  0  0
51  0      0 59177068   1624 1186508    0    0     0     0 13220 157232 11  6 84  0  0  0
36  0      0 59167568   1624 1186524    0    0    16    72 13301 157769 11  5 84  0  0  0
11  0      0 59174808   1624 1186524    0    0     0     0 13466 159993 11  5 84  0  0  0
 1  0      0 59172092   1624 1186524    0    0     0     0 13251 155662 11  5 84  0  0  0
51  0      0 59172860   1624 1186524    0    0     0   408 14546 159575 11  5 84  0  0  0
47  0      0 59173356   1624 1186528    0    0     0     0 13261 157657 11  6 84  0  0  0
82  0      0 59172352   1624 1186528    0    0     0     0 14158 159808 11  6 84  0  0  0
39  0      0 59171532   1624 1186528    0    0     0     0 13476 156753 11  5 84  0  0  0
11  0      0 59171528   1624 1186528    0    0     0     0 13447 156590 11  5 84  0  0  0
70  0      0 59171172   1624 1186528    0    0     0     4 13222 154481 11  6 84  0  0  0
57  0      0 59170728   1624 1186528    0    0     0     0 13582 159252 11  5 84  0  0  0
76  0      0 59166304   1624 1186528    0    0     0     0 13102 157786 11  5 84  0  0  0
16  0      0 59176572   1624 1186528    0    0     0     0 13398 156787 11  6 84  0  0  0
 1  0      0 59184636   1624 1186528    0    0     0     0 13690 157728 11  6 84  0  0  0
60  0      0 59178536   1624 1186528    0    0     0   896 13831 158826 11  5 84  0  0  0
32  0      0 59186692   1624 1186528    0    0     0     0 13686 158563 11  6 84  0  0  0
70  0      0 59181996   1624 1186528    0    0     0     0 13454 155654 11  6 84  0  0  0
56  0      0 59172732   1624 1186528    0    0     0     0 13316 157844 11  5 84  0  0  0
procs -----------memory---------- ---swap-- -----io---- -system-- -------cpu-------
 r  b   swpd   free   buff  cache   si   so    bi    bo   in   cs us sy id wa st gu
38  0      0 59165708   1624 1186528    0    0     0     0 13593 158445 11  5 84  0  0  0
 1  0      0 59167928   1624 1186720    0    0   160  2516 14141 159829 11  6 84  0  0  0
54  0      0 59170472   1624 1186724    0    0     0     0 14192 161420 11  6 84  0  0  0
32  0      0 59169884   1624 1186724    0    0     0     0 13373 156957 11  6 84  0  0  0
55  0      0 59159568   1624 1186724    0    0     0     0 13869 157180 11  5 84  0  0  0
 1  0      0 59153396   1624 1186628    0    0     0     0 13704 157285 11  6 84  0  0  0
 1  0      0 59149884   1624 1186628    0    0     0     0 13797 157783 11  5 84  0  0  0
59  0      0 59146360   1624 1186628    0    0     0     0 13251 156535 11  5 84  0  0  0
72  0      0 59150564   1624 1186628    0    0     0     0 13453 157627 11  5 84  0  0  0
48  0      0 59141128   1624 1186628    0    0     0     0 13427 157762 11  5 84  0  0  0
36  0      0 59134724   1624 1186628    0    0     0     0 13383 158062 11  5 84  0  0  0
44  0      0 59132132   1624 1186628    0    0     0     0 13859 158889 11  5 84  0  0  0
 1  0      0 59137596   1624 1186628    0    0     0   136 14317 160085 11  6 84  0  0  0
56  0      0 59137668   1624 1186628    0    0     0     0 14444 160433 11  6 84  0  0  0
42  0      0 59138176   1624 1186628    0    0     0     0 13613 159970 11  6 84  0  0  0
84  0      0 59140620   1624 1186628    0    0     0     0 13400 156412 11  5 84  0  0  0
43  0      0 59134332   1624 1186628    0    0     0   136 14101 158509 11  6 84  0  0  0
15  0      0 59136360   1624 1186632    0    0     0     0 13724 157994 11  6 84  0  0  0
63  0      0 59134120   1624 1186632    0    0     0     0 13494 157451 11  5 84  0  0  0
57  0      0 59129844   1624 1186632    0    0     0     0 13279 156594 11  6 84  0  0  0
34  0      0 59134772   1624 1186632    0    0     0     0 13186 156595 11  5 84  0  0  0
procs -----------memory---------- ---swap-- -----io---- -system-- -------cpu-------
 r  b   swpd   free   buff  cache   si   so    bi    bo   in   cs us sy id wa st gu
29  0      0 59131740   1624 1186636    0    0     0     0 13644 157211 11  5 84  0  0  0
74  0      0 59139264   1624 1186636    0    0     0     0 13382 153978 11  6 84  0  0  0
21  0      0 59137324   1624 1186636    0    0     0     0 13578 158761 11  5 84  0  0  0
35  0      0 59146516   1624 1186636    0    0     0     0 14098 158425 11  6 84  0  0  0
52  0      0 59142368   1624 1186636    0    0     0     0 13059 156426 11  5 84  0  0  0
51  0      0 59142344   1624 1186636    0    0     0     0 14009 158164 11  5 84  0  0  0
 1  0      0 59143408   1624 1186636    0    0     0     0 13452 159503 11  6 84  0  0  0
48  0      0 59140740   1624 1186636    0    0     0     0 14630 166428 11  6 84  0  0  0
48  0      0 59134488   1624 1186636    0    0     0     0 14055 164126 11  6 84  0  0  0
45  0      0 59138848   1624 1186636    0    0     0     0 13314 158972 11  6 84  0  0  0
42  0      0 59136700   1624 1186636    0    0     0     0 13436 157161 11  6 83  0  0  0
60  0      0 59133752   1624 1186636    0    0     0   264 13793 157761 11  5 84  0  0  0
46  0      0 59131968   1624 1186636    0    0     0     0 14038 159355 11  5 84  0  0  0
37  0      0 59138776   1624 1186636    0    0     0     0 13043 157794 11  6 84  0  0  0
64  0      0 59135372   1624 1186636    0    0     0     0 13360 158622 11  5 84  0  0  0
65  0      0 59136464   1624 1186636    0    0     0     0 13869 158572 11  5 84  0  0  0
66  0      0 59132996   1624 1186636    0    0     0     0 13248 154929 11  5 84  0  0  0
44  0      0 59127272   1624 1186604    0    0     0     0 13317 157585 11  6 84  0  0  0
 1  0      0 59125860   1624 1186604    0    0     0     0 13317 157000 11  5 84  0  0  0
52  0      0 59125748   1624 1186604    0    0     0     0 14574 156767 11  6 84  0  0  0
29  0      0 59130004   1624 1186604    0    0     0     0 13533 157530 11  6 84  0  0  0
procs -----------memory---------- ---swap-- -----io---- -system-- -------cpu-------
 r  b   swpd   free   buff  cache   si   so    bi    bo   in   cs us sy id wa st gu
29  0      0 59125948   1624 1186604    0    0     0     0 14024 159415 11  5 84  0  0  0
53  0      0 59124972   1624 1186604    0    0     0     0 13350 157352 11  5 84  0  0  0
58  0      0 59125056   1624 1186604    0    0    16  1132 14197 159871 11  5 84  0  0  0
86  0      0 59118820   1624 1186620    0    0     0     0 14066 159343 11  6 84  0  0  0
28  0      0 59116540   1624 1186620    0    0     0   408 14203 158936 11  6 84  0  0  0
 1  0      0 59115432   1624 1186624    0    0     0     8 13617 158953 11  5 84  0  0  0
70  0      0 59113100   1624 1186624    0    0     0     0 13820 157645 11  5 84  0  0  0
56  0      0 59109660   1624 1186624    0    0     0     0 13791 158935 11  5 84  0  0  0
29  0      0 59120156   1624 1186624    0    0     0     0 13291 156142 11  5 84  0  0  0
42  0      0 59112268   1624 1186624    0    0     0     0 13307 157315 11  5 84  0  0  0
78  0      0 59123864   1624 1186624    0    0     0     0 14588 158043 11  6 84  0  0  0
40  0      0 59120088   1624 1186624    0    0     0     0 13344 157422 11  5 84  0  0  0
24  0      0 59121072   1624 1186624    0    0     0     0 13344 157242 11  6 84  0  0  0
 6  0      0 59120432   1624 1186624    0    0     0     0 13160 158134 11  5 84  0  0  0
54  0      0 59113472   1624 1186624    0    0     0     0 13823 158991 11  5 84  0  0  0
61  0      0 59114584   1624 1186624    0    0     0     0 13512 157935 11  6 84  0  0  0
41  0      0 59107852   1624 1186624    0    0     0     0 13181 156726 11  5 84  0  0  0
45  0      0 59105624   1624 1186624    0    0     0     0 13207 156887 11  5 84  0  0  0
 1  0      0 59111588   1624 1186624    0    0     0     0 13369 157596 11  5 84  0  0  0
61  0      0 59105360   1624 1186624    0    0     0     0 13412 157036 11  6 84  0  0  0
57  0      0 59097120   1624 1186624    0    0     0   416 13704 157585 11  6 84  0  0  0
procs -----------memory---------- ---swap-- -----io---- -system-- -------cpu-------
 r  b   swpd   free   buff  cache   si   so    bi    bo   in   cs us sy id wa st gu
51  0      0 59099236   1624 1186628    0    0     0     8 13187 158150 11  6 84  0  0  0
57  0      0 59107200   1624 1186628    0    0     0     0 13253 157163 11  6 84  0  0  0
20  0      0 59103156   1624 1186628    0    0     0     0 13250 156373 11  6 84  0  0  0
59  0      0 59107016   1624 1186628    0    0     0     0 13501 156321 11  6 84  0  0  0
40  0      0 59103728   1624 1186628    0    0     0     0 13256 156834 11  5 84  0  0  0
 0  0      0 59109588   1624 1186812    0    0     4     0 1972 9389  1  0 98  0  0  0
 0  0      0 59312088   1624 1186680    0    0     0     0  822  663  0  0 100  0  0  0
 0  0      0 59340664   1624 1186680    0    0     0     0  530  297  0  0 100  0  0  0
 0  0      0 59362328   1624 1186680    0    0     0     0  432  243  0  0 100  0  0  0
 0  0      0 59382760   1624 1186680    0    0     0     0  591  353  0  0 100  0  0  0
 0  0      0 59401988   1624 1186680    0    0     0     0  687  369  0  0 100  0  0  0
 0  0      0 59419880   1624 1186680    0    0     0   136  604  352  0  0 100  0  0  0
 0  0      0 59433908   1624 1186684    0    0     0     0  649  306  0  0 100  0  0  0
 0  0      0 59459076   1624 1186684    0    0     0   136  658  465  0  0 100  0  0  0
 0  0      0 59473208   1624 1186684    0    0     0     0  853  367  0  0 100  0  0  0
 0  0      0 59485680   1624 1186684    0    0    32  1328 1053  917  0  0 100  0  0  0
 0  0      0 59503964   1624 1186716    0    0     0     0  719  275  0  0 100  0  0  0
 0  0      0 59520316   1624 1186716    0    0     0     0  672  328  0  0 100  0  0  0
 0  0      0 59526564   1624 1186716    0    0     0     0  775  260  0  0 100  0  0  0
 0  0      0 59536308   1624 1186716    0    0     0     0  544  250  0  0 100  0  0  0
 0  0      0 59544388   1624 1186716    0    0     0     0  511  343  0  0 100  0  0  0
procs -----------memory---------- ---swap-- -----io---- -system-- -------cpu-------
 r  b   swpd   free   buff  cache   si   so    bi    bo   in   cs us sy id wa st gu
 0  0      0 59555108   1624 1186716    0    0     0     0  559  345  0  0 100  0  0  0
 0  0      0 59555928   1624 1186716    0    0     0     0  696  255  0  0 100  0  0  0
 0  0      0 59562656   1624 1186716    0    0     0     0  515  228  0  0 100  0  0  0
 0  0      0 59563792   1624 1186716    0    0     0     0  539  265  0  0 100  0  0  0
 0  0      0 59571152   1624 1186716    0    0     0     0  589  421  0  0 100  0  0  0
 0  0      0 59578028   1624 1186716    0    0     0     0  589  264  0  0 100  0  0  0
 0  0      0 59586140   1624 1186716    0    0     0     0  558  265  0  0 100  0  0  0
 0  0      0 59591356   1624 1186716    0    0     0     0  485  233  0  0 100  0  0  0
 0  0      0 59595612   1624 1186716    0    0     0     0  565  318  0  0 100  0  0  0
 0  0      0 59598620   1624 1186716    0    0     0     0  636  352  0  0 100  0  0  0
 0  0      0 59600636   1624 1186716    0    0     0   224  607  347  0  0 100  0  0  0
 0  0      0 59602972   1624 1186716    0    0     0     4  666  286  0  0 100  0  0  0
 0  0      0 59605792   1624 1186716    0    0     0     0  678  356  0  0 100  0  0  0
 0  0      0 59606716   1624 1186716    0    0     0     0  819  320  0  0 100  0  0  0
 0  0      0 59613952   1624 1186716    0    0     0     0 1088  654  0  0 100  0  0  0
 1  0      0 59562788   1624 1186748    0    0     0     0 2412 4961  3  0 96  0  0  0
 0  0      0 59450576   1624 1186912    0    0     0     4 2541 3825  4  0 96  0  0  0
24  0      0 59411872   1624 1187016    0    0     0     0 4820 37639  4  1 94  0  0  0
66  0      0 59410004   1624 1187020    0    0     0     0 15423 157716 14  6 80  0  0  0
74  0      0 59431800   1624 1187020    0    0     0     0 14038 162948 12  6 83  0  0  0
 1  0      0 59428460   1624 1187020    0    0     0     0 13041 157807 11  5 83  0  0  0
procs -----------memory---------- ---swap-- -----io---- -system-- -------cpu-------
 r  b   swpd   free   buff  cache   si   so    bi    bo   in   cs us sy id wa st gu
29  0      0 59425508   1624 1187020    0    0     0     0 14372 159586 11  6 84  0  0  0
59  0      0 59418200   1624 1187032    0    0     0   408 13311 157646 11  6 83  0  0  0
88  0      0 59404580   1624 1187032    0    0     0     0 13085 157861 11  6 83  0  0  0
42  0      0 59397064   1624 1187064    0    0    32  1548 13560 156908 11  5 83  0  0  0
83  0      0 59393108   1624 1187064    0    0     0     0 13284 159047 11  6 84  0  0  0
63  0      0 59388848   1624 1187064    0    0     0     0 13278 157638 11  5 84  0  0  0
32  0      0 59378220   1624 1187064    0    0     0     0 13599 159077 11  6 84  0  0  0
36  0      0 59372132   1624 1187064    0    0     0     0 13456 158499 11  6 84  0  0  0
15  0      0 59366180   1624 1187064    0    0     0     0 13764 159006 11  5 84  0  0  0
17  0      0 59363144   1624 1187064    0    0     0     0 14686 160734 11  6 83  0  0  0
49  0      0 59352232   1624 1187064    0    0     0     0 14021 159501 11  6 84  0  0  0
52  0      0 59349380   1624 1187064    0    0     0    76 13680 159847 11  6 84  0  0  0
64  0      0 59341820   1624 1187064    0    0     0     0 13420 160637 11  6 84  0  0  0
74  0      0 59338520   1624 1187064    0    0     0     0 13752 162890 11  6 84  0  0  0
17  0      0 59329288   1624 1187064    0    0     0     0 13293 158380 11  5 84  0  0  0
47  0      0 59327872   1624 1187064    0    0     0     0 14379 160905 11  6 84  0  0  0
40  0      0 59317788   1624 1187064    0    0     0     0 13464 159367 11  5 84  0  0  0
75  0      0 59314188   1624 1187064    0    0     0     0 13423 160592 11  5 84  0  0  0
78  0      0 59311104   1624 1187064    0    0     0     0 13555 159725 11  5 84  0  0  0
49  0      0 59303160   1624 1187064    0    0     0     0 13451 157890 11  6 84  0  0  0
45  0      0 59296940   1624 1187064    0    0     0     0 13604 158776 11  6 84  0  0  0
procs -----------memory---------- ---swap-- -----io---- -system-- -------cpu-------
 r  b   swpd   free   buff  cache   si   so    bi    bo   in   cs us sy id wa st gu
23  0      0 59290684   1624 1187064    0    0     0     0 13392 158385 11  6 83  0  0  0
65  0      0 59286748   1624 1187064    0    0     0     0 13659 158564 11  6 84  0  0  0
19  0      0 59283036   1624 1187064    0    0     0     0 13697 158891 11  5 84  0  0  0
31  0      0 59275144   1624 1187064    0    0     0     0 14371 160192 11  5 84  0  0  0
35  0      0 59272552   1624 1187064    0    0     0     8 13422 161501 11  5 84  0  0  0
34  0      0 59264444   1624 1187064    0    0     0     0 13733 165171 11  6 84  0  0  0
69  0      0 59260532   1624 1187064    0    0     0     0 14010 162615 11  5 84  0  0  0
 1  0      0 59249016   1624 1187064    0    0     0     0 13778 165263 11  5 84  0  0  0
40  0      0 59248416   1624 1187064    0    0     0     0 14497 165452 11  6 84  0  0  0
47  0      0 59242920   1624 1187064    0    0     0     0 14652 160793 11  6 84  0  0  0
54  0      0 59234788   1624 1187060    0    0     0   272 13837 159376 11  6 84  0  0  0
 0  0      0 59213004   1624 1187092    0    0     0     0 10965 117992  9  4 87  0  0  0
 0  0      0 59387468   1624 1186928    0    0     0     0  865  746  0  0 100  0  0  0
 0  0      0 59397872   1624 1189216    0    0  2360     0 1186 2113  0  0 100  0  0  0
 1  0      0 59413248   1624 1189488    0    0    16     4 1532 4640  1  0 99  0  0  0
