procs -----------memory---------- ---swap-- -----io---- -system-- -------cpu-------
 r  b   swpd   free   buff  cache   si   so    bi    bo   in   cs us sy id wa st gu
 0  1      0 60000188    288 950580    0    0 16188  3722 11963   16  8  2 90  0  0  0
 0  0      0 59987248    288 951252    0    0   312     0 4661 3511  0  0 99  0  0  0
 3  1      0 59859548    288 997852    0    0 30768     0 5705 9371  2  1 97  0  0  0
 2  0      0 59784908    288 1027488    0    0 25228     0 3992 13379  3  1 96  0  0  0
 0  0      0 59724640    288 1030084    0    0  2528     0 1689 2755  2  0 98  0  0  0
41  0      0 59547188    292 1032908    0    0  2316   136 8205 65074  7  3 91  0  0  0
60  0      0 59524276    292 1032956    0    0     0     0 16545 155723 14  6 81  0  0  0
60  0      0 59550160    292 1032956    0    0     0     0 14039 163548 11  6 83  0  0  0
19  0      0 59527292    292 1035124    0    0  1724     0 14632 163941 11  6 83  0  0  0
44  0      0 59594496    292 1035124    0    0     0     0 12746 154744 11  5 83  0  0  0
51  0      0 59577840    292 1038644    0    0  3488     0 15108 157317 12  5 82  0  0  0
51  0      0 59570372    292 1038796    0    0     0     0 14334 159749 11  5 83  0  0  0
61  0      0 59565444    292 1038796    0    0     0     0 13747 159749 11  6 84  0  0  0
49  0      0 59558992    292 1038796    0    0     0     0 14314 160740 11  6 84  0  0  0
45  0      0 59556884    292 1038796    0    0     0     0 12943 159238 11  5 84  0  0  0
52  0      0 59552476    292 1038796    0    0     0     0 13739 159855 11  5 84  0  0  0
47  0      0 59395516   1616 1106684    0    0 46101   312 25889 163280 15  7 77  1  0  0
63  0      0 59487172   1616 1110348    0    0  1240     0 22747 170840 15  5 80  0  0  0
48  0      0 59450076   1616 1123284    0    0 10508  5048 30770 194278 16  6 77  1  0  0
74  0      0 59446244   1616 1123804    0    0    16   948 18855 177867 12  6 82  0  0  0
40  0      0 59438200   1616 1123804    0    0     0     0 13512 159003 11  5 84  0  0  0
procs -----------memory---------- ---swap-- -----io---- -system-- -------cpu-------
 r  b   swpd   free   buff  cache   si   so    bi    bo   in   cs us sy id wa st gu
69  0      0 59433592   1616 1123804    0    0     0     0 13441 159253 11  5 84  0  0  0
56  0      0 59433760   1616 1123804    0    0     0     0 13662 159364 11  5 84  0  0  0
50  0      0 59426144   1616 1124040    0    0    36   408 14008 166097 11  6 84  0  0  0
31  0      0 59428296   1616 1124040    0    0     0     0 13826 164267 10  6 84  0  0  0
21  0      0 59425936   1616 1124040    0    0     0     0 13245 159640 11  5 84  0  0  0
 1  0      0 59427172   1616 1124040    0    0     0     0 13386 160213 11  5 84  0  0  0
63  0      0 59423104   1616 1124040    0    0     0     0 13486 159309 11  6 84  0  0  0
61  0      0 59421772   1616 1124872    0    0   496  5032 15034 165832 11  6 84  0  0  0
47  0      0 59413228   1624 1128952    0    0  1568  5708 14354 162080 11  6 84  0  0  0
45  0      0 59412992   1624 1128952    0    0     0     0 14238 166594 11  6 84  0  0  0
18  0      0 59401532   1624 1128952    0    0     0     0 13719 166494 10  6 84  0  0  0
71  0      0 59398576   1624 1128952    0    0     0     0 14041 166978 11  6 84  0  0  0
39  0      0 59397208   1624 1128952    0    0     0     4 13709 159598 11  5 84  0  0  0
16  0      0 59390640   1624 1128952    0    0     0     0 13205 158093 11  5 84  0  0  0
 1  0      0 59389452   1624 1128952    0    0     0     0 13345 158314 11  6 84  0  0  0
70  0      0 59388224   1624 1128952    0    0     0     0 13077 158399 11  5 84  0  0  0
78  0      0 59374600   1624 1128952    0    0     0     0 13274 158975 11  5 84  0  0  0
43  0      0 59356236   1624 1128952    0    0     0     0 13811 160240 11  6 84  0  0  0
61  0      0 59367128   1624 1128952    0    0     0     0 13494 161351 11  5 84  0  0  0
65  0      0 59365764   1624 1128952    0    0     0     0 13091 158922 11  6 84  0  0  0
60  0      0 59364204   1624 1128952    0    0     0     0 13302 159732 11  5 84  0  0  0
procs -----------memory---------- ---swap-- -----io---- -system-- -------cpu-------
 r  b   swpd   free   buff  cache   si   so    bi    bo   in   cs us sy id wa st gu
 1  0      0 59361084   1624 1128956    0    0     0     0 13242 158629 11  5 84  0  0  0
 1  0      0 59354976   1624 1128956    0    0     0     0 13841 160128 11  5 84  0  0  0
65  0      0 59353040   1624 1128956    0    0     0     0 14192 162278 11  6 84  0  0  0
74  0      0 59349156   1624 1128956    0    0     0     0 14118 160099 11  6 84  0  0  0
51  0      0 59345352   1624 1128956    0    0     0     0 13776 158053 11  6 84  0  0  0
23  0      0 59333852   1624 1128956    0    0     0    72 13379 158814 11  5 84  0  0  0
19  0      0 59331804   1624 1128956    0    0     0     0 13008 158928 11  5 84  0  0  0
18  0      0 59324308   1624 1128956    0    0     0     0 13821 159324 11  6 84  0  0  0
51  0      0 59320344   1624 1128956    0    0     0     0 13429 158802 11  6 84  0  0  0
 1  0      0 59319656   1624 1128956    0    0     0     0 14063 160109 11  5 84  0  0  0
86  0      0 59316616   1624 1128956    0    0     0     0 13644 159691 11  6 84  0  0  0
42  0      0 59307088   1624 1128956    0    0     0   136 14142 157010 11  6 84  0  0  0
79  0      0 59300724   1624 1128956    0    0     0     0 14060 160852 11  5 84  0  0  0
41  0      0 59298048   1624 1128956    0    0     0     0 13990 148460 11  5 84  0  0  0
59  0      0 59298104   1624 1128956    0    0     0     8 13134 133737 11  5 84  0  0  0
33  0      0 59289816   1624 1128956    0    0     0     0 14639 163180 11  6 84  0  0  0
26  0      0 59288288   1624 1128956    0    0     0     0 13299 159112 11  6 84  0  0  0
 1  0      0 59284464   1624 1128956    0    0     0   896 14138 159785 11  6 84  0  0  0
30  0      0 59276908   1624 1128956    0    0     0     0 13354 157952 11  5 84  0  0  0
27  0      0 59277772   1624 1128956    0    0     0     0 13609 158691 11  6 84  0  0  0
72  0      0 59279372   1624 1128956    0    0     0     0 14048 160682 11  6 84  0  0  0
procs -----------memory---------- ---swap-- -----io---- -system-- -------cpu-------
 r  b   swpd   free   buff  cache   si   so    bi    bo   in   cs us sy id wa st gu
68  0      0 59275804   1624 1128956    0    0     0     0 13494 158925 11  6 84  0  0  0
40  0      0 59267488   1624 1128956    0    0     0     8 13868 159509 11  6 84  0  0  0
 9  0      0 59269560   1624 1129104    0    0    80  2380 13761 159274 11  5 84  0  0  0
38  0      0 59268684   1624 1129104    0    0     0     0 13744 138720 11  5 84  0  0  0
25  0      0 59267872   1624 1129104    0    0     0   136 13488 159890 11  6 84  0  0  0
11  0      0 59262568   1624 1129104    0    0     0     0 13249 158709 11  5 84  0  0  0
91  0      0 59266208   1624 1129104    0    0     0     0 13882 160334 11  6 84  0  0  0
 1  0      0 59257028   1624 1129104    0    0     0     0 13824 160214 11  6 84  0  0  0
56  0      0 59253828   1624 1129104    0    0     0     0 13671 160285 11  6 84  0  0  0
 1  0      0 59265848   1624 1129104    0    0     0     0 13219 158253 11  6 84  0  0  0
51  0      0 59271260   1624 1129104    0    0     0     0 13440 159037 11  5 84  0  0  0
65  0      0 59267472   1624 1129104    0    0     0     0 14130 160550 11  6 84  0  0  0
68  0      0 59262292   1624 1129104    0    0     0     0 14200 160795 11  6 84  0  0  0
51  0      0 59265784   1624 1129104    0    0     0     0 13246 159594 11  5 84  0  0  0
23  0      0 59273504   1624 1129104    0    0     0     0 13970 160009 11  5 84  0  0  0
42  0      0 59271140   1624 1129104    0    0     0     0 13287 158312 11  5 84  0  0  0
13  0      0 59274996   1624 1129104    0    0     0     0 13950 159851 11  6 84  0  0  0
60  0      0 59270016   1624 1129104    0    0     0     0 13285 159503 11  5 84  0  0  0
39  0      0 59265692   1624 1129104    0    0     0     0 13611 160108 11  5 84  0  0  0
54  0      0 59274324   1624 1129104    0    0     0     0 14127 160036 11  5 84  0  0  0
69  0      0 59268200   1624 1129112    0    0     0   408 13936 159888 11  6 84  0  0  0
procs -----------memory---------- ---swap-- -----io---- -system-- -------cpu-------
 r  b   swpd   free   buff  cache   si   so    bi    bo   in   cs us sy id wa st gu
44  0      0 59262340   1624 1129116    0    0     0     0 13427 156745 11  6 84  0  0  0
62  0      0 59259440   1624 1129116    0    0     0     0 13818 155370 11  5 84  0  0  0
67  0      0 59250240   1624 1129116    0    0     0     0 13199 158380 11  6 84  0  0  0
49  0      0 59255132   1624 1129116    0    0     0     4 13467 158956 11  6 84  0  0  0
64  0      0 59248064   1624 1129116    0    0     0     0 13668 159500 11  5 84  0  0  0
40  0      0 59243460   1624 1129116    0    0     0     0 13774 159295 11  5 84  0  0  0
48  0      0 59260224   1624 1129116    0    0     0     0 13510 159210 11  5 84  0  0  0
42  0      0 59254748   1624 1129116    0    0     0     0 13716 159979 11  5 84  0  0  0
27  0      0 59250480   1624 1129116    0    0     0     0 13711 158887 11  6 84  0  0  0
51  0      0 59254972   1624 1129116    0    0     0     0 13691 162524 11  6 84  0  0  0
73  0      0 59248640   1624 1129116    0    0     0     0 13694 165677 10  6 84  0  0  0
14  0      0 59248048   1624 1129116    0    0     0   392 13131 158390 11  5 84  0  0  0
 1  0      0 59238300   1624 1129116    0    0     0     0 14694 163477 11  5 84  0  0  0
68  0      0 59234368   1624 1129116    0    0     0     0 13702 162444 11  5 84  0  0  0
82  0      0 59229392   1624 1129148    0    0    32  1292 13550 162751 11  5 84  0  0  0
67  0      0 59225236   1624 1129148    0    0     0     0 13453 158195 11  6 84  0  0  0
62  0      0 59230028   1624 1129148    0    0     0     0 13186 158982 11  5 84  0  0  0
44  0      0 59225044   1624 1129148    0    0     0     0 14038 158882 11  5 84  0  0  0
33  0      0 59225604   1624 1129148    0    0     0     0 13629 162389 11  6 84  0  0  0
79  0      0 59226380   1624 1129148    0    0     0     0 14900 168232 11  6 84  0  0  0
67  0      0 59226764   1624 1129148    0    0     0     0 13707 163968 11  6 84  0  0  0
procs -----------memory---------- ---swap-- -----io---- -system-- -------cpu-------
 r  b   swpd   free   buff  cache   si   so    bi    bo   in   cs us sy id wa st gu
20  0      0 59223972   1624 1129148    0    0     0     0 13569 160018 11  6 84  0  0  0
51  0      0 59225140   1624 1129148    0    0     0     0 13114 158248 11  5 84  0  0  0
 1  0      0 59220040   1624 1129148    0    0     0     0 12999 158773 11  6 84  0  0  0
58  0      0 59226976   1624 1129148    0    0     0     0 13400 158613 11  6 84  0  0  0
61  0      0 59219220   1624 1129148    0    0     0     0 13211 159005 11  6 84  0  0  0
81  0      0 59226072   1624 1129148    0    0     0     0 13243 158877 11  5 84  0  0  0
60  0      0 59221576   1624 1129148    0    0     0     0 13075 158547 11  6 84  0  0  0
53  0      0 59231016   1624 1129148    0    0     0     0 13931 162829 11  5 84  0  0  0
26  0      0 59237112   1624 1129148    0    0     0   136 14442 166707 11  6 84  0  0  0
36  0      0 59229416   1624 1129152    0    0     0     0 13254 158618 11  5 84  0  0  0
 1  0      0 59222104   1624 1129152    0    0     0     0 14081 160019 11  6 84  0  0  0
78  0      0 59229884   1624 1129152    0    0     0     0 12890 159155 11  5 84  0  0  0
89  0      0 59229132   1624 1129152    0    0     0     0 13406 158815 11  6 84  0  0  0
48  0      0 59223768   1624 1129152    0    0     0     0 12932 159634 11  5 84  0  0  0
50  0      0 59223776   1624 1129152    0    0     0     0 13023 157479 11  6 84  0  0  0
65  0      0 59219028   1624 1129152    0    0     0     0 14329 165785 11  5 84  0  0  0
51  0      0 59214196   1624 1129152    0    0     0     0 14574 165458 11  6 84  0  0  0
81  0      0 59217040   1624 1129152    0    0     0     0 13433 158372 11  6 84  0  0  0
32  0      0 59212624   1624 1129152    0    0     0     0 13254 159050 11  6 84  0  0  0
 1  0      0 59210504   1624 1129152    0    0     0     0 13432 159728 11  5 84  0  0  0
48  0      0 59212332   1624 1129152    0    0     0   256 13092 159025 11  6 84  0  0  0
procs -----------memory---------- ---swap-- -----io---- -system-- -------cpu-------
 r  b   swpd   free   buff  cache   si   so    bi    bo   in   cs us sy id wa st gu
39  0      0 59206512   1624 1129172    0    0    16     8 13402 160451 11  5 84  0  0  0
87  0      0 59206124   1624 1129172    0    0     0     0 13371 157325 11  5 84  0  0  0
34  0      0 59209484   1624 1129172    0    0     0     0 13200 158719 11  6 84  0  0  0
 8  0      0 59215004   1624 1129172    0    0     0   136 14001 161328 11  5 84  0  0  0
36  0      0 59202708   1624 1129172    0    0     0     0 13653 159839 11  5 84  0  0  0
 0  0      0 59197344   1624 1129428    0    0     4     0 7331 78179  6  3 91  0  0  0
 0  0      0 59401320   1624 1129300    0    0     0     0  927  601  0  0 100  0  0  0
 0  0      0 59413440   1624 1129300    0    0     0     0  729  374  0  0 100  0  0  0
 0  0      0 59433632   1624 1129300    0    0     0     0  545  252  0  0 100  0  0  0
 0  0      0 59445200   1624 1129300    0    0     0     0  655  328  0  0 100  0  0  0
 0  0      0 59456564   1624 1129300    0    0     0     0  624  241  0  0 100  0  0  0
 0  0      0 59474920   1624 1129300    0    0     0     0  709  294  0  0 100  0  0  0
 0  0      0 59493496   1624 1129300    0    0     0     0  742  228  0  0 100  0  0  0
 0  0      0 59503652   1624 1129300    0    0     0     0  483  214  0  0 100  0  0  0
 0  0      0 59512808   1624 1129300    0    0     0     0  569  372  0  0 100  0  0  0
 0  0      0 59530328   1624 1129300    0    0     0     0  648  323  0  0 100  0  0  0
 0  0      0 59537764   1624 1129300    0    0     0     0  573  222  0  0 100  0  0  0
 0  0      0 59576260   1624 1129300    0    0     0   412  874  548  0  0 100  0  0  0
 0  0      0 59592452   1624 1129304    0    0     0     0  832  233  0  0 100  0  0  0
 0  0      0 59615876   1624 1129320    0    0    16  1260 1056  812  0  0 100  0  0  0
 0  0      0 59635252   1624 1129320    0    0     0     0  711  235  0  0 100  0  0  0
procs -----------memory---------- ---swap-- -----io---- -system-- -------cpu-------
 r  b   swpd   free   buff  cache   si   so    bi    bo   in   cs us sy id wa st gu
 0  0      0 59645548   1624 1129320    0    0     0     0  531  220  0  0 100  0  0  0
 0  0      0 59655132   1624 1129320    0    0     0     0  542  222  0  0 100  0  0  0
 0  0      0 59670748   1624 1129320    0    0     0     0  643  286  0  0 100  0  0  0
 0  0      0 59676736   1624 1129320    0    0     0     0  741  319  0  0 100  0  0  0
 0  0      0 59684928   1624 1129320    0    0     0     0  505  215  0  0 100  0  0  0
 0  0      0 59689992   1624 1129320    0    0     0     0  453  216  0  0 100  0  0  0
 0  0      0 59694752   1624 1129320    0    0     0     0  824  306  0  0 100  0  0  0
 0  0      0 59697836   1624 1129320    0    0     0     0  601  264  0  0 100  0  0  0
 0  0      0 59700732   1624 1129320    0    0     0     0  440  307  0  0 100  0  0  0
 0  0      0 59704688   1624 1129320    0    0     0     0  587  214  0  0 100  0  0  0
 0  0      0 59710112   1624 1129320    0    0     0     4  746  256  0  0 100  0  0  0
 0  0      0 59713196   1624 1129320    0    0     0     0  678  264  0  0 100  0  0  0
 0  0      0 59717168   1624 1129320    0    0     0     0  503  222  0  0 100  0  0  0
 0  0      0 59720340   1624 1129320    0    0     0     0  584  304  0  0 100  0  0  0
 0  0      0 59727468   1624 1129320    0    0     0     0 1245  590  0  0 100  0  0  0
 3  0      0 59694012   1624 1129320    0    0     0     0 1085 1331  0  0 100  0  0  0
 4  0      0 59555960   1624 1129516    0    0     0     0 3869 5625  6  0 93  0  0  0
 1  0      0 59553444   1624 1129516    0    0     0     0  709  457  0  0 100  0  0  0
11  0      0 59556640   1624 1129616    0    0     0     0 13665 140652 13  5 82  0  0  0
20  0      0 59529852   1624 1129620    0    0     0     0 14087 158185 13  6 82  0  0  0
64  0      0 59548016   1624 1129620    0    0     0     4 12779 158103 11  5 83  0  0  0
procs -----------memory---------- ---swap-- -----io---- -system-- -------cpu-------
 r  b   swpd   free   buff  cache   si   so    bi    bo   in   cs us sy id wa st gu
53  0      0 59536732   1624 1129620    0    0     0     0 12896 156546 11  5 83  0  0  0
80  0      0 59513144   1624 1129624    0    0     0     0 14263 163512 10  6 84  0  0  0
 1  0      0 59529512   1624 1129624    0    0     0     0 13909 165313 11  5 84  0  0  0
20  0      0 59520420   1624 1129628    0    0     0     0 14579 167832 11  6 83  0  0  0
65  0      0 59510784   1624 1129628    0    0     0     0 13433 160307 11  5 84  0  0  0
39  0      0 59504964   1624 1129628    0    0     0   136 13160 158908 11  6 83  0  0  0
53  0      0 59499000   1624 1129632    0    0     0     0 13351 159736 11  6 84  0  0  0
73  0      0 59494320   1624 1129632    0    0     0     0 13550 157423 11  5 84  0  0  0
46  0      0 59491004   1624 1129632    0    0     0     0 13228 159024 11  6 84  0  0  0
80  0      0 59486896   1624 1129632    0    0     0     0 13828 161074 11  6 84  0  0  0
67  0      0 59480608   1624 1129632    0    0     0     0 14055 161670 11  5 84  0  0  0
55  0      0 59473728   1624 1129632    0    0     0     0 13876 160554 11  6 84  0  0  0
44  0      0 59468804   1624 1129632    0    0     0     0 13553 159114 11  6 83  0  0  0
80  0      0 59465064   1624 1129632    0    0     0     0 14087 161553 11  5 84  0  0  0
90  0      0 59460168   1624 1129632    0    0     0     0 13385 160472 11  5 84  0  0  0
70  0      0 59452128   1624 1129632    0    0     0     0 13231 157300 11  6 84  0  0  0
 4  0      0 59445644   1624 1129632    0    0     0     0 13173 160127 11  5 84  0  0  0
30  0      0 59440564   1624 1129632    0    0     0     0 13597 160310 11  5 84  0  0  0
54  0      0 59436092   1624 1129632    0    0     0     0 13633 160866 11  5 84  0  0  0
69  0      0 59429244   1624 1129632    0    0     0     0 13090 160695 11  6 84  0  0  0
49  0      0 59428656   1624 1129632    0    0     0  1428 14001 159751 11  6 83  0  0  0
procs -----------memory---------- ---swap-- -----io---- -system-- -------cpu-------
 r  b   swpd   free   buff  cache   si   so    bi    bo   in   cs us sy id wa st gu
59  0      0 59419956   1624 1129632    0    0     0     0 13300 158642 11  5 84  0  0  0
25  0      0 59415548   1624 1129632    0    0     0     0 13347 159779 11  5 84  0  0  0
50  0      0 59412536   1624 1129632    0    0     0   136 13845 160653 11  6 84  0  0  0
39  0      0 59407552   1624 1129632    0    0     0     0 13854 161165 11  5 84  0  0  0
43  0      0 59400864   1624 1129632    0    0     0     0 13633 160528 11  6 84  0  0  0
42  0      0 59396260   1624 1129632    0    0     0     0 13306 158398 11  5 84  0  0  0
 1  0      0 59397784   1624 1129632    0    0     0     0 13800 161330 11  5 84  0  0  0
 1  0      0 59387956   1624 1129632    0    0     0     0 14154 161888 11  6 83  0  0  0
 1  0      0 59374024   1624 1129632    0    0     0     0 13344 156404 11  6 84  0  0  0
46  0      0 59373300   1624 1129632    0    0     0     0 13732 161345 11  6 84  0  0  0
34  0      0 59370224   1624 1129632    0    0     0     0 12969 157829 11  5 84  0  0  0
38  0      0 59363508   1624 1129632    0    0     0     0 13088 156299 11  6 84  0  0  0
 0  0      0 59344672   1624 1129592    0    0     0     0 2569 13872  2  0 97  0  0  0
 0  0      0 59520788   1624 1131512    0    0  1896     0 1538 2362  0  0 100  0  0  0
 0  0      0 59528028   1624 1131556    0    0    16   408 1201 2622  0  0 99  0  0  0
