procs -----------memory---------- ---swap-- -----io---- -system-- -------cpu-------
 r  b   swpd   free   buff  cache   si   so    bi    bo   in   cs us sy id wa st gu
 1  0      0 59640824    288 953248    0    0 14860  3726 12417   17  9  2 89  0  0  0
 0  0      0 59630532    288 954036    0    0   304     0 3698 3612  0  0 99  0  0  0
 4  1      0 59470716    288 1001340    0    0 30904     0 5708 9648  3  1 97  0  0  0
 0  0      0 59314000    288 1030412    0    0 26600     0 5328 12603  5  1 94  0  0  0
 1  0      0 59322972    288 1031164    0    0   676     0  757  724  0  0 100  0  0  0
69  0      0 59145296    288 1033088    0    0  1504     0 13959 126829 12  5 83  0  0  0
64  0      0 59168528    288 1033092    0    0     0     0 14281 157755 13  5 82  0  0  0
28  0      0 59225876    288 1033092    0    0     0     0 13198 156111 11  5 84  0  0  0
64  0      0 59226556    288 1035280    0    0  1800     0 14094 158978 11  5 84  0  0  0
 2  1      0 59220832    288 1038512    0    0  3480     0 14193 156226 11  5 83  0  0  0
41  0      0 59219020    288 1038960    0    0    20     0 14903 154829 12  5 83  0  0  0
20  0      0 59209660    288 1038960    0    0     0     0 13285 150505 11  6 83  0  0  0
40  0      0 59209416    288 1038960    0    0     0     0 13782 159113 11  5 84  0  0  0
54  0      0 59195388    288 1038960    0    0     0     0 13966 158649 11  5 84  0  0  0
 1  0      0 59191672    288 1038960    0    0     0     0 13853 158444 11  5 84  0  0  0
48  2      0 59086436    296 1079580    0    0 32160   148 22075 161764 12  6 82  0  0  0
71  0      0 59066436   1616 1110672    0    0 15356   164 23634 158757 16  6 78  0  0  0
50  1      0 59054324   1616 1121416    0    0  9832  1876 24851 167026 16  5 78  1  0  0
66  1      0 59034204   1616 1126332    0    0  1172  7284 27105 190374 14  6 79  1  0  0
 1  0      0 59029728   1616 1126764    0    0     0     0 14387 157183 11  5 84  0  0  0
19  0      0 59038032   1616 1126836    0    0   128   136 13915 157967 11  5 84  0  0  0
procs -----------memory---------- ---swap-- -----io---- -system-- -------cpu-------
 r  b   swpd   free   buff  cache   si   so    bi    bo   in   cs us sy id wa st gu
61  0      0 59036816   1616 1126968    0    0     0     0 14198 159895 11  6 84  0  0  0
51  0      0 59037424   1616 1126968    0    0     0     0 13806 156216 11  5 84  0  0  0
70  0      0 59037332   1616 1126968    0    0     0     0 13918 156410 11  5 84  0  0  0
59  0      0 59035680   1616 1126968    0    0     0     0 13876 157377 11  5 84  0  0  0
69  0      0 59032888   1616 1126968    0    0     0     0 13537 155717 11  5 84  0  0  0
60  0      0 59026304   1616 1126968    0    0     0     0 13515 156523 11  5 84  0  0  0
72  0      0 59026672   1616 1126968    0    0     0     0 13924 156703 11  5 84  0  0  0
60  0      0 59018040   1624 1131480    0    0  1616  8080 14851 159729 11  5 84  0  0  0
 1  0      0 59024552   1624 1131480    0    0     0     0 13804 160976 10  5 84  0  0  0
20  0      0 59022404   1624 1131480    0    0     0     0 13843 158047 11  5 84  0  0  0
 1  0      0 59016852   1624 1131480    0    0     0     0 13990 156337 11  5 84  0  0  0
35  0      0 59011608   1624 1131480    0    0     0     0 13362 154745 11  5 84  0  0  0
57  0      0 59001920   1624 1131480    0    0     0     4 14033 156766 11  5 84  0  0  0
48  0      0 58999908   1624 1131480    0    0     0     0 13518 154781 11  5 84  0  0  0
11  0      0 58999528   1624 1131480    0    0     0     0 13949 156980 11  5 84  0  0  0
76  0      0 58991840   1624 1131480    0    0     0     0 14317 158978 11  5 84  0  0  0
31  0      0 58989652   1624 1131480    0    0     0     0 13569 156976 11  5 84  0  0  0
62  0      0 58985876   1624 1131480    0    0     0     0 13810 155098 11  5 84  0  0  0
76  0      0 58983492   1624 1131480    0    0     0     0 14177 158536 11  5 84  0  0  0
 2  0      0 58978064   1624 1131480    0    0     0     0 13666 156767 11  5 84  0  0  0
66  0      0 58972972   1624 1131480    0    0     0     0 14126 156444 11  5 84  0  0  0
procs -----------memory---------- ---swap-- -----io---- -system-- -------cpu-------
 r  b   swpd   free   buff  cache   si   so    bi    bo   in   cs us sy id wa st gu
30  0      0 58974800   1624 1131484    0    0     0     0 14380 159737 10  5 84  0  0  0
 2  0      0 58972648   1624 1131484    0    0     0   136 14627 158853 11  5 84  0  0  0
55  0      0 58968372   1624 1131484    0    0     0     0 13698 155738 11  5 84  0  0  0
36  0      0 58967856   1624 1131484    0    0     0     0 13374 154703 10  5 84  0  0  0
73  0      0 58972648   1624 1131500    0    0    16    72 14077 157015 11  5 84  0  0  0
10  0      0 58972644   1624 1131500    0    0     0     0 13869 155618 11  5 84  0  0  0
20  0      0 58976356   1624 1131500    0    0     0     0 13847 156978 11  6 84  0  0  0
21  0      0 58971916   1624 1131500    0    0     0     0 13618 156484 11  5 84  0  0  0
41  0      0 58981240   1624 1131520    0    0    16   408 14323 157976 11  5 84  0  0  0
 1  0      0 58980328   1624 1131520    0    0     0     4 14448 158375 11  5 84  0  0  0
63  0      0 58982876   1624 1131520    0    0     0     0 13807 156989 11  5 84  0  0  0
 1  0      0 58980220   1624 1131520    0    0     0     0 14538 156782 11  6 84  0  0  0
54  0      0 58973824   1624 1131520    0    0     0     0 13545 156359 11  5 84  0  0  0
 8  0      0 58964184   1624 1131520    0    0     0     0 14186 158630 11  5 84  0  0  0
68  0      0 58962960   1624 1131520    0    0     0     0 13555 155807 11  5 84  0  0  0
 8  0      0 58955468   1624 1131520    0    0     0     0 13890 158019 11  5 84  0  0  0
32  0      0 58949888   1624 1131520    0    0     0     0 14184 157726 11  5 84  0  0  0
65  0      0 58957180   1624 1131520    0    0     0   896 13924 157097 11  5 84  0  0  0
 2  0      0 58961868   1624 1132304    0    0   872   652 14303 153609 11  6 84  0  0  0
31  0      0 58953616   1624 1132980    0    0   140     0 14685 160238 11  6 84  0  0  0
 1  0      0 58938780   1624 1133208    0    0   128    72 14480 158288 11  5 84  0  0  0
procs -----------memory---------- ---swap-- -----io---- -system-- -------cpu-------
 r  b   swpd   free   buff  cache   si   so    bi    bo   in   cs us sy id wa st gu
45  0      0 58933648   1624 1133248    0    0    32   144 13856 156459 11  5 84  0  0  0
 1  0      0 58928736   1624 1134432    0    0   944  5076 14723 158630 11  5 84  0  0  0
38  0      0 58926328   1624 1134372    0    0     0     0 13633 157041 11  5 84  0  0  0
 1  0      0 58924096   1624 1134372    0    0     0     0 13907 156051 11  5 84  0  0  0
65  0      0 58924272   1624 1134372    0    0     0     0 13844 157173 11  5 84  0  0  0
 1  0      0 58921596   1624 1134372    0    0     0     0 14479 157959 11  5 84  0  0  0
45  0      0 58916176   1624 1134372    0    0     0     0 15035 158716 11  5 84  0  0  0
 3  0      0 58911912   1624 1134364    0    0     0     0 14083 157583 11  5 84  0  0  0
55  0      0 58911416   1624 1134364    0    0     0     0 13548 156477 11  5 84  0  0  0
 7  0      0 58904596   1624 1134364    0    0     0     0 14102 157507 11  5 84  0  0  0
37  0      0 58900640   1624 1134364    0    0     0     0 13998 156719 11  5 84  0  0  0
22  0      0 58898136   1624 1134364    0    0     0     0 14300 157513 11  6 84  0  0  0
90  0      0 58892268   1624 1134364    0    0     0     0 13466 155406 11  5 84  0  0  0
17  0      0 58899696   1624 1134360    0    0     0     0 13159 154333 11  5 84  0  0  0
46  0      0 58900760   1624 1134360    0    0     0     0 13868 157046 11  5 84  0  0  0
 1  0      0 58891288   1624 1134360    0    0     0     0 14036 155540 10  5 84  0  0  0
20  0      0 58888656   1624 1134360    0    0     0     0 13547 158000 11  5 84  0  0  0
44  0      0 58901340   1624 1134360    0    0     0   136 14984 157727 11  5 84  0  0  0
26  0      0 58893568   1624 1134364    0    0     0     0 14107 157135 11  5 84  0  0  0
39  0      0 58887576   1624 1134364    0    0     0     0 13922 157464 11  5 84  0  0  0
63  0      0 58887580   1624 1134364    0    0     0     0 13654 155790 11  5 84  0  0  0
procs -----------memory---------- ---swap-- -----io---- -system-- -------cpu-------
 r  b   swpd   free   buff  cache   si   so    bi    bo   in   cs us sy id wa st gu
49  0      0 58883140   1624 1134368    0    0     0     0 13522 155958 11  5 84  0  0  0
34  0      0 58891260   1624 1134368    0    0     0     0 14358 156783 11  5 84  0  0  0
 1  0      0 58894300   1624 1134368    0    0     0     0 14001 156514 10  6 84  0  0  0
71  0      0 58910028   1624 1134368    0    0     0     0 13419 155391 11  5 84  0  0  0
 1  0      0 58898716   1624 1134368    0    0     0     0 13652 157415 11  5 84  0  0  0
68  0      0 58898436   1624 1134368    0    0     0     0 14292 156930 10  5 84  0  0  0
 1  0      0 58899424   1624 1134368    0    0     0     0 14055 157935 11  5 84  0  0  0
45  0      0 58900844   1624 1134392    0    0    28   256 14199 157117 11  5 84  0  0  0
35  0      0 58902616   1624 1134392    0    0     0     0 13605 157469 11  5 84  0  0  0
46  0      0 58905228   1624 1134392    0    0     0   116 13431 157609 11  5 84  0  0  0
42  0      0 58904732   1624 1134392    0    0     0     4 14142 156834 11  5 84  0  0  0
62  0      0 58900784   1624 1134392    0    0     0     8 14180 157505 11  5 84  0  0  0
60  0      0 58898700   1624 1134392    0    0     0     0 14033 157469 11  5 84  0  0  0
 1  0      0 58902312   1624 1134396    0    0     0     0 13464 155694 11  5 84  0  0  0
74  0      0 58899096   1624 1134396    0    0     0     0 14190 157813 11  5 84  0  0  0
34  0      0 58894684   1624 1134396    0    0     0     0 14284 157464 11  6 84  0  0  0
49  0      0 58892756   1624 1134396    0    0     0     0 14175 157731 11  5 84  0  0  0
77  0      0 58896588   1624 1134396    0    0     0     0 14342 158954 11  5 84  0  0  0
18  0      0 58897624   1624 1134396    0    0     0     0 13562 153266 11  5 84  0  0  0
68  0      0 58889948   1624 1134396    0    0     0     0 14123 156905 11  6 84  0  0  0
 1  0      0 58885000   1624 1134396    0    0     0     0 13732 155827 11  5 84  0  0  0
procs -----------memory---------- ---swap-- -----io---- -system-- -------cpu-------
 r  b   swpd   free   buff  cache   si   so    bi    bo   in   cs us sy id wa st gu
89  0      0 58886864   1624 1134396    0    0     0   136 14521 157441 11  5 84  0  0  0
 1  0      0 58891672   1624 1134396    0    0    36     0 13708 156358 11  6 84  0  0  0
44  0      0 58887780   1624 1134424    0    0     0     0 14506 160265 11  5 84  0  0  0
 1  0      0 58892784   1624 1134424    0    0     0     0 14110 157838 11  5 84  0  0  0
40  0      0 58882660   1624 1134424    0    0     0     0 14057 156653 11  5 84  0  0  0
41  0      0 58886092   1624 1134424    0    0     0   408 14061 157129 11  5 84  0  0  0
25  0      0 58891024   1624 1134432    0    0     0     0 14049 157262 11  5 84  0  0  0
46  0      0 58894308   1624 1134528    0    0    96  2252 14597 161148 11  5 84  0  0  0
35  0      0 58893608   1624 1134528    0    0     0     8 14101 157249 11  5 84  0  0  0
 1  0      0 58899368   1624 1134528    0    0     0     0 13416 157028 11  5 84  0  0  0
 1  0      0 58888380   1624 1134528    0    0     0     0 14208 158684 11  6 84  0  0  0
72  0      0 58892656   1624 1134528    0    0     0     0 13781 158805 11  5 84  0  0  0
13  0      0 58892824   1624 1134528    0    0     0     0 13719 155560 11  5 84  0  0  0
50  0      0 58880996   1624 1134528    0    0     0     0 13649 156930 11  5 84  0  0  0
58  0      0 58877656   1624 1134528    0    0     0     0 13207 152739 11  5 84  0  0  0
 1  0      0 58869508   1624 1134528    0    0     0     0 13494 155820 11  5 84  0  0  0
57  0      0 58875044   1624 1134528    0    0     0     0 13820 157062 11  6 84  0  0  0
11  0      0 58867772   1624 1134528    0    0     0     0 14083 158364 11  5 84  0  0  0
50  0      0 58862472   1624 1134528    0    0     0     0 14332 157438 11  5 84  0  0  0
72  0      0 58860232   1624 1134528    0    0     0   256 14999 158826 11  5 84  0  0  0
58  0      0 58853584   1624 1134528    0    0     0     0 14273 160917 11  5 84  0  0  0
procs -----------memory---------- ---swap-- -----io---- -system-- -------cpu-------
 r  b   swpd   free   buff  cache   si   so    bi    bo   in   cs us sy id wa st gu
 9  0      0 58849332   1624 1134532    0    0     0     8 13667 156067 11  5 84  0  0  0
29  0      0 58847652   1624 1134532    0    0     0     0 13782 156125 11  5 84  0  0  0
33  0      0 58846784   1624 1134532    0    0     0     0 13603 156433 11  5 84  0  0  0
72  0      0 58849476   1624 1134532    0    0     0     0 14593 157762 11  5 84  0  0  0
24  0      0 58844996   1624 1134532    0    0     0     0 14695 155588 10  5 84  0  0  0
 0  0      0 58837312   1624 1134856    0    0     4     0 2352 11881  2  0 98  0  0  0
 0  0      0 59041512   1624 1134568    0    0     0     0  929  828  0  0 100  0  0  0
 0  0      0 59061488   1624 1134568    0    0     0     0  773  366  0  0 100  0  0  0
 0  0      0 59081716   1624 1134568    0    0     0     0  625  261  0  0 100  0  0  0
 0  0      0 59101660   1624 1134568    0    0     0     0  569  272  0  0 100  0  0  0
 0  0      0 59122356   1624 1134568    0    0     0     0  500  260  0  0 100  0  0  0
 0  0      0 59141868   1624 1134568    0    0     0     0  734  432  0  0 100  0  0  0
 0  0      0 59159140   1624 1134568    0    0     0     0  504  238  0  0 100  0  0  0
 0  0      0 59175912   1624 1134568    0    0     0     0  524  264  0  0 100  0  0  0
 0  0      0 59191492   1624 1134572    0    0     0   136  703  452  0  0 100  0  0  0
 0  0      0 59204632   1624 1134572    0    0     0     0 1195  340  0  0 100  0  0  0
 0  0      0 59219716   1624 1134572    0    0     0     0  618  352  0  0 100  0  0  0
 0  0      0 59238756   1624 1134572    0    0     0     4  583  280  0  0 100  0  0  0
 0  0      0 59264952   1624 1134572    0    0    16  1580  847  771  0  0 100  0  0  0
 0  0      0 59273864   1624 1134588    0    0     0     0 1006  336  0  0 100  0  0  0
 0  0      0 59287448   1624 1134588    0    0     0     0  488  255  0  0 100  0  0  0
procs -----------memory---------- ---swap-- -----io---- -system-- -------cpu-------
 r  b   swpd   free   buff  cache   si   so    bi    bo   in   cs us sy id wa st gu
 0  0      0 59294556   1624 1134588    0    0     0     0  598  388  0  0 100  0  0  0
 0  0      0 59305788   1624 1134588    0    0     0     0  490  236  0  0 100  0  0  0
 0  0      0 59318668   1624 1134588    0    0     0     0  795  312  0  0 100  0  0  0
 0  0      0 59326416   1624 1134588    0    0     0     0  573  244  0  0 100  0  0  0
 0  0      0 59334112   1624 1134588    0    0     0     0  573  224  0  0 100  0  0  0
 0  0      0 59339496   1624 1134588    0    0     0     0  757  389  0  0 100  0  0  0
 0  0      0 59343900   1624 1134588    0    0     0     0  968  310  0  0 100  0  0  0
 0  0      0 59349244   1624 1134588    0    0     0     0  627  230  0  0 100  0  0  0
 0  0      0 59351340   1624 1134588    0    0     0     0  598  217  0  0 100  0  0  0
 0  0      0 59354224   1624 1134588    0    0     0     0  435  247  0  0 100  0  0  0
 0  0      0 59358308   1624 1134588    0    0     0     4 1001  434  0  0 100  0  0  0
 0  0      0 59361612   1624 1134588    0    0     0     0  623  226  0  0 100  0  0  0
 0  0      0 59363596   1624 1134588    0    0     0     0  479  241  0  0 100  0  0  0
 0  0      0 59364012   1624 1134588    0    0     0     0  609  230  0  0 100  0  0  0
 0  0      0 59373020   1624 1134588    0    0     0     0 1318  641  0  0 100  0  0  0
 3  0      0 59313084   1624 1134840    0    0   312     4 2501 3818  3  0 96  0  0  0
 0  0      0 59203464   1624 1135004    0    0     0     0 2422 3574  4  0 96  0  0  0
77  0      0 59152916   1624 1135104    0    0     0     0 5003 41239  5  2 94  0  0  0
51  0      0 59100672   1624 1135108    0    0     0     0 15669 153772 14  6 81  0  0  0
57  0      0 59102372   1624 1135108    0    0     0     0 13187 151832 12  6 82  0  0  0
24  0      0 59098296   1624 1135108    0    0     0   136 14056 156303 11  6 83  0  0  0
procs -----------memory---------- ---swap-- -----io---- -system-- -------cpu-------
 r  b   swpd   free   buff  cache   si   so    bi    bo   in   cs us sy id wa st gu
56  0      0 59140000   1624 1135108    0    0     0     0 14367 162498 11  6 84  0  0  0
27  0      0 59167228   1624 1135112    0    0     0     0 14150 163009 11  6 84  0  0  0
 5  0      0 59152792   1624 1135116    0    0     0   408 13863 157149 11  5 84  0  0  0
15  0      0 59148768   1624 1135120    0    0     0     0 13514 156416 11  5 84  0  0  0
77  0      0 59141860   1624 1135120    0    0     0     0 13937 157063 11  5 84  0  0  0
50  0      0 59137748   1624 1135120    0    0     0     0 13534 156214 11  5 84  0  0  0
51  0      0 59135128   1624 1135120    0    0     0     0 13193 156935 11  6 84  0  0  0
 1  0      0 59124272   1624 1135120    0    0     0     0 13916 157410 11  5 84  0  0  0
51  0      0 59123440   1624 1135120    0    0     0     0 14135 158544 11  5 84  0  0  0
18  0      0 59118784   1624 1135120    0    0     0     0 14334 158616 11  5 84  0  0  0
52  0      0 59111264   1624 1135120    0    0     0     0 13627 157121 11  5 84  0  0  0
49  0      0 59106120   1624 1135120    0    0     0     0 14085 158293 11  5 84  0  0  0
37  0      0 59098408   1624 1135120    0    0     0     0 13732 158432 11  5 84  0  0  0
41  0      0 59091672   1624 1135120    0    0     0     0 13321 156591 11  5 84  0  0  0
60  0      0 59086228   1624 1135120    0    0     0     0 13772 157609 11  6 84  0  0  0
42  0      0 59084016   1624 1135120    0    0     0     0 13703 157899 11  5 84  0  0  0
63  0      0 59080176   1624 1135120    0    0     0     0 13967 158005 11  5 84  0  0  0
22  0      0 59069948   1624 1135120    0    0     0     0 13646 157983 11  5 84  0  0  0
67  0      0 59068408   1624 1135120    0    0     0     0 14461 159327 11  5 84  0  0  0
54  0      0 59061272   1624 1135120    0    0     0     0 13565 157515 11  5 84  0  0  0
34  0      0 59053492   1624 1135152    0    0    32  2260 14786 159571 11  6 84  0  0  0
procs -----------memory---------- ---swap-- -----io---- -system-- -------cpu-------
 r  b   swpd   free   buff  cache   si   so    bi    bo   in   cs us sy id wa st gu
47  0      0 59048064   1624 1135152    0    0     0     0 14175 158424 11  5 84  0  0  0
70  0      0 59047436   1624 1135152    0    0     0     0 13953 157740 11  5 84  0  0  0
44  0      0 59043240   1624 1135152    0    0     0     0 14331 158944 11  6 84  0  0  0
54  0      0 59033736   1624 1135152    0    0     0     0 13858 157863 11  5 84  0  0  0
36  0      0 59028412   1624 1135152    0    0     0     0 13903 157762 11  6 84  0  0  0
44  0      0 59023064   1624 1135152    0    0     0     0 13594 157222 11  5 84  0  0  0
56  0      0 59024092   1624 1135152    0    0     0     0 13744 158829 11  5 84  0  0  0
 1  0      0 59013052   1624 1135152    0    0     0     0 13581 157244 11  5 84  0  0  0
35  0      0 59005660   1624 1135152    0    0     0     0 13796 157235 11  5 84  0  0  0
35  0      0 59002792   1624 1135152    0    0     0     0 13713 158342 11  6 84  0  0  0
20  0      0 59001080   1624 1135152    0    0     0     0 13498 158689 11  5 84  0  0  0
 0  0      0 58979964   1624 1135180    0    0     0     0 10660 112012  8  4 88  0  0  0
 0  0      0 59155844   1624 1135016    0    0     0   136 1235  846  0  0 100  0  0  0
 0  0      0 59158084   1624 1137056    0    0  1880     0 1107 1646  0  0 100  0  0  0
 1  0      0 59169520   1624 1137096    0    0    16     0 1311 4264  1  0 99  0  0  0
