procs -----------memory---------- ---swap-- -----io---- -system-- -------cpu-------
 r  b   swpd   free   buff  cache   si   so    bi    bo   in   cs us sy id wa st gu
 0  1      0 59913480    288 957720    0    0 14378  3634 12366   18  9  2 89  0  0  0
 0  0      0 59907324    288 958448    0    0   344     0 4305 3474  0  0 100  0  0  0
 3  1      0 59745740    292 1006112    0    0 32192   136 5815 10061  3  1 96  0  0  0
 2  0      0 59626280    292 1037196    0    0 26980  2232 4965 16324  3  1 96  0  0  0
 0  0      0 59586388    292 1040076    0    0  2952     0 2074 3270  2  0 98  0  0  0
39  0      0 59422444    292 1042752    0    0  2140     0 6956 55384  6  2 92  0  0  0
35  0      0 59415168    292 1042756    0    0     0     0 14161 150800 13  6 81  0  0  0
56  0      0 59431192    292 1042756    0    0     0     0 13152 157884 11  6 83  0  0  0
42  0      0 59453260    292 1044972    0    0  1800    72 14105 160896 11  6 84  0  0  0
60  0      0 59455172    292 1044968    0    0     0     0 13317 159464 11  5 84  0  0  0
74  0      0 59455120    292 1048624    0    0  3472     0 15282 155590 12  5 83  0  0  0
50  0      0 59453924    292 1048624    0    0     0     0 13941 157765 11  6 83  0  0  0
50  0      0 59454056    292 1048624    0    0     0     0 13774 161394 11  6 84  0  0  0
48  0      0 59453388    292 1048624    0    0     0     0 14313 160506 11  6 84  0  0  0
 1  0      0 59445620    292 1048560    0    0     0     0 13500 160115 11  6 84  0  0  0
74  0      0 59445164    292 1048560    0    0     0     0 13332 155363 11  5 84  0  0  0
56  0      0 59319824   1616 1117728    0    0 46857   312 28325 162377 15  7 77  1  0  0
 3  0      0 59342268   1616 1120300    0    0   488   316 22386 172805 15  5 79  0  0  0
63  0      0 59319632   1616 1135464    0    0 10568  5056 29875 193000 17  6 76  1  0  0
72  0      0 59313932   1616 1135820    0    0     0   632 18344 176704 12  6 82  0  0  0
55  0      0 59318380   1616 1135924    0    0    36   136 13657 159098 11  6 84  0  0  0
procs -----------memory---------- ---swap-- -----io---- -system-- -------cpu-------
 r  b   swpd   free   buff  cache   si   so    bi    bo   in   cs us sy id wa st gu
43  0      0 59317124   1616 1135924    0    0     0     0 13195 159952 11  5 84  0  0  0
65  0      0 59310384   1616 1135924    0    0     0     0 13160 158776 11  6 84  0  0  0
13  0      0 59307300   1616 1135924    0    0     0     0 13747 158995 11  6 84  0  0  0
52  0      0 59306408   1616 1135924    0    0     0     0 14191 161560 11  5 84  0  0  0
45  0      0 59304152   1616 1135924    0    0     0     0 13182 159561 11  6 84  0  0  0
61  0      0 59303264   1616 1135924    0    0     0     0 13348 157698 11  5 84  0  0  0
58  0      0 59311376   1616 1135924    0    0     0  2208 15142 168870 11  5 84  0  0  0
52  0      0 59305072   1624 1139052    0    0  1072  6172 15853 169567 11  6 84  0  0  0
27  0      0 59306472   1624 1139172    0    0     0     0 13812 162417 11  5 84  0  0  0
22  0      0 59299468   1624 1139172    0    0     0     0 13445 157830 11  5 84  0  0  0
 2  0      0 59302688   1624 1139172    0    0     0     0 13329 161706 11  6 84  0  0  0
59  0      0 59298856   1624 1139172    0    0     0     0 13524 158553 11  6 84  0  0  0
49  0      0 59301476   1624 1139188    0    0    16     4 13556 159001 11  5 84  0  0  0
54  0      0 59294740   1624 1139188    0    0     0     0 14540 167253 10  5 84  0  0  0
59  0      0 59287716   1624 1139188    0    0     0     0 13193 157730 11  5 84  0  0  0
73  0      0 59281264   1624 1139188    0    0     0     0 13904 159715 11  6 84  0  0  0
69  0      0 59277312   1624 1139188    0    0     0     0 13831 160031 11  5 84  0  0  0
54  0      0 59275180   1624 1139188    0    0     0     0 13330 158481 11  5 84  0  0  0
34  0      0 59268560   1624 1139188    0    0     0     0 13860 159718 11  5 84  0  0  0
 1  0      0 59264464   1624 1139188    0    0     0     0 14518 164448 11  6 84  0  0  0
63  0      0 59263808   1624 1139188    0    0     0     0 13246 158776 11  5 84  0  0  0
procs -----------memory---------- ---swap-- -----io---- -system-- -------cpu-------
 r  b   swpd   free   buff  cache   si   so    bi    bo   in   cs us sy id wa st gu
34  0      0 59251368   1624 1139192    0    0     0     0 13651 161483 11  5 84  0  0  0
39  0      0 59241680   1624 1139192    0    0     0     0 13182 159130 11  6 84  0  0  0
49  0      0 59236676   1624 1139192    0    0     0     0 13385 161220 11  6 84  0  0  0
84  0      0 59231680   1624 1139192    0    0     0     0 13025 158173 11  6 84  0  0  0
58  0      0 59233644   1624 1139192    0    0    16    72 13691 157888 11  6 84  0  0  0
32  0      0 59238256   1624 1139208    0    0     0     0 13953 159939 11  5 84  0  0  0
85  0      0 59235056   1624 1139208    0    0     0     0 13155 158240 11  5 84  0  0  0
71  0      0 59237120   1624 1139208    0    0     0     0 13864 157819 10  6 84  0  0  0
23  0      0 59235804   1624 1139248    0    0     0   408 13522 158537 11  6 84  0  0  0
 1  0      0 59235404   1624 1139248    0    0     0     0 13313 158735 11  6 84  0  0  0
55  0      0 59242832   1624 1139248    0    0     0     0 13249 158229 11  5 84  0  0  0
55  0      0 59246592   1624 1139248    0    0     0     4 13654 159170 11  6 84  0  0  0
 1  0      0 59241824   1624 1139248    0    0     0     0 13138 158739 11  6 84  0  0  0
38  0      0 59236864   1624 1139248    0    0     0     0 13075 158256 11  5 84  0  0  0
 1  0      0 59229464   1624 1139248    0    0     0     0 13392 157865 11  6 84  0  0  0
85  0      0 59233892   1624 1139248    0    0     0     0 14440 159976 11  6 84  0  0  0
70  0      0 59227144   1624 1139328    0    0   416  3628 14377 159431 11  6 84  0  0  0
 8  0      0 59222036   1624 1139664    0    0     0     0 13041 158273 11  6 84  0  0  0
 1  0      0 59221552   1624 1139664    0    0     0     0 13594 159322 10  6 84  0  0  0
41  0      0 59217848   1624 1139664    0    0     0     0 13238 156687 10  6 84  0  0  0
36  0      0 59212064   1624 1139664    0    0     0     0 13333 159154 11  5 84  0  0  0
procs -----------memory---------- ---swap-- -----io---- -system-- -------cpu-------
 r  b   swpd   free   buff  cache   si   so    bi    bo   in   cs us sy id wa st gu
30  0      0 59207328   1624 1139664    0    0     0     0 13067 158153 11  5 84  0  0  0
58  0      0 59205676   1624 1139664    0    0     0   144 13422 158188 11  5 84  0  0  0
52  0      0 59204456   1624 1139668    0    0     0     0 14125 160443 11  6 84  0  0  0
70  0      0 59206532   1624 1139672    0    0    28     0 13812 158207 11  6 84  0  0  0
21  0      0 59214656   1624 1139696    0    0     0     0 13859 158994 11  6 84  0  0  0
61  0      0 59211432   1624 1139696    0    0     0     0 13805 157823 11  6 84  0  0  0
54  0      0 59205880   1624 1139696    0    0     0     0 13322 159351 11  6 84  0  0  0
35  0      0 59201528   1624 1139696    0    0     0     0 13493 159341 11  6 84  0  0  0
35  0      0 59195104   1624 1139696    0    0     0     0 13671 159205 11  6 84  0  0  0
 2  0      0 59193664   1624 1139696    0    0     0     0 13279 159285 11  6 84  0  0  0
53  0      0 59205388   1624 1139696    0    0     0     0 13942 156392 10  6 84  0  0  0
 8  0      0 59208020   1624 1139696    0    0     0     0 14118 163413 11  6 84  0  0  0
12  0      0 59201576   1624 1139696    0    0     0     0 14129 160303 11  6 84  0  0  0
32  0      0 59195400   1624 1139696    0    0     0     0 13874 160003 11  5 84  0  0  0
55  0      0 59191484   1624 1139696    0    0     0     0 13101 158524 11  6 84  0  0  0
 1  0      0 59185608   1624 1139696    0    0     0     0 13776 159030 11  6 84  0  0  0
85  0      0 59195268   1624 1139696    0    0     0     0 13726 160031 11  5 84  0  0  0
54  0      0 59197484   1624 1139696    0    0     0   136 13532 159289 11  5 84  0  0  0
49  0      0 59196064   1624 1139696    0    0     0     0 13608 159938 11  5 84  0  0  0
40  0      0 59193484   1624 1139696    0    0     0     0 13051 158669 11  5 84  0  0  0
93  0      0 59197364   1624 1139696    0    0     0     0 13306 156613 11  6 84  0  0  0
procs -----------memory---------- ---swap-- -----io---- -system-- -------cpu-------
 r  b   swpd   free   buff  cache   si   so    bi    bo   in   cs us sy id wa st gu
62  0      0 59190876   1624 1139700    0    0     0     0 13377 157784 11  6 84  0  0  0
46  0      0 59183072   1624 1139636    0    0     0     0 13144 158964 11  6 84  0  0  0
49  0      0 59178780   1624 1139636    0    0     0     0 13348 159651 11  6 84  0  0  0
 1  0      0 59186304   1624 1139636    0    0     0     0 14552 162426 10  6 84  0  0  0
47  0      0 59182884   1624 1139636    0    0     0     0 13468 157716 11  6 84  0  0  0
51  0      0 59183000   1624 1139636    0    0     0     0 13697 158693 11  5 84  0  0  0
21  0      0 59184176   1624 1139636    0    0     0     0 13813 159327 10  6 84  0  0  0
56  0      0 59189200   1624 1139636    0    0     0     0 13391 159402 11  5 84  0  0  0
29  0      0 59186096   1624 1139636    0    0     0     0 13219 155091 11  5 84  0  0  0
57  0      0 59180880   1624 1139636    0    0     0     0 13306 154379 11  6 84  0  0  0
78  0      0 59182680   1624 1139636    0    0     0     8 14490 167348 10  6 84  0  0  0
 2  0      0 59173884   1624 1139636    0    0     0   488 13672 159834 11  5 84  0  0  0
 1  0      0 59186044   1624 1139732    0    0    96  1324 13912 160413 11  6 84  0  0  0
55  0      0 59180324   1624 1139732    0    0     0     0 13357 156546 11  6 84  0  0  0
59  0      0 59175208   1624 1139732    0    0     0     0 13113 157844 11  5 84  0  0  0
10  0      0 59171508   1624 1139732    0    0     0     0 13643 158488 11  6 84  0  0  0
59  0      0 59182116   1624 1139732    0    0     0     0 13944 162510 11  5 84  0  0  0
54  0      0 59179228   1624 1139732    0    0     0     0 13759 158862 11  5 84  0  0  0
67  0      0 59175884   1624 1139732    0    0     0     0 13355 158387 11  5 84  0  0  0
34  0      0 59176624   1624 1139732    0    0     0     0 13533 161333 11  5 84  0  0  0
43  0      0 59173784   1624 1139732    0    0     0     0 13231 157880 11  5 84  0  0  0
procs -----------memory---------- ---swap-- -----io---- -system-- -------cpu-------
 r  b   swpd   free   buff  cache   si   so    bi    bo   in   cs us sy id wa st gu
60  0      0 59170484   1624 1139732    0    0     0     0 13671 158703 11  6 84  0  0  0
43  0      0 59174480   1624 1139732    0    0     0     0 13643 158313 11  6 84  0  0  0
 1  0      0 59163324   1624 1139732    0    0     0     0 13403 158706 11  5 84  0  0  0
34  0      0 59165484   1624 1139732    0    0     0     0 13586 159854 11  6 84  0  0  0
67  0      0 59166228   1624 1139732    0    0     0     0 13654 160914 11  6 84  0  0  0
31  0      0 59164920   1624 1139732    0    0     0   408 13922 162653 10  6 84  0  0  0
14  0      0 59165608   1624 1139736    0    0     0     0 13127 159272 11  6 84  0  0  0
34  0      0 59161940   1624 1139736    0    0     0     0 13402 158196 11  5 84  0  0  0
50  0      0 59176304   1624 1139736    0    0     0     0 13175 159085 11  5 84  0  0  0
34  0      0 59176552   1624 1139736    0    0     0     0 13244 157392 11  6 84  0  0  0
 6  0      0 59181988   1624 1139736    0    0     0     0 13286 158436 11  6 84  0  0  0
77  0      0 59185768   1624 1139736    0    0     0     0 13670 161090 11  6 84  0  0  0
85  0      0 59181012   1624 1139736    0    0     0     0 13667 159226 11  6 84  0  0  0
37  0      0 59175664   1624 1139736    0    0     0     0 13992 163237 11  6 84  0  0  0
41  0      0 59179904   1624 1139736    0    0     0     0 13360 158891 11  5 84  0  0  0
29  0      0 59177924   1624 1139736    0    0     0     0 13771 159136 11  6 84  0  0  0
62  0      0 59175320   1624 1139736    0    0     0     0 14308 160094 11  6 84  0  0  0
 1  0      0 59177352   1624 1139736    0    0     0     0 13611 159963 11  5 84  0  0  0
72  0      0 59184044   1624 1139736    0    0     0     0 13085 158741 11  6 84  0  0  0
50  0      0 59177976   1624 1139736    0    0     0     0 13895 158130 11  6 84  0  0  0
55  0      0 59171120   1624 1139736    0    0     0   392 13056 158715 10  6 84  0  0  0
procs -----------memory---------- ---swap-- -----io---- -system-- -------cpu-------
 r  b   swpd   free   buff  cache   si   so    bi    bo   in   cs us sy id wa st gu
54  0      0 59174228   1624 1139756    0    0    16   144 13566 159800 11  6 84  0  0  0
 6  0      0 59173856   1624 1139756    0    0     0     0 14298 160462 11  5 84  0  0  0
71  0      0 59171876   1624 1139756    0    0     0     0 13413 158428 11  5 84  0  0  0
33  0      0 59161708   1624 1139756    0    0     0     0 13082 157987 11  5 84  0  0  0
12  0      0 59164776   1624 1139756    0    0     0     0 12989 158556 11  6 84  0  0  0
 0  0      0 59166840   1624 1139792    0    0     4     0 8269 89660  7  3 90  0  0  0
 0  0      0 59373880   1624 1139852    0    0     0     0  967  820  0  0 100  0  0  0
 0  0      0 59391180   1624 1139852    0    0     0     0  577  331  0  0 100  0  0  0
 0  0      0 59411244   1624 1139852    0    0     0     0  575  276  0  0 100  0  0  0
 0  0      0 59420728   1624 1139852    0    0     0     0  440  250  0  0 100  0  0  0
 0  0      0 59436804   1624 1139852    0    0     0     0  817  351  0  0 100  0  0  0
 0  0      0 59443772   1624 1139852    0    0     0     0  613  374  0  0 100  0  0  0
 0  0      0 59459512   1624 1139852    0    0     0     0  526  307  0  0 100  0  0  0
 0  0      0 59473612   1624 1139852    0    0     0     0  527  239  0  0 100  0  0  0
 0  0      0 59483628   1624 1139856    0    0     0   136  797  521  0  0 100  0  0  0
 0  0      0 59489704   1624 1139856    0    0     0     0  655  317  0  0 100  0  0  0
 0  0      0 59515132   1624 1139856    0    0    32  1324  723  810  0  0 100  0  0  0
 0  0      0 59525208   1624 1139888    0    0     0     0  613  283  0  0 100  0  0  0
 0  0      0 59538976   1624 1139888    0    0     0     0  721  314  0  0 100  0  0  0
 0  0      0 59557752   1624 1139888    0    0     0     0  737  250  0  0 100  0  0  0
 0  0      0 59573892   1624 1139888    0    0     0     0  565  268  0  0 100  0  0  0
procs -----------memory---------- ---swap-- -----io---- -system-- -------cpu-------
 r  b   swpd   free   buff  cache   si   so    bi    bo   in   cs us sy id wa st gu
 0  0      0 59582564   1624 1139888    0    0     0     0  532  347  0  0 100  0  0  0
 0  0      0 59595936   1624 1139888    0    0     0     0  735  397  0  0 100  0  0  0
 0  0      0 59606108   1624 1139888    0    0     0     0  775  252  0  0 100  0  0  0
 0  0      0 59614044   1624 1139888    0    0     0     0  614  286  0  0 100  0  0  0
 0  0      0 59621004   1624 1139888    0    0     0     0  627  312  0  0 100  0  0  0
 0  0      0 59626016   1624 1139888    0    0     0     0  837  489  0  0 100  0  0  0
 0  0      0 59632028   1624 1139888    0    0     0     0  821  286  0  0 100  0  0  0
 0  0      0 59637420   1624 1139888    0    0     0     0  670  255  0  0 100  0  0  0
 0  0      0 59642620   1624 1139888    0    0     0     8  652  326  0  0 100  0  0  0
 0  0      0 59646364   1624 1139888    0    0     0     0  848  345  0  0 100  0  0  0
 0  0      0 59649932   1624 1139888    0    0     0   224  839  437  0  0 100  0  0  0
 0  0      0 59649112   1624 1140080    0    0   580     4 1728 4742  0  0 99  0  0  0
 0  0      0 59650276   1624 1140704    0    0    80   792 1008 1296  0  0 100  0  0  0
 0  0      0 59652544   1624 1140704    0    0     0    72  930  504  0  0 100  0  0  0
 0  0      0 59662804   1624 1140704    0    0     0     0 1423  605  0  0 100  0  0  0
 1  0      0 59664012   1624 1140704    0    0     0     0  564  435  0  0 100  0  0  0
 2  0      0 59521236   1624 1140900    0    0     0     4 3829 6968  6  1 94  0  0  0
 0  0      0 59501020   1624 1140836    0    0     0     0 1244 1355  1  0 99  0  0  0
73  0      0 59413360   1624 1140940    0    0     0   820 12574 118695 11  4 84  0  0  0
 1  0      0 59464452   1624 1140944    0    0     0     0 15543 164058 12  6 82  0  0  0
53  0      0 59459968   1624 1140944    0    0     0     0 14618 165547 11  6 83  0  0  0
procs -----------memory---------- ---swap-- -----io---- -system-- -------cpu-------
 r  b   swpd   free   buff  cache   si   so    bi    bo   in   cs us sy id wa st gu
59  0      0 59462760   1624 1140944    0    0     0     0 14198 165244 11  6 84  0  0  0
36  0      0 59456240   1624 1140948    0    0     0     0 13806 161463 11  6 84  0  0  0
67  0      0 59442904   1624 1140948    0    0     0   408 13444 159317 11  6 83  0  0  0
23  0      0 59435924   1624 1140952    0    0     0     0 14371 164479 11  6 83  0  0  0
58  0      0 59425376   1624 1140952    0    0     0     0 14312 168653 11  6 84  0  0  0
68  0      0 59423112   1624 1140952    0    0     0     0 13443 161103 11  6 84  0  0  0
61  0      0 59416124   1624 1140952    0    0     0     0 13835 160711 11  6 84  0  0  0
83  0      0 59411820   1624 1140952    0    0     0     0 14340 162725 11  6 84  0  0  0
52  0      0 59406024   1624 1140952    0    0     0     0 13260 156264 11  6 84  0  0  0
20  0      0 59399212   1624 1140952    0    0     0     0 14019 162173 11  6 84  0  0  0
53  0      0 59392816   1624 1140952    0    0     0     0 13293 160301 11  6 84  0  0  0
18  0      0 59389292   1624 1140952    0    0     0     0 13446 161461 11  6 84  0  0  0
 1  1      0 59384120   1624 1140968    0    0    16    20 13887 160015 11  6 84  0  0  0
 9  0      0 59377476   1624 1141024    0    0    32   228 13825 163167 11  6 84  0  0  0
39  0      0 59374284   1624 1141024    0    0     0     0 13420 159685 11  6 84  0  0  0
37  0      0 59368600   1624 1141024    0    0     0     0 13766 160583 11  6 84  0  0  0
 1  0      0 59367376   1624 1141024    0    0     0     0 13788 161233 11  6 84  0  0  0
19  0      0 59352188   1624 1141024    0    0     0     0 13948 162384 11  6 84  0  0  0
20  0      0 59351504   1624 1141024    0    0     0     8 13912 161660 11  6 84  0  0  0
85  0      0 59348468   1624 1141456    0    0   432  4268 13707 160771 11  6 83  0  0  0
58  0      0 59337928   1624 1141456    0    0     0   392 13485 160144 11  6 84  0  0  0
procs -----------memory---------- ---swap-- -----io---- -system-- -------cpu-------
 r  b   swpd   free   buff  cache   si   so    bi    bo   in   cs us sy id wa st gu
 1  0      0 59332192   1624 1141456    0    0     0     0 13161 159574 11  6 84  0  0  0
14  0      0 59327880   1624 1141456    0    0     0     0 13873 158109 11  5 84  0  0  0
11  0      0 59322244   1624 1141456    0    0     0     0 13936 160352 11  6 84  0  0  0
23  0      0 59316384   1624 1141456    0    0     0     0 13503 160480 11  6 84  0  0  0
23  0      0 59314024   1624 1141456    0    0     0     8 13273 157703 11  5 84  0  0  0
22  0      0 59312044   1624 1141456    0    0     0     0 13105 158783 11  6 84  0  0  0
42  0      0 59305056   1624 1141456    0    0     0     0 13126 159804 11  6 84  0  0  0
88  0      0 59297236   1624 1141456    0    0     0     0 13659 159340 11  6 84  0  0  0
31  0      0 59297068   1624 1141456    0    0     0     0 13251 160128 11  6 84  0  0  0
55  0      0 59295420   1624 1141456    0    0     0     0 13113 158733 11  5 84  0  0  0
49  0      0 59288496   1624 1141456    0    0     0     0 13183 157408 10  6 84  0  0  0
87  0      0 59281412   1624 1141456    0    0     0   136 13135 159519 11  6 84  0  0  0
 0  0      0 59270212   1624 1141536    0    0     0     0 4494 36540  3  1 95  0  0  0
 0  0      0 59451356   1624 1143084    0    0  1520     0 1105 1198  0  0 100  0  0  0
 2  0      0 59450648   1624 1143448    0    0   376     0 1185 2816  1  0 99  0  0  0
