procs -----------memory---------- ---swap-- -----io---- -system-- -------cpu-------
 r  b   swpd   free   buff  cache   si   so    bi    bo   in   cs us sy id wa st gu
 1  0      0 59559836    292 979988    0    0 11640  3438 12785   21 10  2 88  0  0  0
 0  0      0 59550108    292 980712    0    0   288     0 4407 3471  0  0 100  0  0  0
 1  0      0 59402464    292 1028264    0    0 31372    72 5515 9610  3  1 96  0  0  0
 3  1      0 59276788    292 1059084    0    0 28532   320 5809 14337  5  1 94  0  0  0
 4  0      0 59272560    292 1060188    0    0   692   224 1025  961  0  0 100  0  0  0
49  0      0 59072812    292 1061992    0    0  1360     0 13015 123416 12  4 84  0  0  0
16  0      0 59057924    292 1061996    0    0     0     0 14584 156961 13  6 81  0  0  0
 6  0      0 59092468    292 1061996    0    0     0     0 13914 164249 11  5 84  0  0  0
66  0      0 59087496    292 1064112    0    0  1724     0 14537 160701 11  6 83  0  0  0
90  0      0 59069068    292 1064544    0    0   164   408 13247 161144 11  5 84  0  0  0
 1  0      0 59099144    292 1068352    0    0  3628     0 16454 166589 11  5 83  0  0  0
34  0      0 59108152    292 1068352    0    0     0     0 14184 165102 11  6 84  0  0  0
23  0      0 59099824    292 1068352    0    0     0     0 13843 162729 11  5 84  0  0  0
44  0      0 59094624    292 1068352    0    0     0     0 13561 159873 11  5 84  0  0  0
46  0      0 59088804    292 1068352    0    0     0     0 13139 159323 11  5 84  0  0  0
29  2      0 59061992    292 1068352    0    0    32     0 17579 160058 11  5 84  0  0  0
72  0      0 58972720   1616 1141844    0    0 48809   460 26954 166705 16  7 76  1  0  0
80  1      0 58939380   1616 1152248    0    0  9748  1248 23335 169510 15  6 79  0  0  0
36  0      0 58932792   1616 1157464    0    0   920  4604 32600 209713 15  6 78  1  0  0
77  0      0 58952260   1616 1157708    0    0     0     0 14110 163248 11  5 84  0  0  0
50  0      0 58946788   1616 1157708    0    0     0     0 13478 160056 11  5 84  0  0  0
procs -----------memory---------- ---swap-- -----io---- -system-- -------cpu-------
 r  b   swpd   free   buff  cache   si   so    bi    bo   in   cs us sy id wa st gu
36  0      0 58944468   1616 1157708    0    0     0     0 13650 160323 11  5 84  0  0  0
 1  0      0 58942700   1616 1157708    0    0     0     0 13216 159250 11  5 84  0  0  0
 1  0      0 58940376   1616 1157708    0    0     0     0 13337 159342 11  5 84  0  0  0
59  0      0 58937320   1616 1157708    0    0     0     0 13322 158666 11  5 84  0  0  0
53  0      0 58936360   1616 1157708    0    0     0     0 13383 160276 11  5 84  0  0  0
55  0      0 58933068   1616 1157708    0    0     0     0 13939 162897 11  5 84  0  0  0
83  0      0 58929100   1616 1157708    0    0     0     0 13349 160114 11  5 84  0  0  0
40  0      0 58918336   1624 1169468    0    0  4944 20272 16128 168940 11  6 83  0  0  0
59  0      0 58915384   1624 1169468    0    0     0     0 13919 159228 11  5 84  0  0  0
53  0      0 58905592   1624 1169468    0    0     0     0 14025 160707 11  5 84  0  0  0
32  0      0 58902128   1624 1169468    0    0     0     0 13562 160872 10  5 84  0  0  0
 1  0      0 58897872   1624 1169468    0    0     0     0 13944 161031 10  6 84  0  0  0
60  0      0 58898572   1624 1169468    0    0     0     4 14644 164128 11  5 84  0  0  0
54  0      0 58890924   1624 1169468    0    0     0     0 13612 160414 11  5 84  0  0  0
79  0      0 58889304   1624 1169468    0    0     0     0 13761 160640 11  5 84  0  0  0
60  0      0 58882764   1624 1169468    0    0     0     0 13168 158916 11  5 84  0  0  0
47  0      0 58880288   1624 1169468    0    0     0     0 13242 160471 11  5 84  0  0  0
58  0      0 58880876   1624 1169468    0    0     0     0 13524 156803 11  6 84  0  0  0
63  0      0 58876548   1624 1169472    0    0     0   144 14446 163700 11  6 84  0  0  0
36  0      0 58870476   1624 1169472    0    0     0     0 13443 160440 11  5 84  0  0  0
57  0      0 58866508   1624 1169472    0    0     0     0 13301 159628 11  5 84  0  0  0
procs -----------memory---------- ---swap-- -----io---- -system-- -------cpu-------
 r  b   swpd   free   buff  cache   si   so    bi    bo   in   cs us sy id wa st gu
31  0      0 58855096   1624 1169476    0    0     0     0 13392 160433 11  5 84  0  0  0
 1  0      0 58843652   1624 1169476    0    0     0     0 13677 160345 11  5 84  0  0  0
68  0      0 58845180   1624 1169476    0    0     0     0 13513 160702 11  5 84  0  0  0
60  0      0 58837120   1624 1169476    0    0     0     0 13712 161871 11  5 84  0  0  0
55  0      0 58835916   1624 1169476    0    0     0     0 13349 158224 11  5 84  0  0  0
48  0      0 58832784   1624 1169540    0    0    64  1824 13523 157663 11  5 84  0  0  0
55  0      0 58825616   1624 1169540    0    0     0     0 13395 159847 11  5 84  0  0  0
 1  0      0 58824132   1624 1169540    0    0     0     0 13305 158909 11  5 84  0  0  0
66  0      0 58835024   1624 1169540    0    0     0     0 13777 162138 11  5 84  0  0  0
46  0      0 58830864   1624 1169544    0    0     0   136 14393 162269 11  5 84  0  0  0
54  0      0 58824052   1624 1169544    0    0     0     0 13218 159417 11  5 84  0  0  0
63  0      0 58819784   1624 1169544    0    0     0     0 13300 159840 11  6 84  0  0  0
49  0      0 58823572   1624 1169544    0    0     0     0 13235 161137 11  5 84  0  0  0
19  0      0 58823496   1624 1169544    0    0     0     0 14393 162718 11  5 84  0  0  0
 1  0      0 58823692   1624 1169544    0    0     0     0 13701 160849 11  5 84  0  0  0
52  0      0 58824176   1624 1169544    0    0     0     0 13670 160517 11  5 84  0  0  0
71  0      0 58821324   1624 1169544    0    0     0     0 13568 158980 11  5 84  0  0  0
89  0      0 58816468   1624 1169544    0    0     0  2240 14552 161914 11  5 84  0  0  0
54  0      0 58810580   1624 1169544    0    0     0     0 13451 159159 11  5 84  0  0  0
 2  0      0 58821544   1624 1169544    0    0     0     0 12847 153995 11  5 84  0  0  0
76  0      0 58820136   1624 1169544    0    0     0     0 13191 159413 11  5 84  0  0  0
procs -----------memory---------- ---swap-- -----io---- -system-- -------cpu-------
 r  b   swpd   free   buff  cache   si   so    bi    bo   in   cs us sy id wa st gu
72  0      0 58814724   1624 1169544    0    0     0     0 13178 159221 11  5 84  0  0  0
53  0      0 58816716   1624 1169560    0    0    16     8 13430 159390 11  5 84  0  0  0
69  0      0 58813552   1624 1169884    0    0   240  5164 14175 162915 11  5 84  0  0  0
24  0      0 58814892   1624 1169908    0    0    28     0 13801 160290 11  6 84  0  0  0
 1  0      0 58803988   1624 1169908    0    0     0     0 13655 161089 11  6 84  0  0  0
38  0      0 58804652   1624 1169908    0    0     0     0 13572 160069 11  6 84  0  0  0
71  0      0 58800696   1624 1169908    0    0     0   408 13583 158823 11  5 84  0  0  0
42  0      0 58792172   1624 1169924    0    0    16     4 13529 160204 11  5 84  0  0  0
50  0      0 58791864   1624 1169924    0    0     0     0 13826 160609 11  5 84  0  0  0
38  0      0 58771132   1624 1170144    0    0   128     0 15516 167527 11  6 84  0  0  0
51  0      0 58786088   1624 1170232    0    0    80   144 14816 168465 10  5 84  0  0  0
52  0      0 58781560   1624 1170232    0    0     0     0 14151 168300 11  6 84  0  0  0
68  0      0 58781644   1624 1170232    0    0     0     0 14343 164027 11  5 84  0  0  0
 1  0      0 58789608   1624 1170260    0    0    36     0 13205 159145 11  5 84  0  0  0
79  0      0 58790284   1624 1170260    0    0     0     0 13868 161149 10  6 84  0  0  0
40  0      0 58783748   1624 1170260    0    0     0     0 14013 160503 11  5 84  0  0  0
69  0      0 58778588   1624 1170260    0    0     0     0 13716 159701 11  5 84  0  0  0
36  0      0 58774532   1624 1170260    0    0     0     0 13441 159703 11  6 84  0  0  0
16  0      0 58779776   1624 1170260    0    0     0     0 13762 160506 11  5 84  0  0  0
69  0      0 58785152   1624 1170260    0    0     0     0 13339 159195 11  5 84  0  0  0
73  0      0 58792368   1624 1170260    0    0     0     0 13758 159044 11  5 84  0  0  0
procs -----------memory---------- ---swap-- -----io---- -system-- -------cpu-------
 r  b   swpd   free   buff  cache   si   so    bi    bo   in   cs us sy id wa st gu
54  0      0 58783924   1624 1170264    0    0     0     0 13540 160039 11  5 84  0  0  0
44  0      0 58782920   1624 1170264    0    0     0     0 13597 159770 11  5 84  0  0  0
 1  0      0 58784356   1624 1170264    0    0     0     0 13285 159612 11  5 84  0  0  0
59  0      0 58778248   1624 1170264    0    0     0     0 13524 157965 11  5 84  0  0  0
76  0      0 58786244   1624 1170264    0    0     0     0 13641 160249 11  5 84  0  0  0
63  0      0 58781532   1624 1170264    0    0     0     0 13334 158144 11  5 84  0  0  0
53  0      0 58776720   1624 1170264    0    0     0     0 14163 162135 11  6 84  0  0  0
15  0      0 58787884   1624 1170200    0    0     0     0 13438 159678 11  5 84  0  0  0
45  0      0 58784276   1624 1170200    0    0     0     0 13263 160526 11  5 84  0  0  0
 1  0      0 58786520   1624 1170200    0    0     0     0 14008 161194 11  5 84  0  0  0
57  0      0 58783048   1624 1170200    0    0     0     0 13017 158978 11  5 84  0  0  0
66  0      0 58788064   1624 1170216    0    0    16   744 13327 158467 11  5 84  0  0  0
73  0      0 58781100   1624 1170216    0    0     0     0 13570 159526 11  5 84  0  0  0
42  0      0 58776884   1624 1170216    0    0     0     0 13673 160674 11  5 84  0  0  0
 1  0      0 58780088   1624 1170216    0    0     0     0 13079 158688 10  6 84  0  0  0
66  0      0 58776724   1624 1170220    0    0     0   136 13295 157207 11  5 84  0  0  0
53  0      0 58773300   1624 1170300    0    0    80  1836 14078 162321 11  6 84  0  0  0
49  0      0 58768456   1624 1170300    0    0     0     0 13181 159045 11  5 84  0  0  0
32  0      0 58767768   1624 1170300    0    0     0     0 13207 159579 11  5 84  0  0  0
53  0      0 58767384   1624 1170316    0    0    16   116 13926 161615 11  5 84  0  0  0
66  0      0 58762108   1624 1170316    0    0     0     0 13257 160633 11  5 84  0  0  0
procs -----------memory---------- ---swap-- -----io---- -system-- -------cpu-------
 r  b   swpd   free   buff  cache   si   so    bi    bo   in   cs us sy id wa st gu
57  0      0 58765732   1624 1170316    0    0     0     0 13573 159572 11  6 84  0  0  0
56  0      0 58769492   1624 1170316    0    0     0     0 13438 159663 11  5 84  0  0  0
 1  0      0 58757108   1624 1170316    0    0     0     0 14511 162306 11  5 84  0  0  0
57  0      0 58753152   1624 1170284    0    0     0     0 14406 162462 11  5 84  0  0  0
61  0      0 58761160   1624 1170284    0    0     0     0 13376 160020 11  5 84  0  0  0
85  0      0 58757764   1624 1170284    0    0     0     0 13346 160338 11  5 84  0  0  0
45  0      0 58760580   1624 1170284    0    0     0     0 13862 160613 11  5 84  0  0  0
26  0      0 58759304   1624 1170284    0    0     0     0 13199 159635 10  5 84  0  0  0
38  0      0 58765716   1624 1170284    0    0     0   136 13501 156436 11  5 84  0  0  0
50  0      0 58763636   1624 1170284    0    0     0     0 14049 160756 10  6 84  0  0  0
65  0      0 58761772   1624 1170284    0    0     0     0 13568 160380 11  5 84  0  0  0
38  0      0 58756972   1624 1170284    0    0     0     0 13346 158073 11  5 84  0  0  0
41  0      0 58748024   1624 1170284    0    0     0     0 13922 161317 11  6 84  0  0  0
12  0      0 58741240   1624 1170284    0    0     0     0 12924 156465 11  5 84  0  0  0
30  0      0 58745356   1624 1170284    0    0     0     0 13933 159962 11  5 84  0  0  0
70  0      0 58742188   1624 1170284    0    0     0     0 13613 160917 11  5 84  0  0  0
67  0      0 58748732   1624 1170284    0    0     0     0 14105 162164 11  5 84  0  0  0
45  0      0 58738060   1624 1170332    0    0    80    68 13287 158961 11  5 84  0  0  0
43  0      0 58743824   1624 1170368    0    0     0     0 14289 161718 11  5 84  0  0  0
14  0      0 58741628   1624 1170368    0    0     0     0 13392 160386 11  6 84  0  0  0
 1  0      0 58733932   1624 1170368    0    0     0   576 13538 160938 11  5 84  0  0  0
procs -----------memory---------- ---swap-- -----io---- -system-- -------cpu-------
 r  b   swpd   free   buff  cache   si   so    bi    bo   in   cs us sy id wa st gu
86  0      0 58731332   1624 1170388    0    0    16     8 13330 159495 11  5 84  0  0  0
34  0      0 58727904   1624 1170388    0    0     0     0 13375 159908 11  5 84  0  0  0
52  0      0 58724124   1624 1170388    0    0     0     0 13838 162232 11  5 84  0  0  0
79  0      0 58723236   1624 1170396    0    0     0   408 13205 159225 11  5 84  0  0  0
62  0      0 58715472   1624 1170396    0    0     0     0 13201 158725 11  5 84  0  0  0
 0  0      0 58719456   1624 1170628    0    0     4     0 2597 13211  2  0 98  0  0  0
 0  0      0 58913416   1624 1170500    0    0     0     4  958  656  0  0 100  0  0  0
 0  0      0 58925244   1624 1170500    0    0     0     0  619  281  0  0 100  0  0  0
 0  0      0 58935812   1624 1170564    0    0    64  2220  855 1019  0  0 100  0  0  0
 0  0      0 58946096   1624 1170564    0    0     0     0  936  420  0  0 100  0  0  0
 0  0      0 58956620   1624 1170564    0    0     0     0  464  260  0  0 100  0  0  0
 0  0      0 58976276   1624 1170564    0    0     0     0  559  299  0  0 100  0  0  0
 0  0      0 58991932   1624 1170564    0    0     0     0  653  262  0  0 100  0  0  0
 0  0      0 59010264   1624 1170532    0    0     0     0 1475  569  0  0 100  0  0  0
 0  0      0 59027460   1624 1170532    0    0     0     0  873  492  0  0 100  0  0  0
 0  0      0 59058908   1624 1170532    0    0     0    76  655  366  0  0 100  0  0  0
 0  0      0 59065312   1624 1170532    0    0     0     0  590  275  0  0 100  0  0  0
 0  0      0 59086196   1624 1170532    0    0     0     0  681  363  0  0 100  0  0  0
 0  0      0 59085944   1624 1170532    0    0     0     0  788  343  0  0 100  0  0  0
 0  0      0 59101968   1624 1170468    0    0     0     0  733  374  0  0 100  0  0  0
 0  0      0 59122192   1624 1170468    0    0     0     0  607  272  0  0 100  0  0  0
procs -----------memory---------- ---swap-- -----io---- -system-- -------cpu-------
 r  b   swpd   free   buff  cache   si   so    bi    bo   in   cs us sy id wa st gu
 0  0      0 59134304   1624 1170468    0    0     0     0  791  367  0  0 100  0  0  0
 0  0      0 59143440   1624 1170468    0    0     0     0  587  293  0  0 100  0  0  0
 0  0      0 59158728   1624 1170468    0    0     0     0  587  286  0  0 100  0  0  0
 0  0      0 59163676   1624 1170468    0    0     0     0  531  272  0  0 100  0  0  0
 0  0      0 59176444   1624 1170468    0    0     0     0  764  309  0  0 100  0  0  0
 0  0      0 59180088   1624 1170468    0    0     0     0  436  211  0  0 100  0  0  0
 0  0      0 59192752   1624 1170468    0    0     0     0 1009  349  0  0 100  0  0  0
 0  0      0 59211916   1624 1170468    0    0     0     0  642  239  0  0 100  0  0  0
 0  0      0 59214080   1624 1170468    0    0     0     0  777  392  0  0 100  0  0  0
 0  0      0 59219988   1624 1170468    0    0     0     0  933  368  0  0 100  0  0  0
 0  0      0 59227220   1624 1170468    0    0     0     4  624  274  0  0 100  0  0  0
 0  0      0 59231284   1624 1170468    0    0     0     0  544  239  0  0 100  0  0  0
 0  0      0 59235020   1624 1170472    0    0     0   136 1184  465  0  0 100  0  0  0
 0  0      0 59238636   1624 1170440    0    0     0     0 1045  480  0  0 100  0  0  0
 0  0      0 59247120   1624 1170440    0    0     0     0 1125  577  0  0 100  0  0  0
 2  0      0 59205892   1624 1170472    0    0     0     4 2508 4125  3  0 97  0  0  0
 1  0      0 59082680   1624 1170572    0    0     0     0 2521 5644  4  0 95  0  0  0
 6  0      0 59078484   1624 1170676    0    0     0     0  675  603  0  0 100  0  0  0
48  0      0 59038200   1624 1170676    0    0     0     0 14239 144932 13  6 81  0  0  0
42  0      0 59018916   1624 1170680    0    0     0     0 15053 163543 13  6 81  0  0  0
29  0      0 58999968   1624 1170680    0    0     0     0 13415 154244 11  6 83  0  0  0
procs -----------memory---------- ---swap-- -----io---- -system-- -------cpu-------
 r  b   swpd   free   buff  cache   si   so    bi    bo   in   cs us sy id wa st gu
10  0      0 59021876   1624 1170680    0    0     0     0 13156 159854 11  5 84  0  0  0
45  0      0 59016644   1624 1170684    0    0     0     0 13150 160436 11  5 84  0  0  0
59  0      0 59012024   1624 1170684    0    0     0     0 13326 160437 11  6 84  0  0  0
67  0      0 59026900   1624 1170684    0    0     0     0 13857 160347 11  5 83  0  0  0
67  0      0 59023880   1624 1170684    0    0     0     0 13343 161214 11  5 84  0  0  0
 1  0      0 59015116   1624 1170684    0    0     0  1580 14847 163660 11  5 84  0  0  0
40  0      0 59012608   1624 1170684    0    0     0     0 13390 158589 11  5 84  0  0  0
62  0      0 59004552   1624 1170684    0    0     0   136 14014 161191 11  5 84  0  0  0
50  0      0 58997748   1624 1170684    0    0     0     0 13514 161926 11  5 84  0  0  0
63  0      0 58989220   1624 1170684    0    0     0     0 13824 162455 11  6 84  0  0  0
11  0      0 58988476   1624 1170684    0    0     0     0 13507 161309 11  5 84  0  0  0
54  0      0 58979228   1624 1170684    0    0     0     0 13734 159085 11  5 84  0  0  0
56  0      0 58977128   1624 1170684    0    0     0     0 14358 166999 11  5 84  0  0  0
53  0      0 58971640   1624 1170684    0    0     0     0 13823 162296 11  6 84  0  0  0
81  0      0 58972920   1624 1170684    0    0     0     0 13309 160791 11  5 84  0  0  0
61  0      0 58962828   1624 1170684    0    0     0     0 13944 162116 11  6 84  0  0  0
17  0      0 58953088   1624 1170684    0    0     0     0 13561 160182 11  6 84  0  0  0
33  0      0 58946636   1624 1170684    0    0     0     0 13841 161630 11  6 84  0  0  0
48  0      0 58941992   1624 1170684    0    0     0     0 13189 160858 11  5 84  0  0  0
67  0      0 58935824   1624 1170684    0    0     0     0 13764 162044 11  5 84  0  0  0
26  0      0 58930160   1624 1170684    0    0     0   264 13464 160716 11  5 84  0  0  0
procs -----------memory---------- ---swap-- -----io---- -system-- -------cpu-------
 r  b   swpd   free   buff  cache   si   so    bi    bo   in   cs us sy id wa st gu
31  0      0 58927828   1624 1170688    0    0     0   408 13294 159537 11  5 84  0  0  0
20  0      0 58921596   1624 1170688    0    0     0     0 13253 160800 11  6 84  0  0  0
49  0      0 58918880   1624 1170688    0    0     0     0 13894 160918 11  5 84  0  0  0
68  0      0 58906308   1624 1170688    0    0     0     0 13589 161678 11  6 84  0  0  0
47  0      0 58898308   1624 1170688    0    0     0     8 13438 161126 11  5 84  0  0  0
35  0      0 58892044   1624 1170688    0    0     0     0 13269 160725 11  5 84  0  0  0
45  0      0 58885788   1624 1170688    0    0     0     0 13182 157755 11  6 84  0  0  0
48  0      0 58885364   1624 1170688    0    0     0     0 14054 163940 10  6 84  0  0  0
 1  0      0 58885036   1624 1170688    0    0     0     0 13904 164127 11  5 84  0  0  0
 8  0      0 58880516   1624 1170688    0    0     0     0 13716 161001 11  6 84  0  0  0
31  0      0 58877324   1624 1170688    0    0     0     0 13700 152575 11  5 84  0  0  0
 1  0      0 58873752   1624 1170688    0    0     0     0 12945 136752 11  5 84  0  0  0
 0  0      0 58867516   1624 1170688    0    0     0     0 1799 7065  1  0 99  0  0  0
 0  0      0 59046316   1624 1172536    0    0  1700     0 1277 1719  0  0 100  0  0  0
 0  0      0 59054276   1624 1172572    0    0    16     0 1149 1941  0  0 100  0  0  0
