procs -----------memory---------- ---swap-- -----io---- -system-- -------cpu-------
 r  b   swpd   free   buff  cache   si   so    bi    bo   in   cs us sy id wa st gu
 0  1      0 59513280    288 975160    0    0 11912  3493 12828   20 10  2 88  0  0  0
 0  0      0 59500836    288 975932    0    0   328     0 4242 3667  0  0 99  0  0  0
 5  0      0 59344452    288 1022820    0    0 30952     0 5645 9241  3  1 96  0  0  0
 0  0      0 59270588    288 1052472    0    0 27192     0 5624 14063  5  1 94  0  0  0
 6  0      0 59263464    288 1053224    0    0   676     0  768 1050  0  0 100  0  0  0
32  0      0 59046304    288 1055100    0    0  1496     0 16816 140942 13  5 82  0  0  0
37  0      0 58996692    288 1055104    0    0     0     0 14235 157818 13  6 82  0  0  0
72  0      0 59024900    288 1055104    0    0     0     0 12959 157528 11  5 84  0  0  0
29  0      0 59028100    288 1057232    0    0  1724     0 13854 159210 11  6 84  0  0  0
58  0      0 59018412    288 1060576    0    0  3620     0 13992 157317 12  6 83  0  0  0
80  0      0 59010584    288 1061032    0    0     0     0 14004 153679 12  5 83  0  0  0
51  0      0 58991760    288 1061032    0    0     0     0 13606 155846 11  5 83  0  0  0
43  0      0 59047744    288 1061032    0    0     0     0 13813 162292 11  5 84  0  0  0
51  0      0 59045920    288 1061032    0    0     0     0 13957 160020 11  5 84  0  0  0
 1  0      0 59036164    292 1061148    0    0   164   408 13779 157472 11  5 84  0  0  0
 6  0      0 58947404    296 1093552    0    0 26212   148 22605 163562 12  6 81  1  0  0
18  0      0 58880120   1616 1132824    0    0 20952   164 24374 163451 16  6 77  0  0  0
55  1      0 58870356   1616 1143408    0    0  9832  1720 24423 172924 16  6 78  1  0  0
19  1      0 58858180   1616 1148368    0    0   804  3964 27717 192107 15  6 78  1  0  0
72  0      0 58851604   1616 1148596    0    0     0   320 14032 159142 11  5 84  0  0  0
62  0      0 58846436   1616 1148596    0    0     0     0 13541 159261 11  6 84  0  0  0
procs -----------memory---------- ---swap-- -----io---- -system-- -------cpu-------
 r  b   swpd   free   buff  cache   si   so    bi    bo   in   cs us sy id wa st gu
41  0      0 58841380   1616 1148596    0    0     0     0 13668 161298 11  5 84  0  0  0
53  0      0 58839712   1616 1148596    0    0     0     0 13648 158660 11  5 84  0  0  0
20  0      0 58849692   1616 1148596    0    0     0     0 13455 158351 11  5 84  0  0  0
56  0      0 58853912   1616 1148596    0    0     0     0 13573 158617 11  5 84  0  0  0
41  0      0 58853344   1616 1148596    0    0     0     0 13439 154762 11  5 84  0  0  0
53  0      0 58853924   1616 1148596    0    0     0     0 13990 158174 11  5 84  0  0  0
 1  0      0 58869276   1616 1148596    0    0     0  2272 13582 159501 11  5 84  0  0  0
45  0      0 58867336   1624 1154708    0    0  2608 10272 15179 164360 11  6 84  0  0  0
53  0      0 58861312   1624 1154708    0    0     0     0 13565 157034 11  5 84  0  0  0
69  0      0 58869104   1624 1154708    0    0     0     0 13350 158427 11  5 84  0  0  0
56  0      0 58866080   1624 1154708    0    0     0     0 14373 165487 11  5 84  0  0  0
80  0      0 58864352   1624 1154708    0    0     0     0 14190 163637 11  5 84  0  0  0
33  0      0 58856112   1624 1154708    0    0     0     4 14415 160559 11  5 84  0  0  0
89  0      0 58854784   1624 1154708    0    0     0     0 13522 157870 11  5 84  0  0  0
58  0      0 58851908   1624 1154708    0    0     0   136 14146 158771 11  6 84  0  0  0
42  0      0 58846844   1624 1154708    0    0     0     0 13775 159207 11  5 84  0  0  0
44  0      0 58848392   1624 1154708    0    0     0     0 13557 159710 10  6 84  0  0  0
27  0      0 58840636   1624 1154708    0    0     0     0 13719 159243 11  6 84  0  0  0
65  0      0 58838324   1624 1154708    0    0     0     0 14150 160802 11  5 84  0  0  0
38  0      0 58833408   1624 1154708    0    0     0     0 14203 157822 11  5 84  0  0  0
37  0      0 58830780   1624 1154708    0    0     0     0 14022 161388 11  5 84  0  0  0
procs -----------memory---------- ---swap-- -----io---- -system-- -------cpu-------
 r  b   swpd   free   buff  cache   si   so    bi    bo   in   cs us sy id wa st gu
72  0      0 58819456   1624 1154712    0    0     0     0 14033 160015 11  5 84  0  0  0
35  0      0 58812096   1624 1154712    0    0     0     0 13910 159472 11  5 84  0  0  0
46  0      0 58813400   1624 1154716    0    0     0     0 13653 160093 11  5 84  0  0  0
91  0      0 58808276   1624 1154716    0    0     0   140 13629 159486 11  5 84  0  0  0
44  0      0 58809912   1624 1154716    0    0    16    72 13969 160480 11  5 84  0  0  0
65  0      0 58800484   1624 1154732    0    0     0     0 13209 158849 10  6 84  0  0  0
35  0      0 58796024   1624 1154732    0    0     0     0 14114 161027 10  6 84  0  0  0
43  0      0 58792056   1624 1154732    0    0     0     0 13471 156899 11  6 84  0  0  0
55  0      0 58800580   1624 1154732    0    0     0     0 13362 159135 10  6 84  0  0  0
80  0      0 58808856   1624 1154732    0    0     0     0 14578 160630 11  5 84  0  0  0
14  0      0 58807884   1624 1154732    0    0     0     0 14340 160685 11  5 84  0  0  0
48  0      0 58797688   1624 1154732    0    0     0     0 13807 159732 11  5 84  0  0  0
17  0      0 58792672   1624 1154732    0    0     0     0 13872 159686 11  5 84  0  0  0
 3  0      0 58791256   1624 1154732    0    0     0     0 13897 163137 11  6 84  0  0  0
47  0      0 58784976   1624 1154732    0    0     0     0 13291 156940 11  5 84  0  0  0
60  0      0 58783136   1624 1154732    0    0     0     0 13373 158743 11  5 84  0  0  0
21  0      0 58790872   1624 1154732    0    0     0     0 13471 159241 11  5 84  0  0  0
61  0      0 58795584   1624 1154732    0    0     0   832 13878 156999 11  5 84  0  0  0
72  0      0 58790416   1624 1154732    0    0     0     0 14216 159669 11  5 84  0  0  0
55  0      0 58784488   1624 1154732    0    0     0     0 13825 158772 11  5 84  0  0  0
35  0      0 58784964   1624 1154940    0    0   596    76 14637 161326 11  5 83  0  0  0
procs -----------memory---------- ---swap-- -----io---- -system-- -------cpu-------
 r  b   swpd   free   buff  cache   si   so    bi    bo   in   cs us sy id wa st gu
24  0      0 58778944   1624 1155484    0    0     0     0 13680 158290 10  6 84  0  0  0
42  0      0 58776348   1624 1155836    0    0   288  3956 15193 162111 11  6 83  0  0  0
42  0      0 58774456   1624 1155840    0    0     0     0 14269 158894 11  5 84  0  0  0
 1  0      0 58763904   1624 1155840    0    0     0     0 13877 158078 11  6 84  0  0  0
50  0      0 58767376   1624 1155840    0    0     0     0 13072 152174 11  5 84  0  0  0
28  0      0 58763960   1624 1155840    0    0     0     0 13671 159066 11  5 84  0  0  0
58  0      0 58769164   1624 1155856    0    0    48   480 13839 157449 11  6 84  0  0  0
56  0      0 58778488   1624 1155888    0    0     0     0 13340 158400 11  6 84  0  0  0
65  0      0 58777700   1624 1155888    0    0     0     0 13406 157630 11  5 84  0  0  0
 1  0      0 58773780   1624 1155888    0    0     0     0 13555 158496 11  5 84  0  0  0
53  0      0 58778824   1624 1155888    0    0     0     0 13933 159352 11  5 84  0  0  0
52  0      0 58772936   1624 1155888    0    0     0   408 13527 158225 11  6 84  0  0  0
68  0      0 58769352   1624 1155892    0    0     0     0 13486 157795 11  5 84  0  0  0
27  0      0 58764204   1624 1155892    0    0     0     0 13718 159379 11  6 84  0  0  0
55  0      0 58764004   1624 1155892    0    0     0     0 14107 158828 11  6 84  0  0  0
66  0      0 58757696   1624 1155892    0    0     0     0 13735 158262 11  5 84  0  0  0
29  0      0 58759148   1624 1155892    0    0     0     0 13598 157499 11  6 84  0  0  0
68  0      0 58763360   1624 1155892    0    0     0     0 14061 158262 11  5 84  0  0  0
52  0      0 58761792   1624 1155892    0    0     0     0 13733 158966 11  5 84  0  0  0
69  0      0 58759984   1624 1155892    0    0     0     0 13569 158798 11  5 84  0  0  0
35  0      0 58758832   1624 1155892    0    0     0     0 13420 158780 11  6 84  0  0  0
procs -----------memory---------- ---swap-- -----io---- -system-- -------cpu-------
 r  b   swpd   free   buff  cache   si   so    bi    bo   in   cs us sy id wa st gu
41  0      0 58752768   1624 1155896    0    0     0     0 13648 158127 11  5 84  0  0  0
 1  0      0 58753120   1624 1155896    0    0     0     0 13608 158423 11  6 84  0  0  0
79  0      0 58757776   1624 1155896    0    0     0     0 14569 160895 11  5 84  0  0  0
20  0      0 58753592   1624 1155896    0    0     0     0 14303 165063 11  5 84  0  0  0
24  0      0 58752024   1624 1155896    0    0     0     0 14208 166332 10  6 84  0  0  0
52  0      0 58743616   1624 1155896    0    0     0     0 14558 160022 11  6 84  0  0  0
 1  0      0 58743108   1624 1155896    0    0     0     0 14591 158779 11  6 84  0  0  0
91  0      0 58751036   1624 1155920    0    0    28     0 13679 158924 11  5 84  0  0  0
81  0      0 58748284   1624 1155920    0    0     0     0 13764 158169 11  5 84  0  0  0
31  0      0 58744956   1624 1155920    0    0     0  1472 13479 157769 11  5 84  0  0  0
50  0      0 58758960   1624 1156992    0    0   384  3828 13598 152130 11  5 84  0  0  0
40  0      0 58748516   1624 1157008    0    0     0     0 13462 157631 11  5 84  0  0  0
20  0      0 58746000   1624 1157008    0    0     0   136 14544 157947 11  6 84  0  0  0
69  0      0 58741924   1624 1157008    0    0     0     0 14124 163737 10  6 84  0  0  0
51  0      0 58742468   1624 1157008    0    0     0     0 13498 158779 11  6 84  0  0  0
 1  0      0 58742800   1624 1157008    0    0     0     0 13316 158595 11  5 84  0  0  0
51  0      0 58741020   1624 1157008    0    0     0     0 13322 158113 11  5 84  0  0  0
76  0      0 58746348   1624 1157008    0    0     0     0 13658 158023 11  6 84  0  0  0
61  0      0 58749468   1624 1157008    0    0     0     0 13928 158834 11  5 84  0  0  0
 1  0      0 58744316   1624 1157008    0    0     0     0 13591 158714 11  5 84  0  0  0
11  0      0 58741536   1624 1157008    0    0     0   136 13683 158037 11  6 84  0  0  0
procs -----------memory---------- ---swap-- -----io---- -system-- -------cpu-------
 r  b   swpd   free   buff  cache   si   so    bi    bo   in   cs us sy id wa st gu
 1  0      0 58751396   1624 1157012    0    0     0     0 14105 158877 11  5 84  0  0  0
64  0      0 58755920   1624 1157012    0    0     0     0 13741 157302 11  5 84  0  0  0
52  0      0 58750184   1624 1157012    0    0     0     8 13502 158046 11  5 84  0  0  0
29  0      0 58743332   1624 1157012    0    0     0     0 13387 158513 11  5 84  0  0  0
69  0      0 58743424   1624 1157012    0    0     0     0 13118 155789 11  5 84  0  0  0
31  0      0 58740436   1624 1157012    0    0     0     0 13010 157788 11  5 84  0  0  0
30  0      0 58732944   1624 1157012    0    0     0     0 13284 157762 11  5 84  0  0  0
11  0      0 58735084   1624 1157012    0    0     0     0 14222 156873 11  6 84  0  0  0
77  0      0 58725188   1624 1157012    0    0     0     0 13858 156492 11  5 84  0  0  0
61  0      0 58730612   1624 1157012    0    0     0     0 13905 158817 11  5 84  0  0  0
56  0      0 58737768   1624 1157012    0    0     0     0 13415 157454 11  5 84  0  0  0
66  0      0 58735972   1624 1157012    0    0     0     0 13964 160101 11  6 84  0  0  0
49  0      0 58734608   1624 1157012    0    0     0     0 15002 161753 11  6 84  0  0  0
 1  0      0 58734756   1624 1157012    0    0     0     0 13696 158358 11  5 84  0  0  0
79  0      0 58735880   1624 1157012    0    0     0     0 13160 157555 11  6 84  0  0  0
65  0      0 58726136   1624 1157012    0    0     0     0 13260 158137 11  5 84  0  0  0
 1  0      0 58725424   1624 1157012    0    0     0     0 13822 157688 11  5 84  0  0  0
 1  0      0 58721028   1624 1157012    0    0     0     0 13562 158668 11  5 84  0  0  0
23  0      0 58725004   1624 1157012    0    0     0     0 13843 159558 11  5 84  0  0  0
41  0      0 58722672   1624 1157012    0    0     0     0 13922 157518 11  6 84  0  0  0
56  0      0 58722312   1624 1157012    0    0     0   484 13320 158158 11  5 84  0  0  0
procs -----------memory---------- ---swap-- -----io---- -system-- -------cpu-------
 r  b   swpd   free   buff  cache   si   so    bi    bo   in   cs us sy id wa st gu
 1  0      0 58711396   1624 1157064    0    0    48  1516 13927 159239 11  6 84  0  0  0
67  0      0 58720708   1624 1157064    0    0     0     0 13380 158439 11  5 84  0  0  0
40  0      0 58728936   1624 1157064    0    0     0     0 13658 156142 11  5 84  0  0  0
71  0      0 58723352   1624 1157064    0    0     0     0 13983 160404 11  6 84  0  0  0
57  0      0 58720284   1624 1157064    0    0     0     0 13998 161561 11  5 84  0  0  0
 0  0      0 58731332   1624 1157252    0    0     4     0 1519 4907  1  0 99  0  0  0
 0  0      0 58934332   1624 1157120    0    0     0     0  970  693  0  0 100  0  0  0
 0  0      0 58951884   1624 1157120    0    0     0     0  872  364  0  0 100  0  0  0
 0  1      0 58973008   1624 1157120    0    0     0   340  613  469  0  0 100  0  0  0
 0  0      0 58992156   1624 1157124    0    0     0    68  748  342  0  0 100  0  0  0
 0  0      0 59007764   1624 1157124    0    0     0     0  497  349  0  0 100  0  0  0
 0  0      0 59019048   1624 1157124    0    0     0     4  694  356  0  0 100  0  0  0
 0  0      0 59038132   1624 1157124    0    0     0     0  515  245  0  0 100  0  0  0
 0  0      0 59046452   1624 1157124    0    0     0     0  477  232  0  0 100  0  0  0
 0  0      0 59060120   1624 1157124    0    0     0     0  685  337  0  0 100  0  0  0
 0  0      0 59068112   1624 1157124    0    0     0     0  969  462  0  0 100  0  0  0
 0  0      0 59078024   1624 1157124    0    0     0     0  578  259  0  0 100  0  0  0
 0  0      0 59092056   1624 1157124    0    0     0     0  451  232  0  0 100  0  0  0
 0  0      0 59109072   1624 1157124    0    0     0     0  605  252  0  0 100  0  0  0
 0  0      0 59124048   1624 1157124    0    0     0     0  804  304  0  0 100  0  0  0
 0  0      0 59132836   1624 1157124    0    0     0     0  534  352  0  0 100  0  0  0
procs -----------memory---------- ---swap-- -----io---- -system-- -------cpu-------
 r  b   swpd   free   buff  cache   si   so    bi    bo   in   cs us sy id wa st gu
 0  0      0 59147856   1624 1157124    0    0     0     0  597  324  0  0 100  0  0  0
 0  0      0 59157952   1624 1157124    0    0     0     0  468  248  0  0 100  0  0  0
 0  0      0 59168848   1624 1157124    0    0     0     0  570  312  0  0 100  0  0  0
 0  0      0 59178704   1624 1157124    0    0     0     0  485  283  0  0 100  0  0  0
 0  0      0 59184456   1624 1157124    0    0     0     0  539  342  0  0 100  0  0  0
 0  0      0 59191568   1624 1157124    0    0     0     0  632  249  0  0 100  0  0  0
 0  0      0 59195984   1624 1157124    0    0     0     0  896  330  0  0 100  0  0  0
 0  0      0 59199840   1624 1157124    0    0     0     0  454  262  0  0 100  0  0  0
 0  0      0 59204136   1624 1157124    0    0     0     0  580  222  0  0 100  0  0  0
 0  0      0 59206024   1624 1157140    0    0    16   392  622  492  0  0 100  0  0  0
 0  0      0 59208204   1624 1157140    0    0     0     0  717  349  0  0 100  0  0  0
 0  0      0 59210224   1624 1157140    0    0     0   136  530  318  0  0 100  0  0  0
 0  0      0 59211324   1624 1157140    0    0     0     0  725  276  0  0 100  0  0  0
 0  0      0 59213644   1624 1157140    0    0     0     0  901  372  0  0 100  0  0  0
 0  0      0 59220324   1624 1157140    0    0     0     0 1216  643  0  0 100  0  0  0
 3  0      0 59164096   1624 1157220    0    0    44     0 2375 4679  3  0 97  0  0  0
 0  0      0 59046204   1624 1157384    0    0     0     0 2578 3012  4  0 96  0  0  0
48  0      0 59010380   1624 1157484    0    0     0   136 5570 45126  5  2 93  0  0  0
31  0      0 59022596   1624 1157492    0    0     0     0 15196 158627 13  6 81  0  0  0
63  0      0 59015456   1624 1157524    0    0    32  1452 14496 166323 11  5 83  0  0  0
48  0      0 59028760   1624 1157524    0    0     0     4 13191 159204 11  5 84  0  0  0
procs -----------memory---------- ---swap-- -----io---- -system-- -------cpu-------
 r  b   swpd   free   buff  cache   si   so    bi    bo   in   cs us sy id wa st gu
70  0      0 59020828   1624 1157524    0    0     0     0 13085 159206 11  6 83  0  0  0
42  0      0 59012096   1624 1157528    0    0     0     0 13610 159969 11  6 83  0  0  0
52  0      0 59005988   1624 1157532    0    0     0     0 13715 159880 11  6 84  0  0  0
45  0      0 59000628   1624 1157532    0    0     0     0 13343 159829 11  5 84  0  0  0
71  0      0 58998532   1624 1157532    0    0     0     0 13038 156756 11  5 84  0  0  0
60  0      0 58995628   1624 1157532    0    0     0     0 13154 158639 11  6 84  0  0  0
60  0      0 58982204   1624 1157532    0    0     0     0 13433 158984 11  5 84  0  0  0
57  0      0 58978144   1624 1157532    0    0     0     0 13207 157463 11  6 84  0  0  0
63  0      0 58971148   1624 1157532    0    0     0     0 13705 159953 11  5 84  0  0  0
68  0      0 58964212   1624 1157532    0    0     0     0 13912 159389 11  5 84  0  0  0
75  0      0 58960044   1624 1157532    0    0     0     0 13441 159894 11  5 84  0  0  0
37  0      0 58955700   1624 1157532    0    0     0     0 13571 159075 11  6 84  0  0  0
71  0      0 58947832   1624 1157532    0    0     0     0 13201 158797 11  6 84  0  0  0
51  0      0 58944728   1624 1157532    0    0     0     0 13906 159798 11  6 84  0  0  0
64  0      0 58936976   1624 1157532    0    0     0     0 13302 158516 11  5 84  0  0  0
67  0      0 58932448   1624 1157532    0    0     0     0 13447 157773 11  5 84  0  0  0
60  0      0 58928724   1624 1157532    0    0     0     0 13876 159640 11  6 84  0  0  0
51  0      0 58920152   1624 1157532    0    0     0     0 13844 160978 11  5 84  0  0  0
 1  0      0 58918500   1624 1157532    0    0     0     0 13303 158374 11  5 84  0  0  0
63  0      0 58911672   1624 1157532    0    0     0   232 13979 160159 11  6 84  0  0  0
41  0      0 58905564   1624 1157532    0    0     0     0 13191 158935 11  5 84  0  0  0
procs -----------memory---------- ---swap-- -----io---- -system-- -------cpu-------
 r  b   swpd   free   buff  cache   si   so    bi    bo   in   cs us sy id wa st gu
63  0      0 58898244   1624 1157532    0    0     0     0 13367 158782 11  6 84  0  0  0
70  0      0 58895056   1624 1157532    0    0     0     0 13096 158737 11  6 84  0  0  0
51  0      0 58888572   1624 1157532    0    0     0     0 13438 158584 11  6 84  0  0  0
42  0      0 58883824   1624 1157532    0    0     0     0 13745 160658 11  6 84  0  0  0
76  0      0 58877012   1624 1157532    0    0     0     0 13351 159980 11  5 84  0  0  0
61  0      0 58870784   1624 1157532    0    0     0   408 13985 161009 11  5 84  0  0  0
61  0      0 58865336   1624 1157540    0    0     0     0 13149 159147 11  5 84  0  0  0
44  0      0 58857988   1624 1157540    0    0     0     0 13322 158471 11  6 84  0  0  0
27  0      0 58856080   1624 1157540    0    0     0     0 13546 159601 11  5 84  0  0  0
76  0      0 58853608   1624 1157540    0    0     0  1228 13993 160706 11  5 84  0  0  0
51  0      0 58846384   1624 1157540    0    0     0     4 13868 161604 11  6 84  0  0  0
 0  0      0 58824932   1624 1157604    0    0     0     0 10007 108936  8  4 88  0  0  0
 0  0      0 59007816   1624 1157472    0    0     0     0 1298  838  0  0 100  0  0  0
 1  0      0 59022512   1624 1159544    0    0  1912     0 1092 1821  0  0 100  0  0  0
