procs -----------memory---------- ---swap-- -----io---- -system-- -------cpu-------
 r  b   swpd   free   buff  cache   si   so    bi    bo   in   cs us sy id wa st gu
 0  1      0 59504632    288 976980    0    0 11721  3452 12797   21 10  2 88  0  0  0
 0  0      0 59510168    288 977700    0    0   360     0 5313 4413  0  0 99  0  0  0
 5  0      0 59345664    288 1025140    0    0 31284     0 7529 11330  3  1 96  0  0  0
 0  0      0 59220824    292 1055336    0    0 28128   144 6783 15637  5  1 94  0  0  0
 1  0      0 59221228    292 1056280    0    0   676     0 1427 1430  0  0 99  0  0  0
84  0      0 59028692    292 1058172    0    0  1504     0 25547 137912 13  6 82  0  0  0
57  0      0 59070676    292 1058176    0    0     0     0 16502 163244 13  6 82  0  0  0
55  0      0 59087644    292 1058176    0    0     0     0 13739 159607 11  5 84  0  0  0
44  2      0 59024360    292 1104072    0    0 23804     0 17445 165331 11  7 81  1  0  0
17  0      0 58926816    292 1185332    0    0 43292     0 17940 169013 11  6 82  1  0  0
44  0      0 58913744    292 1189116    0    0  3608     0 16425 154515 11  5 83  0  0  0
61  1      0 58911232    292 1189136    0    0    16     0 15078 159802 11  5 84  0  0  0
12  0      0 58899364    292 1190036    0    0   800     0 16652 164460 11  6 84  0  0  0
24  0      0 58892288    292 1190156    0    0    32   144 15120 159560 11  6 83  0  0  0
 1  0      0 58884596    292 1190156    0    0     0     0 14877 158827 11  5 84  0  0  0
59  0      0 58880816    292 1190156    0    0     0     0 15298 160071 11  5 84  0  0  0
63  0      0 58772168   1616 1259680    0    0 45308   312 31288 162323 16  7 76  1  0  0
75  1      0 58756360   1616 1270480    0    0  9560   784 21390 169199 14  5 80  0  0  0
64  0      0 58734956   1616 1276136    0    0   996  4584 31987 200200 15  6 78  1  0  0
32  0      0 58740716   1616 1276408    0    0     0   632 14273 159719 11  5 84  0  0  0
62  0      0 58737996   1616 1276408    0    0     0     0 14608 161937 10  5 84  0  0  0
procs -----------memory---------- ---swap-- -----io---- -system-- -------cpu-------
 r  b   swpd   free   buff  cache   si   so    bi    bo   in   cs us sy id wa st gu
34  0      0 58737336   1616 1276696    0    0   148   136 14341 157197 11  5 84  0  0  0
29  0      0 58743380   1616 1276696    0    0     0     0 14078 158594 10  6 84  0  0  0
36  0      0 58743512   1616 1276696    0    0     0     0 15147 167180 10  6 84  0  0  0
78  0      0 58745076   1616 1276696    0    0     0     0 14261 161680 11  6 84  0  0  0
55  0      0 58736504   1616 1276760    0    0     0   136 15273 158002 11  5 84  0  0  0
 1  0      0 58707316   1616 1276760    0    0     0     0 14106 156389 11  6 84  0  0  0
63  0      0 58695520   1616 1276760    0    0     0     0 14180 158853 11  6 84  0  0  0
70  1      0 58629972   1616 1332288    0    0 31104 113704 28739 190237 14  7 79  0  0  0
52  0      0 58450904   1624 1416556    0    0 37396 28132 21870 171060 12  7 80  1  0  0
45  0      0 58402728   1624 1416996    0    0     0     0 20386 169088 12  6 82  0  0  0
52  0      0 58315672   1624 1417568    0    0     0     0 18434 160175 12  6 82  0  0  0
34  0      0 58164320   1624 1417988    0    0     0     0 19097 159141 12  6 82  0  0  0
43  0      0 58416852   1624 1418344    0    0    12     4 16900 150147 12  6 83  0  0  0
69  0      0 58433372   1624 1418344    0    0     0     0 14324 161652 11  6 84  0  0  0
79  0      0 58431960   1624 1418344    0    0     0     0 14823 166311 11  5 84  0  0  0
63  0      0 58430824   1624 1418344    0    0     0     0 13845 164185 10  6 84  0  0  0
79  0      0 58430948   1624 1418344    0    0     0     0 13919 161100 11  6 84  0  0  0
 1  0      0 58448680   1624 1418344    0    0     0     0 14214 158921 10  6 84  0  0  0
74  0      0 58493324   1624 1418344    0    0     0     0 15293 160661 11  6 84  0  0  0
61  0      0 58493864   1624 1418344    0    0     0     0 14293 158391 11  5 84  0  0  0
63  0      0 58488728   1624 1418344    0    0     0     0 14102 159680 11  5 84  0  0  0
procs -----------memory---------- ---swap-- -----io---- -system-- -------cpu-------
 r  b   swpd   free   buff  cache   si   so    bi    bo   in   cs us sy id wa st gu
34  0      0 58483580   1624 1419036    0    0   556     0 15699 161328 11  6 84  0  0  0
24  1      0 58472496   1624 1419808    0    0   404     0 13838 156143 11  6 84  0  0  0
61  0      0 57671772   1624 1661988    0    0 136228   704 33353 176219 14 10 76  1  0  0
10  0      0 57712732   1624 1691896    0    0  5628     0 17709 161224 11  6 83  0  0  0
54  0      0 57300156   1624 1793256    0    0  7284  1536 20121 161901 11  6 82  0  0  0
 1  0      0 57129552   1624 1831776    0    0     0     0 14236 156785 11  6 84  0  0  0
64  0      0 57147872   1624 1831776    0    0     0     0 13866 159208 11  5 84  0  0  0
 1  0      0 56979260   1624 1870252    0    0     0     0 15668 161164 11  6 83  0  0  0
 1  0      0 57028892   1624 1870296    0    0     0     0 14776 159169 11  6 84  0  0  0
46  0      0 57069388   1624 1899064    0    0     0   408 15193 156349 11  6 83  0  0  0
45  0      0 57063664   1624 1899064    0    0     0     8 13215 157144 11  5 84  0  0  0
 1  0      0 57066032   1624 1899064    0    0     0     0 13604 155753 11  5 84  0  0  0
48  0      0 57033968   1624 1919272    0    0 14380     0 16212 157410 11  6 83  0  0  0
54  0      0 57052044   1624 1919272    0    0     0     0 15152 160390 11  6 83  0  0  0
13  0      0 57155248   1624 1880800    0    0    16   144 14450 159762 11  6 84  0  0  0
65  0      0 57181408   1624 1880800    0    0     0     0 14252 158750 11  5 84  0  0  0
57  0      0 57194092   1624 1880800    0    0     0     0 13770 157930 10  6 84  0  0  0
59  0      0 57226496   1624 1886432    0    0   640 15980 16253 164627 11  6 84  0  0  0
35  0      0 57232344   1624 1886464    0    0    32   380 14467 159617 11  5 84  0  0  0
 3  0      0 57232504   1624 1886464    0    0     0     0 14026 159400 11  5 84  0  0  0
47  0      0 57239508   1624 1886464    0    0     0     0 15163 159171 11  5 84  0  0  0
procs -----------memory---------- ---swap-- -----io---- -system-- -------cpu-------
 r  b   swpd   free   buff  cache   si   so    bi    bo   in   cs us sy id wa st gu
49  0      0 57879332   1624 1703640    0    0   140  1660 17201 161607 11  6 83  0  0  0
29  0      0 57879080   1624 1703644    0    0     0     8 14957 157553 11  5 84  0  0  0
52  0      0 57882964   1624 1703744    0    0    96  1476 16546 162027 11  6 83  0  0  0
 1  0      0 57880600   1624 1698880    0    0     0     0 15653 161283 11  6 84  0  0  0
31  0      0 57876336   1624 1698880    0    0     0     0 13591 159352 11  6 84  0  0  0
 2  0      0 57884464   1624 1699364    0    0    64  1032 13923 157866 11  6 83  0  0  0
31  0      0 57884596   1624 1699380    0    0    16    76 14369 153827 11  5 84  0  0  0
61  0      0 57882952   1624 1699380    0    0     0     0 13799 160442 11  6 84  0  0  0
54  0      0 57875044   1624 1699380    0    0     0     0 13105 157505 11  5 84  0  0  0
73  0      0 57875352   1624 1699380    0    0     0     0 13337 157826 11  5 84  0  0  0
 1  0      0 57875288   1624 1699380    0    0     0     0 13450 156956 11  6 84  0  0  0
75  0      0 57873504   1624 1699376    0    0     0   616 13916 157594 11  5 84  0  0  0
19  0      0 57867824   1624 1699392    0    0    16    20 13450 156815 11  6 84  0  0  0
28  0      0 57864260   1624 1699392    0    0     0     0 13203 157350 11  5 84  0  0  0
37  0      0 57857900   1624 1699392    0    0     0     0 13441 157255 11  5 84  0  0  0
66  0      0 57898532   1624 1698744    0    0     0   804 15168 160245 11  6 84  0  0  0
25  0      0 57892844   1624 1698744    0    0     0     0 13951 159244 11  5 84  0  0  0
18  0      0 57893508   1624 1698744    0    0     0     0 13923 157694 10  6 84  0  0  0
34  0      0 57888456   1624 1698748    0    0     0   136 14268 158881 11  5 84  0  0  0
60  0      0 57880072   1624 1698748    0    0     0     4 12998 156731 10  6 84  0  0  0
37  0      0 57881464   1624 1698748    0    0     0     0 13216 156990 11  5 84  0  0  0
procs -----------memory---------- ---swap-- -----io---- -system-- -------cpu-------
 r  b   swpd   free   buff  cache   si   so    bi    bo   in   cs us sy id wa st gu
69  0      0 57885296   1624 1698752    0    0     0     0 13286 157489 11  5 84  0  0  0
74  0      0 57886316   1624 1698752    0    0     0     0 13837 160474 11  5 84  0  0  0
51  0      0 57878152   1624 1698752    0    0     0     0 12862 157551 11  5 84  0  0  0
16  0      0 57877688   1624 1698752    0    0     0   136 13419 156956 11  5 84  0  0  0
47  0      0 57886564   1624 1698752    0    0     0     0 14365 159880 11  6 84  0  0  0
 1  0      0 57891220   1624 1698752    0    0     0  2048 13722 157261 11  5 84  0  0  0
57  0      0 57885280   1624 1698752    0    0     0     0 13239 158300 10  6 84  0  0  0
82  0      0 57871412   1624 1702176    0    0   656  7084 14373 160873 11  5 84  0  0  0
74  0      0 57865696   1624 1702176    0    0     0     0 13533 156995 10  5 84  0  0  0
 1  0      0 57861644   1624 1702176    0    0     0     0 13764 158997 11  5 84  0  0  0
83  0      0 57858624   1624 1702176    0    0     0     0 13568 158140 11  6 84  0  0  0
49  0      0 57860636   1624 1702176    0    0     0     8 13342 157270 11  5 84  0  0  0
60  0      0 57872132   1624 1702176    0    0     0     0 13192 157793 11  5 84  0  0  0
50  0      0 57879296   1624 1702176    0    0     0     0 13887 157394 10  5 84  0  0  0
 1  0      0 57875144   1624 1702176    0    0     0     0 13581 159225 11  5 84  0  0  0
52  0      0 57876624   1624 1702176    0    0     0     0 13240 156460 11  5 84  0  0  0
 1  0      0 57876108   1624 1702176    0    0     0     0 12718 157116 11  5 84  0  0  0
41  0      0 57878624   1624 1702176    0    0     0     0 13516 158030 11  5 84  0  0  0
43  0      0 57871860   1624 1702176    0    0     0     0 13224 159305 11  5 84  0  0  0
66  0      0 57881860   1624 1702176    0    0     0     0 13637 159293 11  5 84  0  0  0
67  0      0 57877200   1624 1702176    0    0     0     0 12976 156997 11  5 84  0  0  0
procs -----------memory---------- ---swap-- -----io---- -system-- -------cpu-------
 r  b   swpd   free   buff  cache   si   so    bi    bo   in   cs us sy id wa st gu
19  0      0 57876364   1624 1702176    0    0     0     0 13423 158235 11  5 84  0  0  0
74  0      0 57876936   1624 1702176    0    0     0     0 13219 159255 11  6 84  0  0  0
51  0      0 57878240   1624 1702176    0    0     0     0 12952 157632 11  5 84  0  0  0
36  0      0 57877244   1624 1702176    0    0     0     0 14235 160685 11  5 84  0  0  0
64  0      0 57875352   1624 1702176    0    0     0   164 13157 158820 11  6 84  0  0  0
48  0      0 57865168   1624 1702176    0    0     0     4 13904 157301 11  5 84  0  0  0
72  0      0 57859944   1624 1702180    0    0     0   408 13310 157868 11  5 84  0  0  0
14  0      0 57864648   1624 1702180    0    0     0     0 14290 160932 11  6 84  0  0  0
59  0      0 57863712   1624 1702180    0    0     0     0 13813 157522 11  5 84  0  0  0
40  0      0 57861500   1624 1702180    0    0     0     0 13425 158243 11  5 84  0  0  0
57  0      0 57866844   1624 1702180    0    0     0     0 13304 158285 10  6 84  0  0  0
51  0      0 57870896   1624 1702180    0    0     0     0 13468 160174 11  5 84  0  0  0
58  0      0 57871468   1624 1702180    0    0     0     0 13575 159512 11  6 84  0  0  0
53  0      0 57872932   1624 1702180    0    0     0     0 14371 160506 11  5 84  0  0  0
49  0      0 57869288   1624 1702180    0    0     0     0 12928 157915 11  5 84  0  0  0
50  0      0 57866252   1624 1702180    0    0     0     0 13252 157270 11  6 84  0  0  0
40  0      0 57866272   1624 1702180    0    0     0     0 13123 157658 10  5 84  0  0  0
87  0      0 57866304   1624 1702180    0    0     0   608 13228 157796 11  5 84  0  0  0
63  0      0 57876136   1624 1702180    0    0     0     0 13163 156969 11  5 84  0  0  0
26  0      0 57883496   1624 1702180    0    0     0     0 13369 158069 11  5 84  0  0  0
 1  0      0 57884556   1624 1702196    0    0    16  1644 13751 159627 11  5 84  0  0  0
procs -----------memory---------- ---swap-- -----io---- -system-- -------cpu-------
 r  b   swpd   free   buff  cache   si   so    bi    bo   in   cs us sy id wa st gu
59  0      0 57889704   1624 1702200    0    0     0     8 13320 157339 11  6 84  0  0  0
37  0      0 57891108   1624 1702200    0    0     0     0 13137 156909 11  5 84  0  0  0
75  0      0 57895732   1624 1702200    0    0     0     0 13428 158493 11  5 84  0  0  0
53  0      0 57903980   1624 1702200    0    0     0     0 13734 157541 11  5 84  0  0  0
63  0      0 57893932   1624 1702200    0    0     0     0 13851 162068 11  5 84  0  0  0
 0  0      0 57892520   1624 1702388    0    0     4     0 1990 9454  1  0 98  0  0  0
 0  0      0 58129872   1624 1702256    0    0     0     0  783  704  0  0 100  0  0  0
 0  0      0 58141620   1624 1702256    0    0     0     0  779  471  0  0 100  0  0  0
 0  0      0 58168108   1624 1702256    0    0     0     0  443  228  0  0 100  0  0  0
 0  0      0 58171156   1624 1702256    0    0     0     0  413  250  0  0 100  0  0  0
 0  0      0 58187884   1624 1702256    0    0     0     0  499  239  0  0 100  0  0  0
 0  0      0 58203208   1624 1702256    0    0     0     0  753  332  0  0 100  0  0  0
 0  0      0 58209604   1624 1702256    0    0     0     0  581  355  0  0 100  0  0  0
 0  0      0 58223160   1624 1702256    0    0     0     0  399  267  0  0 100  0  0  0
 0  0      0 58245152   1624 1702256    0    0     0     0  702  359  0  0 100  0  0  0
 0  0      0 58257988   1624 1702256    0    0     0   136 1369  445  0  0 100  0  0  0
 0  0      0 58273140   1624 1702256    0    0     0     0  598  245  0  0 100  0  0  0
 0  0      0 58279788   1624 1702256    0    0     0     0  576  330  0  0 100  0  0  0
 0  0      0 58291968   1624 1702256    0    0     0     4  583  246  0  0 100  0  0  0
 0  0      0 58303024   1624 1702256    0    0     0     0  703  317  0  0 100  0  0  0
 0  0      0 58312496   1624 1702256    0    0     0     0  643  242  0  0 100  0  0  0
procs -----------memory---------- ---swap-- -----io---- -system-- -------cpu-------
 r  b   swpd   free   buff  cache   si   so    bi    bo   in   cs us sy id wa st gu
 0  0      0 58314208   1624 1702256    0    0     0     0  618  234  0  0 100  0  0  0
 0  0      0 58322304   1624 1702256    0    0     0     0  496  328  0  0 100  0  0  0
 0  0      0 58326080   1624 1702256    0    0     0   136 1181  430  0  0 100  0  0  0
 0  0      0 58335536   1624 1702260    0    0     0     0  640  239  0  0 100  0  0  0
 0  0      0 58340800   1624 1702260    0    0     0     0  525  233  0  0 100  0  0  0
 0  0      0 58345860   1624 1702260    0    0     0     0  507  216  0  0 100  0  0  0
 0  0      0 58349668   1624 1702260    0    0     0     0  801  383  0  0 100  0  0  0
 0  0      0 58353732   1624 1702260    0    0     0     0  604  230  0  0 100  0  0  0
 0  0      0 58356516   1624 1702260    0    0     0     0  510  222  0  0 100  0  0  0
 0  0      0 58358488   1624 1702260    0    0     0   512  605  373  0  0 100  0  0  0
 0  0      0 58360024   1624 1702260    0    0     0     0  909  345  0  0 100  0  0  0
 0  0      0 58362480   1624 1702260    0    0     0  1200  885  814  0  0 100  0  0  0
 0  0      0 58362480   1624 1702260    0    0     0     0  580  314  0  0 100  0  0  0
 0  0      0 58364004   1624 1702260    0    0     0     0  764  368  0  0 100  0  0  0
 0  0      0 58371608   1624 1702260    0    0     0     0 1196  655  0  0 100  0  0  0
 3  0      0 58285824   1624 1702292    0    0     0     0 2534 4344  3  0 96  0  0  0
 0  0      0 58188644   1624 1702456    0    0     0     4 2527 3898  4  0 96  0  0  0
44  0      0 58136548   1624 1702560    0    0     0     0 4818 41198  4  2 94  0  0  0
45  0      0 58090224   1624 1702564    0    0     0     0 13991 153606 14  5 81  0  0  0
64  0      0 58068448   1624 1702564    0    0     0     0 13503 157709 12  6 82  0  0  0
72  0      0 58135776   1624 1702564    0    0     0     0 12725 158172 11  6 84  0  0  0
procs -----------memory---------- ---swap-- -----io---- -system-- -------cpu-------
 r  b   swpd   free   buff  cache   si   so    bi    bo   in   cs us sy id wa st gu
 2  0      0 58127964   1624 1702564    0    0     0     0 12902 157668 11  5 84  0  0  0
10  0      0 58120184   1624 1702568    0    0     0     0 13333 159385 11  6 84  0  0  0
46  0      0 58116412   1624 1702568    0    0     0     0 13164 159322 11  6 83  0  0  0
34  0      0 58130296   1624 1702576    0    0     0   408 13959 162995 11  6 83  0  0  0
57  0      0 58124852   1624 1702576    0    0     0     0 13477 162031 11  6 84  0  0  0
72  0      0 58126088   1624 1702576    0    0     0     0 15102 163561 11  6 84  0  0  0
54  0      0 58123004   1624 1702576    0    0     0     0 13579 159804 11  6 84  0  0  0
55  0      0 58117052   1624 1702576    0    0     0     0 13458 158380 11  6 84  0  0  0
65  0      0 58117392   1624 1702576    0    0     0     0 14326 164151 11  6 84  0  0  0
49  0      0 58117340   1624 1702576    0    0     0     0 14168 166021 11  6 84  0  0  0
32  0      0 58112540   1624 1702576    0    0     0     0 13083 156954 11  6 84  0  0  0
 1  0      0 58104648   1624 1702576    0    0     0     0 12954 159126 11  6 84  0  0  0
37  0      0 58102520   1624 1702576    0    0     0     8 13080 159010 11  6 84  0  0  0
31  0      0 58095788   1624 1702576    0    0     0     0 13267 160214 11  6 84  0  0  0
71  0      0 58088056   1624 1702576    0    0     0     0 13530 160144 11  5 84  0  0  0
75  0      0 58079824   1624 1702576    0    0     0     0 14480 162256 11  6 84  0  0  0
 1  0      0 58076308   1624 1702576    0    0     0     0 13630 160095 11  5 84  0  0  0
36  0      0 58066400   1624 1702576    0    0     0     0 13402 157322 11  5 84  0  0  0
42  0      0 58064908   1624 1702576    0    0     0     0 13268 160221 11  5 84  0  0  0
 1  0      0 58055408   1624 1702576    0    0     0     0 13266 159165 11  6 84  0  0  0
47  0      0 58047076   1624 1702576    0    0     0   512 13704 161644 11  5 84  0  0  0
procs -----------memory---------- ---swap-- -----io---- -system-- -------cpu-------
 r  b   swpd   free   buff  cache   si   so    bi    bo   in   cs us sy id wa st gu
30  0      0 58043332   1624 1702576    0    0     0     0 13458 159564 11  6 84  0  0  0
89  0      0 58037464   1624 1702576    0    0     0     0 13394 160309 11  6 84  0  0  0
62  0      0 58032996   1624 1702576    0    0     0     0 13821 160533 11  6 84  0  0  0
49  0      0 58029120   1624 1702576    0    0     0     0 13126 159099 11  5 84  0  0  0
45  0      0 58019328   1624 1702576    0    0     0  1108 13890 160576 11  6 84  0  0  0
47  0      0 58015488   1624 1702576    0    0     0     0 13692 157063 11  5 84  0  0  0
 7  0      0 58008428   1624 1702576    0    0     0     0 13330 159598 11  6 84  0  0  0
13  0      0 57995780   1624 1702576    0    0     0     0 13497 162846 11  5 84  0  0  0
47  0      0 57990528   1624 1702576    0    0     0     0 14338 165669 10  6 84  0  0  0
41  0      0 57987172   1624 1702576    0    0     0     0 13714 160221 11  6 84  0  0  0
54  0      0 57983440   1624 1702576    0    0     0     0 13260 160139 11  6 84  0  0  0
 0  0      0 57966044   1624 1702612    0    0     0     0 10804 113585  8  4 87  0  0  0
 0  0      0 58142552   1624 1702480    0    0     0   136 1099  811  0  0 100  0  0  0
 1  0      0 58139156   1624 1704704    0    0  1972     0 1055 1670  0  0 100  0  0  0
