procs -----------memory---------- ---swap-- -----io---- -system-- -------cpu-------
 r  b   swpd   free   buff  cache   si   so    bi    bo   in   cs us sy id wa st gu
 1  0      0 59898112    288 965432    0    0 13434  3649 12715   19 10  2 88  0  0  0
 0  0      0 59892812    288 966308    0    0   304     0 3920 3471  0  0 100  0  0  0
 4  0      0 59733528    288 1013136    0    0 30944     0 5707 9611  2  1 97  0  0  0
 1  0      0 59639708    288 1042968    0    0 27020     0 5544 14083  5  1 94  0  0  0
 1  0      0 59643960    288 1043680    0    0   676     0  878  879  0  0 100  0  0  0
62  0      0 59445304    288 1045588    0    0  1472     0 15391 130472 13  5 82  0  0  0
 1  0      0 59442384    288 1045592    0    0     0     0 15623 160283 12  6 82  0  0  0
46  0      0 59439468    288 1045592    0    0     0     0 13829 164141 11  5 84  0  0  0
40  0      0 59477012    288 1047724    0    0  1724     0 14492 159482 11  6 83  0  0  0
33  0      0 59468744    288 1047684    0    0     0     0 12857 152271 11  5 84  0  0  0
79  0      0 59457492    288 1051444    0    0  3580     0 14863 152888 12  5 83  0  0  0
35  0      0 59442976    288 1051444    0    0     0     0 13191 154939 11  5 83  0  0  0
37  0      0 59436552    288 1051444    0    0     0     0 14269 159387 11  5 84  0  0  0
58  0      0 59444644    288 1051444    0    0     0     0 13482 156937 11  5 84  0  0  0
 1  0      0 59439132    288 1051444    0    0     0     0 13584 155388 11  5 84  0  0  0
62  0      0 59435784    288 1051444    0    0     0     0 14172 158643 11  5 84  0  0  0
47  0      0 59352388   1616 1121552    0    0 47260   312 31623 162847 16  7 76  1  0  0
21  0      0 59316216   1616 1132896    0    0  9608   632 20065 158323 15  5 79  0  0  0
 3  0      0 59289864   1616 1138292    0    0  1160  5144 30318 195486 16  6 77  1  0  0
60  0      0 59295956   1616 1139024    0    0    16   632 15793 161308 11  5 83  0  0  0
42  0      0 59293896   1616 1139024    0    0     0     0 14355 159169 11  5 84  0  0  0
procs -----------memory---------- ---swap-- -----io---- -system-- -------cpu-------
 r  b   swpd   free   buff  cache   si   so    bi    bo   in   cs us sy id wa st gu
48  0      0 59288292   1616 1139024    0    0     0     0 14166 158307 11  5 84  0  0  0
56  0      0 59282972   1616 1139016    0    0     0     0 13951 155887 11  5 84  0  0  0
37  0      0 59274948   1616 1139016    0    0     0     0 13635 157087 11  5 84  0  0  0
56  0      0 59285684   1616 1139016    0    0     0     0 14146 157596 11  5 84  0  0  0
41  0      0 59282320   1616 1139016    0    0     0     0 13490 156069 11  5 84  0  0  0
64  0      0 59288268   1616 1139016    0    0     0     0 14581 159115 11  5 84  0  0  0
20  0      0 59291216   1616 1139016    0    0     0     0 13525 157756 11  5 84  0  0  0
37  0      0 59295800   1624 1144408    0    0  2288 12496 15917 164597 11  5 83  0  0  0
55  0      0 59290212   1624 1144632    0    0     0     0 13814 157183 11  5 84  0  0  0
 1  0      0 59291988   1624 1144632    0    0     0     0 13739 157590 11  5 84  0  0  0
28  0      0 59285576   1624 1144632    0    0     0     0 13679 156292 11  5 84  0  0  0
 1  0      0 59278208   1624 1144632    0    0     0     0 13996 155995 11  5 84  0  0  0
66  0      0 59273296   1624 1144792    0    0     0     4 13782 156222 11  5 84  0  0  0
67  0      0 59272264   1624 1144792    0    0     0     0 13683 157826 11  5 84  0  0  0
69  0      0 59270884   1624 1144792    0    0     0     0 13600 157022 11  5 84  0  0  0
80  0      0 59265460   1624 1144792    0    0     0     0 14217 158596 11  5 84  0  0  0
66  0      0 59260104   1624 1144792    0    0     0     0 13009 152272 11  5 84  0  0  0
42  0      0 59252568   1624 1144792    0    0     0     0 13064 156005 11  5 84  0  0  0
67  0      0 59254788   1624 1144792    0    0     0     0 13675 159010 10  6 84  0  0  0
36  0      0 59251336   1624 1144920    0    0     0   136 13451 156783 11  5 84  0  0  0
63  0      0 59242732   1624 1144920    0    0     0     0 14026 158240 11  5 84  0  0  0
procs -----------memory---------- ---swap-- -----io---- -system-- -------cpu-------
 r  b   swpd   free   buff  cache   si   so    bi    bo   in   cs us sy id wa st gu
75  0      0 59236068   1624 1144924    0    0     0     0 14447 157157 11  5 84  0  0  0
52  0      0 59231604   1624 1144924    0    0     0     0 13663 155318 11  5 84  0  0  0
69  0      0 59233804   1624 1144924    0    0     0     0 13600 155794 11  5 84  0  0  0
59  0      0 59237900   1624 1144924    0    0     0     0 14726 157749 11  5 84  0  0  0
55  0      0 59255092   1624 1145100    0    0     0    72 14248 158354 11  5 84  0  0  0
28  0      0 59248188   1624 1145100    0    0     0     0 13843 154900 11  5 84  0  0  0
 1  0      0 59242364   1624 1145216    0    0     0   144 13954 157006 11  5 84  0  0  0
74  0      0 59236288   1624 1145232    0    0     0     0 14298 158192 11  5 84  0  0  0
 1  0      0 59233676   1624 1145232    0    0     0     0 14090 158199 11  5 84  0  0  0
70  0      0 59228564   1624 1145232    0    0     0     0 13831 155342 11  5 84  0  0  0
50  0      0 59228488   1624 1145232    0    0     0     0 14440 157884 11  5 84  0  0  0
46  0      0 59224724   1624 1145232    0    0     0     0 13633 156744 11  5 84  0  0  0
 1  0      0 59215992   1624 1145232    0    0     0     0 13743 160348 11  5 84  0  0  0
66  0      0 59210660   1624 1145232    0    0     0     0 13527 155905 11  5 84  0  0  0
62  0      0 59203572   1624 1145232    0    0     0     0 14810 157940 11  5 84  0  0  0
 1  0      0 59193212   1624 1145232    0    0     0     0 13484 157825 11  5 84  0  0  0
21  0      0 59190880   1624 1145232    0    0     0     0 13485 157772 11  5 84  0  0  0
35  0      0 59190692   1624 1145232    0    0     0   928 14193 158420 11  5 84  0  0  0
37  0      0 59184664   1624 1145232    0    0     0     0 14216 156743 11  5 84  0  0  0
 1  0      0 59176800   1624 1145232    0    0     0     0 13459 157440 11  5 84  0  0  0
61  0      0 59173916   1624 1145264    0    0     0    76 13478 156505 11  5 84  0  0  0
procs -----------memory---------- ---swap-- -----io---- -system-- -------cpu-------
 r  b   swpd   free   buff  cache   si   so    bi    bo   in   cs us sy id wa st gu
35  0      0 59166344   1624 1145264    0    0     0     0 13261 156012 11  5 84  0  0  0
52  0      0 59163720   1624 1145376    0    0     0     8 13549 156573 11  5 84  0  0  0
66  0      0 59164284   1624 1146756    0    0   160  2668 14064 157585 11  5 84  0  0  0
23  0      0 59159324   1624 1146756    0    0     0     0 13974 157373 11  5 84  0  0  0
54  0      0 59155784   1624 1146756    0    0     0     0 13099 156286 11  5 84  0  0  0
83  0      0 59155112   1624 1146756    0    0     0     0 13836 155580 11  5 84  0  0  0
66  0      0 59160392   1624 1146756    0    0     0     0 13544 158006 11  5 84  0  0  0
15  0      0 59169112   1624 1146756    0    0     0     0 13379 154328 11  5 84  0  0  0
45  0      0 59164392   1624 1146756    0    0     0     0 14098 157587 11  5 84  0  0  0
 6  0      0 59157952   1624 1146756    0    0     0     0 13611 156310 11  5 84  0  0  0
38  0      0 59156700   1624 1146756    0    0     0     0 14406 159393 11  6 84  0  0  0
45  0      0 59150828   1624 1146756    0    0     0     0 13408 155347 10  6 84  0  0  0
38  0      0 59172716   1624 1146756    0    0     0     0 13677 156993 11  5 84  0  0  0
35  0      0 59163132   1624 1146756    0    0     0     0 14445 160937 11  6 84  0  0  0
51  0      0 59160044   1624 1146756    0    0     0     0 13215 155739 11  5 84  0  0  0
20  0      0 59164420   1624 1147016    0    0     0   408 13730 155824 11  5 84  0  0  0
31  0      0 59158204   1624 1147080    0    0     0     4 13373 155812 11  5 84  0  0  0
66  0      0 59158748   1624 1147080    0    0     0     0 14438 157190 11  6 84  0  0  0
75  0      0 59158052   1624 1147080    0    0     0     0 13515 156024 11  5 84  0  0  0
49  0      0 59156628   1624 1147080    0    0     0     0 14060 158051 11  5 84  0  0  0
10  0      0 59163156   1624 1147080    0    0     0     0 14131 156953 11  5 84  0  0  0
procs -----------memory---------- ---swap-- -----io---- -system-- -------cpu-------
 r  b   swpd   free   buff  cache   si   so    bi    bo   in   cs us sy id wa st gu
35  0      0 59163172   1624 1147084    0    0     0     0 13335 157822 11  5 84  0  0  0
11  0      0 59158616   1624 1147084    0    0     0     0 13752 157117 11  5 84  0  0  0
40  0      0 59166440   1624 1147084    0    0     0     0 14302 158067 11  5 84  0  0  0
57  0      0 59157864   1624 1147084    0    0     0     0 13730 156624 11  6 84  0  0  0
29  0      0 59152248   1624 1147084    0    0     0     0 13629 156064 11  5 84  0  0  0
32  0      0 59154316   1624 1147084    0    0     0     0 13510 155675 11  5 84  0  0  0
24  0      0 59150372   1624 1147084    0    0     0     0 13310 157006 11  5 84  0  0  0
56  0      0 59151480   1624 1147084    0    0     0     0 13803 156900 11  5 84  0  0  0
44  0      0 59146704   1624 1147084    0    0     0     0 13868 156278 11  5 84  0  0  0
63  0      0 59141016   1624 1147084    0    0     0   384 13377 156874 11  5 84  0  0  0
39  0      0 59153348   1624 1147084    0    0     0     0 13729 156659 11  5 84  0  0  0
58  0      0 59151812   1624 1147212    0    0     0     8 14100 157215 11  5 84  0  0  0
35  0      0 59145348   1624 1147212    0    0     0     0 14191 159112 10  6 84  0  0  0
 1  0      0 59142408   1624 1147212    0    0     0     0 13518 156715 11  5 84  0  0  0
39  0      0 59134628   1624 1147212    0    0     0     0 13813 156777 11  5 84  0  0  0
 1  0      0 59135580   1624 1147212    0    0     0     0 13978 157127 11  5 84  0  0  0
 8  0      0 59132024   1624 1147212    0    0     0     0 13828 156255 10  5 84  0  0  0
60  0      0 59127636   1624 1147212    0    0     0     0 13838 156571 11  5 84  0  0  0
29  0      0 59132504   1624 1147340    0    0     0   136 13883 157146 11  5 84  0  0  0
 1  0      0 59123440   1624 1147340    0    0     0     0 13490 157179 11  5 84  0  0  0
36  0      0 59124280   1624 1147340    0    0     0     0 13738 157081 11  5 84  0  0  0
procs -----------memory---------- ---swap-- -----io---- -system-- -------cpu-------
 r  b   swpd   free   buff  cache   si   so    bi    bo   in   cs us sy id wa st gu
90  0      0 59129780   1624 1147340    0    0     0     0 13532 155701 11  5 84  0  0  0
48  0      0 59122712   1624 1147340    0    0     0     0 13751 155325 11  5 84  0  0  0
64  0      0 59124312   1624 1147340    0    0     0     0 13358 156403 11  5 84  0  0  0
53  0      0 59122564   1624 1147408    0    0     0   136 14064 157261 11  5 84  0  0  0
61  0      0 59117716   1624 1148128    0    0   112  1580 13819 157461 11  5 84  0  0  0
44  0      0 59115892   1624 1148128    0    0     0     0 13877 155842 11  5 84  0  0  0
54  0      0 59117984   1624 1148128    0    0     0     0 13831 159250 11  5 84  0  0  0
 1  0      0 59116040   1624 1148128    0    0     0     0 14191 156412 11  5 84  0  0  0
19  0      0 59120596   1624 1148064    0    0     0     0 14254 158154 11  5 84  0  0  0
66  0      0 59116008   1624 1148064    0    0     0     0 13710 153438 11  5 84  0  0  0
17  0      0 59122092   1624 1148064    0    0     0     0 13555 155507 11  5 84  0  0  0
64  0      0 59123164   1624 1148064    0    0     0     0 13918 157786 11  5 84  0  0  0
 1  0      0 59121892   1624 1148064    0    0     0     0 13514 157720 11  5 84  0  0  0
51  0      0 59131896   1624 1148064    0    0     0     0 13929 158461 11  5 84  0  0  0
 7  0      0 59127028   1624 1148064    0    0     0     0 14202 156370 11  5 84  0  0  0
61  0      0 59124380   1624 1148064    0    0     0     0 13337 156599 11  5 84  0  0  0
50  0      0 59124212   1624 1148064    0    0     0     0 13158 156668 11  5 84  0  0  0
60  0      0 59121892   1624 1148064    0    0     0     0 13488 156404 11  5 84  0  0  0
10  0      0 59123548   1624 1148064    0    0     0     0 13377 156028 11  5 84  0  0  0
56  0      0 59123096   1624 1148064    0    0     0     0 13683 157195 11  5 84  0  0  0
 1  0      0 59113980   1624 1148064    0    0     0     0 13919 156525 11  5 84  0  0  0
procs -----------memory---------- ---swap-- -----io---- -system-- -------cpu-------
 r  b   swpd   free   buff  cache   si   so    bi    bo   in   cs us sy id wa st gu
44  0      0 59122948   1624 1148820    0    0   596     0 15326 162478 11  5 83  0  0  0
45  0      0 59115808   1624 1149748    0    0    48   800 14130 160305 11  5 84  0  0  0
21  0      0 59114000   1624 1149812    0    0     0    72 13992 158359 11  5 84  0  0  0
 1  0      0 59114120   1624 1149812    0    0     0     0 14077 157031 11  5 84  0  0  0
50  0      0 59111792   1624 1149812    0    0     0     0 14565 158304 11  5 84  0  0  0
 0  0      0 59110292   1624 1149652    0    0     4     0 2025 9933  1  0 98  0  0  0
 0  0      0 59297512   1624 1149892    0    0     0    76 1069  845  0  0 100  0  0  0
 0  0      0 59308176   1624 1150116    0    0    16   392  899  667  0  0 100  0  0  0
 0  0      0 59329308   1624 1150180    0    0     0    80  635  374  0  0 100  0  0  0
 0  0      0 59346656   1624 1150180    0    0     0     0  562  438  0  0 100  0  0  0
 0  0      0 59367444   1624 1150180    0    0     0     0  829  384  0  0 100  0  0  0
 0  0      0 59391332   1624 1150180    0    0     0     0  561  268  0  0 100  0  0  0
 0  0      0 59398888   1624 1150180    0    0     0   408  733  527  0  0 100  0  0  0
 0  0      0 59419924   1624 1150424    0    0     0     0  470  283  0  0 100  0  0  0
 0  0      0 59437428   1624 1150424    0    0     0     4  977  558  0  0 100  0  0  0
 0  0      0 59462904   1624 1150440    0    0     0     0  649  283  0  0 100  0  0  0
 0  0      0 59479424   1624 1150440    0    0     0     0  567  310  0  0 100  0  0  0
 0  0      0 59495456   1624 1150440    0    0     0     0  735  338  0  0 100  0  0  0
 0  0      0 59518608   1624 1150440    0    0     0     0 1033  368  0  0 100  0  0  0
 0  0      0 59522528   1624 1150440    0    0     0     0  562  383  0  0 100  0  0  0
 0  0      0 59545220   1624 1150440    0    0     0     0  650  305  0  0 100  0  0  0
procs -----------memory---------- ---swap-- -----io---- -system-- -------cpu-------
 r  b   swpd   free   buff  cache   si   so    bi    bo   in   cs us sy id wa st gu
 0  0      0 59550800   1624 1150440    0    0     0     0  536  288  0  0 100  0  0  0
 0  0      0 59562240   1624 1150440    0    0     0     0  830  384  0  0 100  0  0  0
 0  0      0 59569804   1624 1150440    0    0     0     0  652  288  0  0 100  0  0  0
 0  0      0 59584400   1624 1150468    0    0    36     0  609  506  0  0 100  0  0  0
 0  0      0 59590976   1624 1150468    0    0     0     0  502  256  0  0 100  0  0  0
 0  0      0 59596960   1624 1150468    0    0     0     0  815  332  0  0 100  0  0  0
 0  0      0 59601968   1624 1150468    0    0     0     0  591  234  0  0 100  0  0  0
 0  0      0 59605312   1624 1150468    0    0     0     0  618  289  0  0 100  0  0  0
 0  0      0 59607432   1624 1150468    0    0     0     0  540  352  0  0 100  0  0  0
 0  0      0 59610200   1624 1150468    0    0     0     0  768  342  0  0 100  0  0  0
 0  0      0 59615476   1624 1150468    0    0     0  1376  661  578  0  0 100  0  0  0
 0  0      0 59612688   1624 1153284    0    0   688  4048 1130 1920  0  0 100  0  0  0
 0  0      0 59614464   1624 1153284    0    0     0     0  687  244  0  0 100  0  0  0
 0  0      0 59616900   1624 1153284    0    0     0     0  865  486  0  0 100  0  0  0
 0  0      0 59623348   1624 1153284    0    0     0     0 1146  556  0  0 100  0  0  0
 1  0      0 59583768   1624 1155112    0    0  1764     0 2515 5142  3  0 97  0  0  0
 0  0      0 59451468   1624 1155276    0    0     0     4 2555 4172  4  0 96  0  0  0
52  0      0 59406340   1624 1155520    0    0     0   136 4738 35484  4  1 94  0  0  0
 2  0      0 59393856   1624 1155524    0    0     0     0 14830 155584 14  6 80  0  0  0
26  0      0 59423172   1624 1155524    0    0     0     0 13339 156231 11  6 83  0  0  0
46  0      0 59435692   1624 1155524    0    0     0     0 13507 157731 11  5 84  0  0  0
procs -----------memory---------- ---swap-- -----io---- -system-- -------cpu-------
 r  b   swpd   free   buff  cache   si   so    bi    bo   in   cs us sy id wa st gu
15  0      0 59421008   1624 1155588    0    0     0   136 13581 159419 11  6 84  0  0  0
61  0      0 59418156   1624 1155592    0    0     0     0 13450 162041 11  5 84  0  0  0
47  0      0 59416088   1624 1155592    0    0     0     0 13344 157365 11  5 84  0  0  0
44  0      0 59399216   1624 1155592    0    0     0     0 13289 154677 11  5 83  0  0  0
44  0      0 59399284   1624 1155592    0    0     0     0 13337 160147 11  5 84  0  0  0
77  0      0 59396692   1624 1155592    0    0     0     0 13136 157674 11  5 84  0  0  0
36  0      0 59387092   1624 1155592    0    0     0     0 13624 157913 11  5 84  0  0  0
19  0      0 59383112   1624 1155592    0    0     0     0 13359 158532 11  5 84  0  0  0
79  0      0 59375948   1624 1155592    0    0     0     0 13619 159462 11  5 84  0  0  0
 1  0      0 59370900   1624 1155592    0    0     0     0 13399 157300 11  5 84  0  0  0
54  0      0 59365780   1624 1155592    0    0     0     0 13193 155541 11  5 84  0  0  0
69  0      0 59357032   1624 1155592    0    0     0     0 13778 157852 11  6 84  0  0  0
60  0      0 59352916   1624 1155592    0    0     0     0 13719 157328 11  5 84  0  0  0
55  0      0 59345620   1624 1155592    0    0     0     0 13348 157691 11  5 84  0  0  0
 1  0      0 59343484   1624 1155592    0    0     0     0 14279 160506 11  5 84  0  0  0
69  0      0 59334544   1624 1155592    0    0     0     0 13763 158828 11  5 84  0  0  0
28  0      0 59328672   1624 1155592    0    0     0     0 13256 157364 11  5 84  0  0  0
37  0      0 59322380   1624 1155592    0    0     0     0 14554 162024 11  5 84  0  0  0
76  0      0 59316484   1624 1155592    0    0     0     0 14236 159323 11  5 84  0  0  0
44  0      0 59313700   1624 1155592    0    0     0     0 14392 160502 11  5 84  0  0  0
45  0      0 59301920   1624 1156776    0    0   304  2156 13875 159502 11  5 84  0  0  0
procs -----------memory---------- ---swap-- -----io---- -system-- -------cpu-------
 r  b   swpd   free   buff  cache   si   so    bi    bo   in   cs us sy id wa st gu
34  0      0 59299096   1624 1156920    0    0     0     8 13866 159514 11  5 84  0  0  0
56  0      0 59291228   1624 1156920    0    0     0     0 13981 159844 11  5 84  0  0  0
 7  0      0 59284184   1624 1156920    0    0     0     0 14343 158607 11  6 84  0  0  0
40  0      0 59278052   1624 1156920    0    0     0     0 14283 158149 11  5 84  0  0  0
40  0      0 59277720   1624 1156920    0    0     0     0 13271 158508 11  5 84  0  0  0
26  0      0 59269436   1624 1156920    0    0     0     0 13957 160273 11  5 84  0  0  0
81  0      0 59259172   1624 1156920    0    0     0     0 13904 163861 11  5 84  0  0  0
48  0      0 59253420   1624 1156920    0    0     0     0 13439 158310 11  5 84  0  0  0
66  0      0 59248968   1624 1156920    0    0     0     0 14317 154996 11  5 84  0  0  0
52  0      0 59246772   1624 1157184    0    0     0   408 13782 158043 11  5 84  0  0  0
 1  0      0 59236148   1624 1157184    0    0     0     0 14399 161215 11  5 84  0  0  0
 0  0      0 59216472   1624 1157216    0    0     0     0 11252 118123  9  4 87  0  0  0
 0  0      0 59392648   1624 1157084    0    0     0     0  883  634  0  0 100  0  0  0
 0  0      0 59384008   1624 1159116    0    0  1896     8 1103 1593  0  0 100  0  0  0
 5  0      0 59404280   1624 1159212    0    0    16     0 1363 4203  1  0 99  0  0  0
