procs -----------memory---------- ---swap-- -----io---- -system-- -------cpu-------
 r  b   swpd   free   buff  cache   si   so    bi    bo   in   cs us sy id wa st gu
 1  0      0 59886008    292 970672    0    0 12581  3475 12584   20  9  2 88  0  0  0
 0  0      0 59868208    292 971344    0    0   312     0 4627 3661  0  0 99  0  0  0
 4  0      0 59706316    292 1018668    0    0 31560     0 5318 9717  3  1 96  0  0  0
 3  0      0 59600412    292 1049144    0    0 28068     0 5428 14587  5  1 94  0  0  0
 2  0      0 59593524    292 1050088    0    0   772     0 1140  961  0  0 100  0  0  0
51  0      0 59435356    292 1051868    0    0  1408     0 16388 138897 13  5 82  0  0  0
42  0      0 59456724    292 1051872    0    0     0     0 15868 159797 14  6 81  0  0  0
25  0      0 59455304    292 1051872    0    0     0     0 14006 163581 11  5 84  0  0  0
 6  0      0 59461348    292 1054324    0    0  1724     0 14745 160010 11  5 83  0  0  0
48  0      0 59453088    292 1054992    0    0     0     0 13640 156503 11  5 84  0  0  0
46  0      0 59445592    292 1058288    0    0  3628     0 16582 164363 12  6 83  0  0  0
 1  0      0 59441036    292 1058804    0    0     0     0 13974 161502 11  6 83  0  0  0
71  0      0 59431924    292 1058804    0    0     0     0 13614 158035 11  6 84  0  0  0
55  0      0 59427316    292 1058804    0    0     0     0 13963 157787 11  5 84  0  0  0
10  0      0 59426288    292 1058804    0    0     0     0 13247 157196 11  5 84  0  0  0
62  0      0 59427220    292 1058804    0    0     0     0 14029 161200 11  5 84  0  0  0
61  0      0 59220460   1616 1125540    0    0 45973   312 25481 164624 14  7 78  1  0  0
10  0      0 59258400   1616 1130228    0    0  1256     0 22226 164975 16  6 79  0  0  0
 2  0      0 59230076   1616 1143884    0    0 10556  5052 28343 182088 16  6 76  1  0  0
20  0      0 59241748   1616 1144456    0    0    32   948 19470 176662 12  6 82  0  0  0
76  0      0 59246208   1616 1144488    0    0     0     0 13871 157372 11  6 84  0  0  0
procs -----------memory---------- ---swap-- -----io---- -system-- -------cpu-------
 r  b   swpd   free   buff  cache   si   so    bi    bo   in   cs us sy id wa st gu
69  0      0 59249884   1616 1144488    0    0     0     0 14193 155765 11  5 84  0  0  0
29  0      0 59251784   1616 1144892    0    0   132   408 13602 156735 11  5 84  0  0  0
 1  0      0 59253956   1616 1144892    0    0     0     0 14041 158622 11  6 84  0  0  0
47  0      0 59257428   1616 1144892    0    0     0     0 14119 157009 11  5 84  0  0  0
47  0      0 59259980   1616 1144892    0    0     0     0 13848 159431 11  5 84  0  0  0
52  0      0 59264228   1616 1144892    0    0     0     0 14791 161018 11  5 84  0  0  0
34  0      0 59265712   1616 1144892    0    0     0     0 13883 158126 11  5 84  0  0  0
37  0      0 59260972   1624 1149244    0    0  1824 10916 16413 165743 11  6 84  0  0  0
33  0      0 59250028   1624 1149404    0    0     0     0 13559 158096 11  5 84  0  0  0
49  0      0 59243680   1624 1149404    0    0     0     0 14419 157241 11  6 84  0  0  0
63  0      0 59235444   1624 1149404    0    0     0     0 13577 157049 11  6 84  0  0  0
62  0      0 59247024   1624 1149404    0    0     0     0 13450 157107 11  5 84  0  0  0
18  0      0 59243040   1624 1149404    0    0     0     4 15045 160189 11  6 84  0  0  0
77  0      0 59237676   1624 1149404    0    0     0   136 13348 156654 11  5 84  0  0  0
56  0      0 59234544   1624 1149404    0    0     0     0 13538 157380 11  5 84  0  0  0
30  0      0 59229872   1624 1149404    0    0     0     0 14006 157673 11  5 84  0  0  0
57  0      0 59228732   1624 1149404    0    0     0     0 13331 157397 11  5 84  0  0  0
38  0      0 59220260   1624 1149404    0    0     0     0 13576 155774 11  6 84  0  0  0
43  0      0 59214184   1624 1149404    0    0     0     0 13169 156694 11  5 84  0  0  0
 7  0      0 59209768   1624 1149404    0    0     0     0 13609 157749 11  5 84  0  0  0
58  0      0 59214424   1624 1149404    0    0     0     0 13885 158462 11  5 84  0  0  0
procs -----------memory---------- ---swap-- -----io---- -system-- -------cpu-------
 r  b   swpd   free   buff  cache   si   so    bi    bo   in   cs us sy id wa st gu
58  0      0 59200800   1624 1149408    0    0     0     0 13614 157573 11  5 84  0  0  0
73  0      0 59186996   1624 1149408    0    0     0     0 13045 157692 11  5 84  0  0  0
54  0      0 59197008   1624 1149408    0    0     0     0 13870 158116 11  6 84  0  0  0
81  0      0 59196536   1624 1149408    0    0     0     0 13344 156733 11  5 84  0  0  0
 1  0      0 59196860   1624 1149408    0    0     0     0 13373 156786 11  5 84  0  0  0
68  0      0 59194112   1624 1149408    0    0    16    72 13927 156315 11  5 84  0  0  0
 9  0      0 59184732   1624 1149424    0    0     0     0 13309 154680 11  5 84  0  0  0
52  0      0 59194296   1624 1149424    0    0     0     0 14039 157013 11  5 84  0  0  0
42  0      0 59190260   1624 1149424    0    0     0     0 13691 156119 11  5 84  0  0  0
54  0      0 59184356   1624 1149424    0    0     0     0 13523 157929 11  5 84  0  0  0
56  0      0 59179716   1624 1149424    0    0     0   136 14053 158054 11  5 84  0  0  0
35  0      0 59173136   1624 1149440    0    0    16     4 13408 156516 11  6 84  0  0  0
 1  0      0 59164920   1624 1149440    0    0     0     0 13074 153361 11  5 84  0  0  0
56  0      0 59162108   1624 1149440    0    0     0     0 13843 159986 11  5 84  0  0  0
38  0      0 59160616   1624 1149440    0    0     0     0 14151 158332 11  5 84  0  0  0
32  0      0 59155476   1624 1149440    0    0     0     0 13238 153619 11  5 84  0  0  0
46  0      0 59156736   1624 1149440    0    0     0     0 13837 156385 11  5 84  0  0  0
33  0      0 59153716   1624 1149440    0    0     0   928 13350 156675 11  5 84  0  0  0
69  0      0 59165812   1624 1149440    0    0     0     0 13957 158655 11  5 84  0  0  0
33  0      0 59163464   1624 1149440    0    0     0     0 14044 159014 11  5 84  0  0  0
36  0      0 59158680   1624 1149440    0    0     0     0 13211 156219 11  5 84  0  0  0
procs -----------memory---------- ---swap-- -----io---- -system-- -------cpu-------
 r  b   swpd   free   buff  cache   si   so    bi    bo   in   cs us sy id wa st gu
52  0      0 59150904   1624 1149440    0    0     0    76 13088 156547 10  6 84  0  0  0
89  0      0 59146156   1624 1149440    0    0   208  2804 13572 158116 11  5 84  0  0  0
41  0      0 59159056   1624 1149732    0    0     0     0 13748 155538 11  5 84  0  0  0
21  0      0 59162964   1624 1149732    0    0     0     0 13602 158017 11  5 84  0  0  0
61  0      0 59157664   1624 1149732    0    0     0     0 13059 155398 11  5 84  0  0  0
79  0      0 59157244   1624 1149732    0    0     0     0 13926 156370 11  5 84  0  0  0
11  0      0 59150820   1624 1149732    0    0     0     0 13587 156680 11  5 84  0  0  0
66  0      0 59156068   1624 1149892    0    0   596     0 14792 161105 11  5 83  0  0  0
64  0      0 59149424   1624 1150548    0    0    64   652 14024 157528 11  5 84  0  0  0
36  0      0 59154264   1624 1150548    0    0     0   144 13578 155125 11  5 84  0  0  0
60  0      0 59151596   1624 1150548    0    0     0     0 13127 157675 11  5 84  0  0  0
40  0      0 59147796   1624 1150548    0    0     0     0 13165 156626 11  5 84  0  0  0
47  0      0 59138444   1624 1150548    0    0     0     0 13667 156632 11  5 84  0  0  0
43  0      0 59138928   1624 1150548    0    0     0     0 13275 156004 11  5 84  0  0  0
12  0      0 59137264   1624 1150564    0    0    16   480 13671 156717 11  5 84  0  0  0
63  0      0 59135088   1624 1150532    0    0     0     0 13311 155816 11  5 84  0  0  0
21  0      0 59135820   1624 1150532    0    0     0     0 13023 153255 11  5 84  0  0  0
84  0      0 59141844   1624 1150532    0    0     0     0 14241 157578 11  6 84  0  0  0
45  0      0 59136516   1624 1150532    0    0     0     0 13062 155940 11  5 84  0  0  0
30  0      0 59131972   1624 1150540    0    0     0   408 13389 156298 11  5 84  0  0  0
68  0      0 59129448   1624 1150536    0    0     0     0 13642 158086 11  5 84  0  0  0
procs -----------memory---------- ---swap-- -----io---- -system-- -------cpu-------
 r  b   swpd   free   buff  cache   si   so    bi    bo   in   cs us sy id wa st gu
64  0      0 59123128   1624 1150540    0    0     0     0 14525 162773 11  5 84  0  0  0
58  0      0 59118564   1624 1150540    0    0     0     0 13576 157564 11  5 84  0  0  0
36  0      0 59112392   1624 1150540    0    0     0     0 13575 156110 11  6 84  0  0  0
 1  0      0 59110684   1624 1150540    0    0     0     0 13603 159072 11  5 84  0  0  0
63  0      0 59102704   1624 1150540    0    0     0     0 13790 157938 11  5 84  0  0  0
39  0      0 59096620   1624 1150540    0    0     0     0 13873 157548 11  5 84  0  0  0
69  0      0 59092984   1624 1150540    0    0     0     0 13621 160394 11  5 84  0  0  0
58  0      0 59092780   1624 1150540    0    0     0     0 13350 157197 11  5 84  0  0  0
56  0      0 59089672   1624 1150540    0    0     0     0 13718 157214 11  5 84  0  0  0
63  0      0 59092800   1624 1150540    0    0     0     0 13755 158062 11  5 84  0  0  0
63  0      0 59094620   1624 1150540    0    0     0  1152 13444 156757 11  5 84  0  0  0
85  0      0 59100704   1624 1150588    0    0    48     8 13602 155939 11  5 84  0  0  0
47  0      0 59102804   1624 1150588    0    0     0   136 13760 157604 11  5 84  0  0  0
66  0      0 59115736   1624 1150588    0    0     0     0 14088 158583 11  5 84  0  0  0
27  0      0 59106224   1624 1150588    0    0     0     0 13589 158403 11  6 84  0  0  0
27  0      0 59114196   1624 1150588    0    0     0     0 13424 156333 11  5 84  0  0  0
60  0      0 59117368   1624 1150588    0    0     0     0 14198 157724 11  5 84  0  0  0
36  0      0 59120208   1624 1150588    0    0     0     0 12987 156146 11  5 84  0  0  0
17  0      0 59128728   1624 1150588    0    0     0     0 13496 158259 11  5 84  0  0  0
48  0      0 59133848   1624 1151072    0    0   208  2956 13878 157630 11  5 84  0  0  0
 6  0      0 59127800   1624 1151372    0    0     0     0 13621 156678 11  5 84  0  0  0
procs -----------memory---------- ---swap-- -----io---- -system-- -------cpu-------
 r  b   swpd   free   buff  cache   si   so    bi    bo   in   cs us sy id wa st gu
66  0      0 59123868   1624 1151372    0    0     0     0 13715 157014 11  5 84  0  0  0
44  0      0 59134056   1624 1151372    0    0     0     0 13086 155908 11  5 84  0  0  0
71  0      0 59130236   1624 1151372    0    0     0     0 13774 158174 11  5 84  0  0  0
33  0      0 59123480   1624 1151372    0    0     0     0 13741 157923 11  5 84  0  0  0
66  0      0 59121044   1624 1151372    0    0     0     0 13064 157109 11  5 84  0  0  0
41  0      0 59118236   1624 1151372    0    0     0     0 13163 154564 11  5 84  0  0  0
 1  0      0 59115968   1624 1151372    0    0     0     0 13110 156174 11  5 84  0  0  0
52  0      0 59121816   1624 1151372    0    0     0   136 14079 156969 11  5 84  0  0  0
20  0      0 59126036   1624 1151376    0    0     0     0 13427 155283 11  5 84  0  0  0
49  0      0 59120636   1624 1151376    0    0     0     8 13706 157829 11  6 84  0  0  0
44  0      0 59117044   1624 1151376    0    0     0     0 13270 156849 11  5 84  0  0  0
51  0      0 59110272   1624 1151376    0    0     0     0 13304 156507 11  5 84  0  0  0
74  0      0 59107728   1624 1151376    0    0     0     0 12954 153921 11  5 84  0  0  0
54  0      0 59103528   1624 1151376    0    0     0     0 13133 156347 11  5 84  0  0  0
17  0      0 59103044   1624 1151376    0    0     0     0 14006 163416 11  5 84  0  0  0
22  0      0 59097120   1624 1151376    0    0     0     0 13599 156181 11  5 84  0  0  0
43  0      0 59108320   1624 1151376    0    0     0     0 13198 157289 11  5 84  0  0  0
36  0      0 59103548   1624 1151376    0    0     0     0 13645 157099 11  5 84  0  0  0
 2  0      0 59098540   1624 1151376    0    0     0     0 13768 156707 11  5 84  0  0  0
36  0      0 59098060   1624 1151376    0    0     0     0 13839 157073 11  5 84  0  0  0
47  0      0 59098292   1624 1151376    0    0     0   416 13366 157341 11  5 84  0  0  0
procs -----------memory---------- ---swap-- -----io---- -system-- -------cpu-------
 r  b   swpd   free   buff  cache   si   so    bi    bo   in   cs us sy id wa st gu
52  0      0 59089676   1624 1151396    0    0    16     8 13676 157377 11  5 84  0  0  0
64  0      0 59092808   1624 1151396    0    0     0     0 13530 157717 11  5 84  0  0  0
65  0      0 59091500   1624 1151396    0    0     0     0 13354 156557 11  5 84  0  0  0
 1  0      0 59084684   1624 1151396    0    0     0     0 13179 157230 11  6 84  0  0  0
65  0      0 59089428   1624 1151396    0    0     0     0 14312 163759 11  6 84  0  0  0
 0  0      0 59082408   1624 1151652    0    0     4     0 1977 7834  1  0 99  0  0  0
 0  0      0 59272948   1624 1151520    0    0     0     0  883  711  0  0 100  0  0  0
 0  0      0 59299560   1624 1151520    0    0     0     0  598  323  0  0 100  0  0  0
 0  0      0 59318776   1624 1151520    0    0     0     0  624  374  0  0 100  0  0  0
 0  0      0 59336508   1624 1151520    0    0     0     0  598  258  0  0 100  0  0  0
 0  0      0 59355956   1624 1151520    0    0     0     0  614  372  0  0 100  0  0  0
 0  0      0 59364916   1624 1151520    0    0     0     0  745  247  0  0 100  0  0  0
 0  0      0 59379424   1624 1151520    0    0     0     0  525  277  0  0 100  0  0  0
 0  0      0 59389048   1624 1151520    0    0     0     0  514  359  0  0 100  0  0  0
 0  0      0 59411936   1624 1151520    0    0     0     0  805  436  0  0 100  0  0  0
 0  0      0 59424388   1624 1151520    0    0     0     0  635  257  0  0 100  0  0  0
 0  0      0 59442232   1624 1151528    0    0     0   408  837  586  0  0 100  0  0  0
 0  0      0 59463828   1624 1151528    0    0    16  1164  894  675  0  0 100  0  0  0
 0  0      0 59482204   1624 1151544    0    0     0     0  797  479  0  0 100  0  0  0
 0  0      0 59491196   1624 1151544    0    0     0     4  719  279  0  0 100  0  0  0
 0  0      0 59509700   1624 1151544    0    0     0     0  528  275  0  0 100  0  0  0
procs -----------memory---------- ---swap-- -----io---- -system-- -------cpu-------
 r  b   swpd   free   buff  cache   si   so    bi    bo   in   cs us sy id wa st gu
 0  0      0 59527460   1624 1151544    0    0     0     0  595  274  0  0 100  0  0  0
 0  0      0 59538324   1624 1151544    0    0     0     0  717  338  0  0 100  0  0  0
 0  0      0 59545528   1624 1151544    0    0     0     0  583  332  0  0 100  0  0  0
 0  0      0 59553824   1624 1151544    0    0     0     0  655  268  0  0 100  0  0  0
 0  0      0 59561040   1624 1151544    0    0     0     0  603  247  0  0 100  0  0  0
 0  0      0 59566080   1624 1151544    0    0     0     0  716  322  0  0 100  0  0  0
 0  0      0 59574544   1624 1151544    0    0     0     0  626  253  0  0 100  0  0  0
 0  0      0 59576212   1624 1151544    0    0     0     0  499  342  0  0 100  0  0  0
 0  0      0 59578272   1624 1151544    0    0     0     0  557  246  0  0 100  0  0  0
 0  0      0 59582464   1624 1151544    0    0     0     0  668  312  0  0 100  0  0  0
 0  0      0 59584676   1624 1151544    0    0     0   228  859  364  0  0 100  0  0  0
 0  0      0 59585844   1624 1151544    0    0     0   136  840  352  0  0 100  0  0  0
 0  0      0 59588920   1624 1151544    0    0     0     0  750  389  0  0 100  0  0  0
 0  0      0 59591844   1624 1151544    0    0     0     0  961  440  0  0 100  0  0  0
 0  0      0 59598712   1624 1151544    0    0     0     0 1190  506  0  0 100  0  0  0
 2  0      0 59556088   1624 1151544    0    0   164     4 2564 4328  3  0 97  0  0  0
 0  0      0 59421168   1624 1151916    0    0     0     0 2513 3671  4  0 96  0  0  0
53  0      0 59388468   1624 1152020    0    0     0     0 4914 38036  4  2 94  0  0  0
48  0      0 59407168   1624 1152024    0    0     0     0 15302 156908 14  6 80  0  0  0
49  0      0 59384420   1624 1152024    0    0     0     0 14570 163417 12  5 83  0  0  0
27  0      0 59399312   1624 1152024    0    0     0     0 13238 158186 11  5 83  0  0  0
procs -----------memory---------- ---swap-- -----io---- -system-- -------cpu-------
 r  b   swpd   free   buff  cache   si   so    bi    bo   in   cs us sy id wa st gu
13  0      0 59396172   1624 1152024    0    0     0     0 13206 159558 11  5 84  0  0  0
68  0      0 59382772   1624 1152028    0    0     0     0 13222 155685 11  5 84  0  0  0
41  0      0 59381980   1624 1152028    0    0     0     0 13508 160558 11  6 83  0  0  0
55  0      0 59373564   1624 1152028    0    0     0     0 13104 157519 11  5 84  0  0  0
75  0      0 59381056   1624 1152028    0    0     0   136 13239 158501 11  5 84  0  0  0
 1  0      0 59371144   1624 1152032    0    0     0     0 13317 158002 11  6 83  0  0  0
51  0      0 59365012   1624 1152032    0    0     0     0 13519 158364 11  5 84  0  0  0
46  0      0 59364668   1624 1152032    0    0     0     0 13821 159556 11  5 84  0  0  0
50  0      0 59354004   1624 1152032    0    0     0  1036 14726 158867 11  6 84  0  0  0
48  0      0 59351208   1624 1152032    0    0     0     0 14237 160629 11  6 84  0  0  0
36  0      0 59343724   1624 1152032    0    0     0     0 13374 158931 11  5 84  0  0  0
51  0      0 59338212   1624 1152032    0    0     0     0 13688 159658 11  6 84  0  0  0
55  0      0 59331900   1624 1152032    0    0     0     0 13083 157465 11  5 84  0  0  0
41  0      0 59327652   1624 1152032    0    0     0     0 13487 158512 11  6 84  0  0  0
48  0      0 59316888   1624 1152032    0    0     0     0 13471 158828 11  6 84  0  0  0
54  0      0 59314984   1624 1152032    0    0     0     0 13154 157260 11  6 84  0  0  0
81  0      0 59310724   1624 1152032    0    0     0     0 13093 158038 11  5 84  0  0  0
46  0      0 59305672   1624 1152032    0    0     0     0 13758 159537 11  6 84  0  0  0
 1  0      0 59300692   1624 1152032    0    0     0     0 13220 158246 11  5 84  0  0  0
17  0      0 59293132   1624 1152032    0    0     0     0 13434 158884 11  6 84  0  0  0
37  0      0 59287084   1624 1152032    0    0     0     8 13283 158104 11  6 84  0  0  0
procs -----------memory---------- ---swap-- -----io---- -system-- -------cpu-------
 r  b   swpd   free   buff  cache   si   so    bi    bo   in   cs us sy id wa st gu
76  0      0 59284956   1624 1152036    0    0     0     0 13109 157700 11  5 83  0  0  0
59  0      0 59279960   1624 1152036    0    0     0     0 12976 158113 11  6 84  0  0  0
59  0      0 59275140   1624 1152036    0    0     0     0 13058 156124 11  6 84  0  0  0
 1  0      0 59274180   1624 1152036    0    0     0     0 13780 159671 11  5 84  0  0  0
 5  0      0 59269136   1624 1152036    0    0     0     0 13234 158598 11  6 84  0  0  0
20  0      0 59263040   1624 1152036    0    0     0     0 13325 157498 11  5 84  0  0  0
31  0      0 59255340   1624 1152036    0    0     0     0 13326 158650 11  6 84  0  0  0
91  0      0 59242488   1624 1152036    0    0     0     0 14076 159813 11  5 84  0  0  0
33  0      0 59242388   1624 1152036    0    0     0     0 13476 159646 11  6 84  0  0  0
27  0      0 59236424   1624 1152036    0    0     0     0 13250 159554 11  6 84  0  0  0
39  0      0 59229236   1624 1152036    0    0     0     0 13023 159006 11  5 84  0  0  0
 0  0      0 59221572   1624 1151940    0    0     0     0 10614 116307  9  4 87  0  0  0
 0  0      0 59392732   1624 1151880    0    0     0     0  885  681  0  0 100  0  0  0
 0  0      0 59392652   1624 1154264    0    0  2280   408 1427 2698  0  0 99  0  0  0
 1  0      0 59399588   1624 1154332    0    0    16     0 1565 4642  1  0 99  0  0  0
