procs -----------memory---------- ---swap-- -----io---- -system-- -------cpu-------
 r  b   swpd   free   buff  cache   si   so    bi    bo   in   cs us sy id wa st gu
 1  0      0 60122612    288 956652    0    0 13666  3699 12746   18 10  2 88  0  0  0
 0  0      0 60113036    288 957376    0    0   412     0 4664 3848  0  0 99  0  0  0
 3  0      0 59962960    288 1004476    0    0 30644     0 5803 9854  3  1 96  0  0  0
 2  0      0 59842332    288 1033736    0    0 26752     0 5527 14198  5  1 94  0  0  0
 0  0      0 59854024    288 1034032    0    0   280     0  932  936  0  0 100  0  0  0
46  0      0 59657088    288 1036632    0    0  2168     0 15530 126891 12  5 83  0  0  0
17  0      0 59696396    288 1036636    0    0     0     0 14890 157074 13  6 82  0  0  0
60  0      0 59649808    288 1036636    0    0     0     0 14236 159038 11  6 84  0  0  0
58  0      0 59716444    288 1038864    0    0  1800     0 14212 156392 11  5 84  0  0  0
 3  0      0 59724524    288 1041752    0    0  3092     0 15021 162642 11  6 83  0  0  0
21  0      0 59715100    288 1042604    0    0   468     0 14477 152598 11  5 83  0  0  0
54  0      0 59711400    288 1042608    0    0     0     0 13330 155835 11  5 83  0  0  0
17  0      0 59707040    292 1042604    0    0   164   136 13667 157920 11  5 84  0  0  0
61  0      0 59707244    292 1042928    0    0     0     0 13582 157567 11  6 84  0  0  0
49  0      0 59700580    292 1042928    0    0     0     0 13719 156177 11  6 84  0  0  0
74  0      0 59619288    296 1094104    0    0 38300   148 23403 164690 11  6 82  0  0  0
66  0      0 59124428   1616 1422588    0    0 289460   148 27402 155247 18  8 74  0  0  0
45  0      0 59042916   1616 1424320    0    0   448  2152 24605 169605 17  6 77  0  0  0
47  0      0 59032244   1616 1439344    0    0 10444  4788 26989 189829 15  6 78  1  0  0
 1  0      0 59028964   1616 1439344    0    0     0     0 14261 157029 10  6 84  0  0  0
37  0      0 59025660   1616 1439344    0    0     0     0 14311 157347 11  5 84  0  0  0
procs -----------memory---------- ---swap-- -----io---- -system-- -------cpu-------
 r  b   swpd   free   buff  cache   si   so    bi    bo   in   cs us sy id wa st gu
47  0      0 59028312   1616 1439344    0    0     0     0 14521 159922 11  6 84  0  0  0
46  0      0 59024720   1616 1439344    0    0     0     0 14422 159642 11  5 84  0  0  0
77  0      0 59027932   1616 1439344    0    0     0     0 13612 159807 11  5 84  0  0  0
80  0      0 59027020   1616 1439344    0    0     0     0 14527 165409 10  5 84  0  0  0
44  0      0 59023804   1616 1439344    0    0     0     0 13748 158808 10  5 84  0  0  0
20  0      0 59020596   1616 1439344    0    0     0     0 13997 158043 11  5 84  0  0  0
36  0      0 59020164   1616 1439344    0    0     0     0 13976 163455 11  5 84  0  0  0
19  0      0 59044700   1624 1453440    0    0  6096 21292 17658 174304 10  6 84  0  0  0
15  0      0 59042236   1624 1453440    0    0     0     0 13741 156948 11  5 84  0  0  0
78  0      0 59034032   1624 1453440    0    0     0     0 13645 157819 11  5 84  0  0  0
45  0      0 59026976   1624 1453440    0    0     0     0 14302 158164 11  5 84  0  0  0
 1  0      0 59024196   1624 1453440    0    0     0     0 14109 159300 11  5 84  0  0  0
35  0      0 59016016   1624 1453488    0    0     0     4 13810 156072 10  5 84  0  0  0
52  0      0 59012008   1624 1453504    0    0     0     0 14989 163079 10  6 84  0  0  0
46  0      0 59005316   1624 1453504    0    0     0     0 13743 157929 11  5 84  0  0  0
61  0      0 59000320   1624 1453504    0    0     0     0 14303 157500 11  5 84  0  0  0
35  0      0 58997460   1624 1453504    0    0     0     0 13507 157481 11  5 84  0  0  0
54  0      0 58992968   1624 1453504    0    0     0     0 13370 158761 10  5 84  0  0  0
54  0      0 58991096   1624 1453504    0    0     0     0 14307 160408 10  5 84  0  0  0
23  0      0 58986076   1624 1453504    0    0     0     0 13643 156989 11  5 84  0  0  0
55  0      0 58991240   1624 1453504    0    0     0     0 13265 152288 11  5 84  0  0  0
procs -----------memory---------- ---swap-- -----io---- -system-- -------cpu-------
 r  b   swpd   free   buff  cache   si   so    bi    bo   in   cs us sy id wa st gu
25  0      0 58982248   1624 1453508    0    0     0   272 13869 155320 11  5 84  0  0  0
68  0      0 58973984   1624 1453772    0    0     0   136 13640 155921 11  5 84  0  0  0
18  0      0 58958624   1624 1453788    0    0     0     4 14097 159186 10  5 84  0  0  0
65  0      0 58962768   1624 1453788    0    0     0     0 13596 157504 11  5 84  0  0  0
32  0      0 58966404   1624 1453932    0    0     0    72 13419 156258 10  5 84  0  0  0
58  0      0 58963552   1624 1454668    0    0   128  1752 13928 158335 11  5 84  0  0  0
41  0      0 58965380   1624 1454668    0    0     0     0 13426 157947 11  5 84  0  0  0
60  0      0 58964892   1624 1454668    0    0     0     0 13838 156829 11  5 84  0  0  0
39  0      0 58957276   1624 1454668    0    0     0   136 13865 156852 11  5 84  0  0  0
65  0      0 58953048   1624 1454764    0    0     0     0 13403 154485 10  5 84  0  0  0
 1  0      0 58952540   1624 1454764    0    0     0     0 13443 157595 11  5 84  0  0  0
77  0      0 58946240   1624 1454764    0    0     0     0 13450 157110 11  5 84  0  0  0
24  0      0 58939796   1624 1454764    0    0     0     0 13436 157858 11  5 84  0  0  0
49  0      0 58943352   1624 1454764    0    0     0     0 14612 161354 11  5 84  0  0  0
39  0      0 58935100   1624 1454764    0    0     0     0 14096 165978 10  6 84  0  0  0
 1  0      0 58933844   1624 1454764    0    0     0     0 13892 157437 10  6 84  0  0  0
20  0      0 58927316   1624 1460044    0    0  1216 10700 15135 161287 11  5 84  0  0  0
70  0      0 58919372   1624 1460044    0    0     0     0 13256 155907 11  5 84  0  0  0
48  0      0 58921572   1624 1460044    0    0     0     0 14214 157740 11  5 84  0  0  0
29  0      0 58917100   1624 1460044    0    0     0     0 13708 158013 11  5 84  0  0  0
71  0      0 58909804   1624 1460044    0    0     0     0 13857 154737 11  5 84  0  0  0
procs -----------memory---------- ---swap-- -----io---- -system-- -------cpu-------
 r  b   swpd   free   buff  cache   si   so    bi    bo   in   cs us sy id wa st gu
42  0      0 58907600   1624 1460044    0    0     0     0 13522 155978 10  5 84  0  0  0
52  0      0 58903728   1624 1460092    0    0     0     8 13764 157211 10  5 84  0  0  0
 1  0      0 58899760   1624 1460096    0    0     0     0 14251 156631 10  6 84  0  0  0
45  0      0 58892828   1624 1460096    0    0     0     0 14007 156907 11  6 84  0  0  0
58  0      0 58889476   1624 1460096    0    0     0     0 13322 156323 11  5 84  0  0  0
65  0      0 58895524   1624 1460096    0    0     0     0 13254 156388 10  5 84  0  0  0
47  0      0 58889188   1624 1460096    0    0     0     0 14823 158193 11  5 84  0  0  0
51  0      0 58886396   1624 1460096    0    0     0     0 13950 157440 11  5 84  0  0  0
52  0      0 58882824   1624 1460096    0    0     0     0 14026 158230 11  5 84  0  0  0
73  0      0 58882388   1624 1460096    0    0     0   136 13446 156316 11  5 84  0  0  0
63  0      0 58877788   1624 1460244    0    0     0     0 13409 156623 11  5 84  0  0  0
18  0      0 58874712   1624 1460244    0    0     0     0 13717 156864 11  5 84  0  0  0
73  0      0 58870980   1624 1460244    0    0     0     0 13824 158899 11  5 84  0  0  0
34  0      0 58868764   1624 1460244    0    0     0     0 14303 163000 10  5 84  0  0  0
47  0      0 58834376   1624 1480312    0    0 20332     0 18198 166577 11  5 84  0  0  0
76  0      0 58665712   1624 1614108    0    0 132316   136 42522 223645 12  8 80  1  0  0
56  1      0 58541516   1624 1723940    0    0 64272     0 22395 180602 13  8 78  1  0  0
49  0      0 58455792   1624 1807292    0    0 40688     0 21506 178215 13  8 78  1  0  0
29  0      0 58387256   1624 1869496    0    0 34404     0 19601 170612 13  8 79  1  0  0
30  0      0 58209816   1624 2011584    0    0 72276     0 22276 172369 13  8 78  1  0  0
49  0      0 58224208   1624 2011584    0    0     0     0 13919 158344 11  5 84  0  0  0
procs -----------memory---------- ---swap-- -----io---- -system-- -------cpu-------
 r  b   swpd   free   buff  cache   si   so    bi    bo   in   cs us sy id wa st gu
43  0      0 58222260   1624 2011588    0    0     0     0 13721 158092 10  6 84  0  0  0
59  0      0 58215268   1624 2011588    0    0     0     0 13879 158980 11  5 84  0  0  0
63  0      0 58220164   1624 2011588    0    0     0     0 13630 158097 10  5 84  0  0  0
25  0      0 58210944   1624 2011588    0    0     0     0 13316 156326 11  5 84  0  0  0
56  0      0 58205836   1624 2011588    0    0     0     0 13695 157265 11  5 84  0  0  0
34  0      0 58202068   1624 2011588    0    0     0     0 14023 157895 10  5 84  0  0  0
50  0      0 58203812   1624 2011588    0    0     0     0 14094 158651 10  5 84  0  0  0
35  0      0 58207788   1624 2011588    0    0     0     0 14112 157827 11  5 84  0  0  0
 4  0      0 58207928   1624 2011588    0    0     0     0 13577 157209 11  5 84  0  0  0
43  0      0 58210944   1624 2011588    0    0     0     0 14077 157600 11  5 84  0  0  0
68  0      0 58218844   1624 2011588    0    0     0     0 14261 159386 10  5 84  0  0  0
69  0      0 58229720   1624 2024244    0    0  4176 17524 16089 164600 11  6 84  0  0  0
69  0      0 58223876   1624 2024244    0    0     0     0 13947 157631 10  5 84  0  0  0
60  0      0 58218668   1624 2024244    0    0     0     0 13630 156801 10  5 84  0  0  0
71  0      0 58219828   1624 2024244    0    0     0     0 13489 156316 11  5 84  0  0  0
 1  0      0 58217876   1624 2024244    0    0     0     0 14704 159138 11  5 84  0  0  0
 1  0      0 58219076   1624 2024244    0    0     0     0 13306 153528 11  5 84  0  0  0
42  0      0 58211196   1624 2024472    0    0   128     0 13742 157248 11  5 84  0  0  0
38  0      0 58212268   1624 2024524    0    0    48   416 14304 159366 11  5 84  0  0  0
51  0      0 58217280   1624 2024536    0    0     0     0 13618 158975 11  5 84  0  0  0
70  0      0 58218124   1624 2024536    0    0     0     0 13740 157975 11  5 84  0  0  0
procs -----------memory---------- ---swap-- -----io---- -system-- -------cpu-------
 r  b   swpd   free   buff  cache   si   so    bi    bo   in   cs us sy id wa st gu
37  0      0 58219892   1624 2024536    0    0     0     0 14020 157449 11  5 84  0  0  0
 1  0      0 58216032   1624 2024536    0    0     0     0 14141 158539 11  5 84  0  0  0
52  0      0 58223576   1624 2024536    0    0     0     0 13356 157106 11  5 84  0  0  0
 7  0      0 58232516   1624 2024564    0    0    36     0 13689 157082 11  5 84  0  0  0
76  0      0 58230096   1624 2024564    0    0     0     0 13459 157956 11  5 84  0  0  0
 1  0      0 58233396   1624 2024564    0    0     0    16 13486 156039 11  5 84  0  0  0
55  0      0 58229844   1624 2024564    0    0     0     0 14302 157831 11  5 84  0  0  0
 1  0      0 58228268   1624 2024564    0    0     0     0 13901 157589 11  5 84  0  0  0
39  0      0 58233140   1624 2024564    0    0     0   136 14248 158130 11  5 84  0  0  0
 1  0      0 58233156   1624 2024564    0    0     0     0 14089 157211 10  5 84  0  0  0
49  0      0 58235000   1624 2024596    0    0    32   340 13940 157068 11  5 84  0  0  0
39  0      0 58231464   1624 2024596    0    0     0     0 13864 157257 11  5 84  0  0  0
60  0      0 58228192   1624 2024596    0    0     0     0 14122 158874 11  5 84  0  0  0
44  0      0 58227288   1624 2024596    0    0     0     0 13175 156734 10  5 84  0  0  0
41  0      0 58236420   1624 2024596    0    0     0     0 13394 156449 10  5 84  0  0  0
40  0      0 58235800   1624 2024596    0    0     0     0 13858 155402 10  5 84  0  0  0
75  0      0 58239264   1624 2024596    0    0     0     0 13340 155533 10  6 84  0  0  0
 1  0      0 58235332   1624 2024596    0    0     0     0 14079 159351 11  5 84  0  0  0
76  0      0 58233092   1624 2024596    0    0     0     0 13574 157376 11  5 84  0  0  0
14  0      0 58232408   1624 2024596    0    0     0     0 14004 158249 11  5 84  0  0  0
60  0      0 58227156   1624 2024596    0    0     0  1088 13711 158600 11  5 84  0  0  0
procs -----------memory---------- ---swap-- -----io---- -system-- -------cpu-------
 r  b   swpd   free   buff  cache   si   so    bi    bo   in   cs us sy id wa st gu
59  0      0 58242228   1624 2024600    0    0     0     8 13231 156549 11  5 84  0  0  0
62  0      0 58240096   1624 2024600    0    0     0     0 14118 158859 11  5 84  0  0  0
56  0      0 58233040   1624 2024600    0    0     0     0 13583 157666 11  5 84  0  0  0
50  0      0 58224580   1624 2024600    0    0     0     0 14039 157955 10  5 84  0  0  0
49  0      0 58230748   1624 2024600    0    0     0     0 13756 158378 11  5 84  0  0  0
 0  0      0 58218532   1624 2024836    0    0     4     0 2962 20838  2  1 97  0  0  0
 0  0      0 58436564   1624 2024708    0    0     0   244  971  975  0  0 100  0  0  0
 0  0      0 58459908   1624 2026580    0    0   416  5236 1609 2205  0  0 100  0  0  0
 0  0      0 58471344   1624 2026580    0    0     0     0  735  360  0  0 100  0  0  0
 0  0      0 58491508   1624 2026580    0    0     0     0  428  281  0  0 100  0  0  0
 0  0      0 58502096   1624 2026580    0    0     0     4  598  288  0  0 100  0  0  0
 0  0      0 58518176   1624 2026580    0    0     0     0  756  360  0  0 100  0  0  0
 0  0      0 58535968   1624 2026580    0    0     0     0  649  271  0  0 100  0  0  0
 0  0      0 58552320   1624 2026580    0    0     0     0  513  382  0  0 100  0  0  0
 0  0      0 58571424   1624 2026580    0    0     0     0  667  371  0  0 100  0  0  0
 0  0      0 58588496   1624 2026580    0    0     0     0  886  364  0  0 100  0  0  0
 0  0      0 58601472   1624 2026580    0    0     0     0  618  250  0  0 100  0  0  0
 0  0      0 58614064   1624 2026580    0    0     0     0  493  231  0  0 100  0  0  0
 0  0      0 58624112   1624 2026580    0    0     0     0  613  349  0  0 100  0  0  0
 0  0      0 58636880   1624 2026580    0    0     0     0  845  312  0  0 100  0  0  0
 0  0      0 58641232   1624 2026580    0    0     0     0  727  228  0  0 100  0  0  0
procs -----------memory---------- ---swap-- -----io---- -system-- -------cpu-------
 r  b   swpd   free   buff  cache   si   so    bi    bo   in   cs us sy id wa st gu
 0  0      0 58654344   1624 2026580    0    0     0     0  593  253  0  0 100  0  0  0
 0  0      0 58659088   1624 2026580    0    0     0     0  540  246  0  0 100  0  0  0
 0  0      0 58670680   1624 2026580    0    0     0     0 1049  419  0  0 100  0  0  0
 0  0      0 58679216   1624 2026580    0    0     0     0  482  227  0  0 100  0  0  0
 0  0      0 58685604   1624 2026580    0    0     0     0  507  228  0  0 100  0  0  0
 0  0      0 58689504   1624 2026580    0    0     0     0  685  254  0  0 100  0  0  0
 0  0      0 58698060   1624 2026580    0    0     0     0  757  304  0  0 100  0  0  0
 0  0      0 58700572   1624 2026580    0    0     0     0  672  355  0  0 100  0  0  0
 0  0      0 58705956   1624 2026580    0    0     0     0  556  249  0  0 100  0  0  0
 0  0      0 58709836   1624 2026580    0    0     0     0  683  244  0  0 100  0  0  0
 0  0      0 58714912   1624 2026580    0    0     0   228 1221  436  0  0 100  0  0  0
 0  0      0 58717904   1624 2026580    0    0     0     0  511  240  0  0 100  0  0  0
 0  0      0 58722324   1624 2026580    0    0     0     0  588  334  0  0 100  0  0  0
 0  0      0 58725992   1624 2026580    0    0     0     0  608  295  0  0 100  0  0  0
 0  0      0 58735748   1624 2026580    0    0     0     0 1195  670  0  0 100  0  0  0
 3  0      0 58677404   1624 2027304    0    0   828   412 2506 4161  3  0 97  0  0  0
 0  0      0 58576820   1624 2027608    0    0     0     0 2573 4525  4  0 96  0  0  0
52  0      0 58523096   1624 2027728    0    0     0     0 4033 29826  3  1 95  0  0  0
49  0      0 58473676   1624 2027732    0    0     0     0 14877 156948 13  6 81  0  0  0
48  0      0 58523080   1624 2027732    0    0     0     0 15814 165383 12  6 82  0  0  0
69  0      0 58519860   1624 2027732    0    0     0  1452 14640 165791 11  6 83  0  0  0
procs -----------memory---------- ---swap-- -----io---- -system-- -------cpu-------
 r  b   swpd   free   buff  cache   si   so    bi    bo   in   cs us sy id wa st gu
42  0      0 58537676   1624 2027732    0    0     0     0 14186 164713 11  6 84  0  0  0
 1  0      0 58514476   1624 2027736    0    0     0     0 14127 164003 11  6 84  0  0  0
69  0      0 58513616   1624 2027736    0    0     0     0 13499 158104 11  5 84  0  0  0
68  0      0 58502924   1624 2027736    0    0     0     0 13517 160584 11  5 84  0  0  0
57  0      0 58504964   1624 2027744    0    0     0     0 13939 159132 11  5 84  0  0  0
88  0      0 58494352   1624 2027744    0    0     0     0 13428 157790 11  6 84  0  0  0
59  0      0 58488668   1624 2027744    0    0     0     0 13820 160100 11  5 84  0  0  0
68  0      0 58487440   1624 2027744    0    0     0   136 13812 160256 11  6 84  0  0  0
29  0      0 58479292   1624 2027744    0    0     0     0 13585 157422 11  5 84  0  0  0
90  0      0 58482228   1624 2027744    0    0     0    76 14542 162786 11  6 84  0  0  0
18  0      0 58472608   1624 2027744    0    0     0     0 14209 163859 11  5 84  0  0  0
 1  0      0 58465400   1624 2027744    0    0     0     0 14334 162626 11  6 84  0  0  0
13  0      0 58459092   1624 2027744    0    0     0     0 13911 160993 11  5 84  0  0  0
38  0      0 58454040   1624 2027744    0    0     0     0 14601 161659 11  6 84  0  0  0
30  0      0 58448964   1624 2027744    0    0     0     0 13845 160565 10  6 84  0  0  0
45  0      0 58443464   1624 2027744    0    0     0     0 14416 160689 11  5 84  0  0  0
56  0      0 58442960   1624 2027744    0    0     0     0 14314 160658 11  5 84  0  0  0
 1  0      0 58434736   1624 2027744    0    0     0     0 13787 160820 11  5 84  0  0  0
90  0      0 58429332   1624 2027744    0    0     0     0 14456 161872 11  5 84  0  0  0
53  0      0 58424940   1624 2027744    0    0     0     0 14403 161059 11  5 84  0  0  0
73  0      0 58416352   1624 2027744    0    0     0   264 14032 159999 11  5 84  0  0  0
procs -----------memory---------- ---swap-- -----io---- -system-- -------cpu-------
 r  b   swpd   free   buff  cache   si   so    bi    bo   in   cs us sy id wa st gu
78  0      0 58414020   1624 2027744    0    0     0     0 14004 160023 11  5 84  0  0  0
62  0      0 58407832   1624 2027744    0    0     0     0 13698 159919 11  6 84  0  0  0
43  0      0 58410060   1624 2027744    0    0     0     0 13928 160351 11  6 84  0  0  0
43  0      0 58399944   1624 2027748    0    0     0   136 14884 163188 11  6 84  0  0  0
42  0      0 58390660   1624 2027748    0    0     0     0 14188 161195 11  6 84  0  0  0
31  0      0 58386028   1624 2027748    0    0     0     0 13467 160371 11  6 84  0  0  0
71  0      0 58379428   1624 2027748    0    0     0     0 13916 159184 11  6 84  0  0  0
 1  0      0 58372516   1624 2027748    0    0     0     0 14081 160770 11  5 84  0  0  0
54  0      0 58369284   1624 2027748    0    0     0     8 13498 158101 11  5 84  0  0  0
28  0      0 58365680   1624 2027748    0    0     0     0 13858 162516 11  5 84  0  0  0
41  0      0 58364076   1624 2027748    0    0     0     0 14622 161808 11  5 84  0  0  0
 0  0      0 58339488   1624 2027752    0    0     0     0 12053 127130  9  4 87  0  0  0
 0  0      0 58518628   1624 2027652    0    0     0     0 1047  737  0  0 100  0  0  0
 0  0      0 58542700   1624 2029892    0    0  1988     0 1529 4058  1  0 99  0  0  0
 0  0      0 58543284   1624 2029932    0    0    16     0 1676 4420  1  0 99  0  0  0
