procs -----------memory---------- ---swap-- -----io---- -system-- -------cpu-------
 r  b   swpd   free   buff  cache   si   so    bi    bo   in   cs us sy id wa st gu
 1  0      0 59995496    288 984892    0    0 11121  3463 13006   21 10  2 87  0  0  0
 0  0      0 59980848    288 985508    0    0   272     0 5155 3931  0  0 99  0  0  0
 4  0      0 59820044    288 1031632    0    0 29972     0 5497 8789  2  1 96  0  0  0
 1  0      0 59738500    288 1063692    0    0 29960     0 5453 14867  5  1 94  0  0  0
 3  0      0 59738972    288 1064504    0    0   564     0  727  608  0  0 100  0  0  0
85  0      0 59511796    288 1066584    0    0  1576     0 23879 130502 12  5 83  0  0  0
25  0      0 59549036    288 1066588    0    0     0     0 14944 161913 13  5 82  0  0  0
 9  0      0 59512384    288 1066588    0    0     0     0 13188 155470 11  5 84  0  0  0
76  0      0 59560376    288 1068636    0    0  1656     0 13767 157870 11  6 84  0  0  0
15  0      0 59547016    292 1071680    0    0  3832   136 14291 154924 11  5 83  0  0  0
27  0      0 59544516    292 1072788    0    0     0     0 13833 152379 11  5 84  0  0  0
40  0      0 59536012    292 1072792    0    0     0     0 13902 162963 11  6 84  0  0  0
37  0      0 59527652    292 1072792    0    0     0     0 13662 158421 11  5 84  0  0  0
38  0      0 59526980    292 1072792    0    0     0     0 13816 159817 11  6 84  0  0  0
61  0      0 59521960    292 1072792    0    0     0     0 13454 157058 11  5 84  0  0  0
 4  0      0 59328820    296 1140156    0    0 44652   460 24294 165939 12  7 80  1  0  0
68  0      0 59419112   1616 1146316    0    0  4188     0 22837 163892 16  6 78  0  0  0
 2  1      0 59389652   1616 1158220    0    0  9916  2428 24755 172982 15  6 78  1  0  0
68  0      0 59390628   1616 1161036    0    0   848  3576 24522 186328 14  6 80  1  0  0
48  0      0 59386828   1616 1161036    0    0     0     0 13512 157915 11  5 84  0  0  0
11  0      0 59379980   1616 1161036    0    0     0     0 13840 157607 11  5 84  0  0  0
procs -----------memory---------- ---swap-- -----io---- -system-- -------cpu-------
 r  b   swpd   free   buff  cache   si   so    bi    bo   in   cs us sy id wa st gu
51  0      0 59376784   1616 1161036    0    0     0     0 13544 157306 11  5 84  0  0  0
11  0      0 59372928   1616 1161036    0    0     0     0 13610 157684 11  5 84  0  0  0
73  0      0 59371812   1616 1161036    0    0     0     0 14007 163737 11  5 84  0  0  0
67  0      0 59362860   1616 1161036    0    0     0     0 14549 165787 10  6 84  0  0  0
 2  0      0 59360468   1616 1161036    0    0     0     0 14192 160191 11  5 84  0  0  0
60  0      0 59349980   1616 1161036    0    0     0     0 14308 160194 11  5 84  0  0  0
17  0      0 59346676   1616 1161036    0    0     0     0 14052 164017 10  6 84  0  0  0
62  0      0 59349132   1624 1166460    0    0  2320 12536 16495 171076 11  6 84  0  0  0
13  0      0 59342588   1624 1167084    0    0     0   136 14310 158635 11  5 84  0  0  0
31  0      0 59340700   1624 1167084    0    0     0     0 13680 158223 10  5 84  0  0  0
69  0      0 59337168   1624 1167084    0    0     0     0 13891 157767 11  5 84  0  0  0
44  0      0 59333720   1624 1167084    0    0     0     0 13700 158066 11  5 84  0  0  0
20  0      0 59320000   1624 1167084    0    0    16     4 14416 159178 11  5 84  0  0  0
18  0      0 59316356   1624 1167148    0    0     0     0 14501 160926 11  5 84  0  0  0
47  0      0 59310704   1624 1167148    0    0     0     0 14160 159522 11  5 84  0  0  0
53  0      0 59304520   1624 1167148    0    0     0     0 13902 158885 11  5 84  0  0  0
 1  0      0 59301392   1624 1167148    0    0     0     0 14612 158963 11  5 84  0  0  0
72  0      0 59300256   1624 1167148    0    0     0     0 14161 159294 11  5 84  0  0  0
36  0      0 59294060   1624 1167344    0    0     0   408 14348 159172 11  6 84  0  0  0
82  0      0 59289856   1624 1167376    0    0     0     4 14401 160023 11  5 84  0  0  0
91  0      0 59294484   1624 1167376    0    0     0     0 15100 160073 11  5 84  0  0  0
procs -----------memory---------- ---swap-- -----io---- -system-- -------cpu-------
 r  b   swpd   free   buff  cache   si   so    bi    bo   in   cs us sy id wa st gu
25  0      0 59281476   1624 1167380    0    0     0     0 14589 162921 10  5 84  0  0  0
66  0      0 59273660   1624 1167380    0    0     0     0 14198 162536 10  5 84  0  0  0
44  0      0 59262424   1624 1167380    0    0     0     0 14399 159687 11  5 84  0  0  0
59  0      0 59261020   1624 1167380    0    0     0     0 14226 158867 11  5 84  0  0  0
67  0      0 59254848   1624 1167444    0    0     0    72 13775 157900 10  5 84  0  0  0
28  0      0 59250884   1624 1167524    0    0     0     0 13376 157209 10  5 84  0  0  0
14  0      0 59250736   1624 1167524    0    0     0     0 13428 158000 10  5 84  0  0  0
48  0      0 59244276   1624 1167524    0    0     0     0 13921 158507 10  5 84  0  0  0
14  0      0 59238848   1624 1167524    0    0     0     0 13530 153686 10  5 84  0  0  0
66  0      0 59235364   1624 1167524    0    0     0     0 13730 157654 10  5 84  0  0  0
 1  0      0 59232944   1624 1167524    0    0     0     0 13946 157599 11  5 84  0  0  0
43  0      0 59243804   1624 1167524    0    0     0     0 13651 156781 11  5 84  0  0  0
55  0      0 59236984   1624 1167524    0    0     0     0 13398 155753 11  5 84  0  0  0
38  0      0 59238908   1624 1167524    0    0     0     0 13784 159640 11  5 84  0  0  0
53  0      0 59238272   1624 1167524    0    0     0     0 13909 158074 11  5 84  0  0  0
26  0      0 59237124   1624 1167524    0    0     0     0 14267 159400 11  5 84  0  0  0
53  0      0 59235572   1624 1167524    0    0     0     0 13915 157802 11  5 84  0  0  0
 1  0      0 59230724   1624 1167524    0    0     0  1248 13496 157428 11  5 84  0  0  0
66  0      0 59233096   1624 1169332    0    0   240  3180 14202 158485 11  5 84  0  0  0
 1  0      0 59229236   1624 1169332    0    0     0     0 13477 155506 10  5 84  0  0  0
49  0      0 59221992   1624 1169332    0    0     0     0 13099 157113 10  5 84  0  0  0
procs -----------memory---------- ---swap-- -----io---- -system-- -------cpu-------
 r  b   swpd   free   buff  cache   si   so    bi    bo   in   cs us sy id wa st gu
87  0      0 59221484   1624 1169364    0    0     0    76 13952 159682 10  5 84  0  0  0
50  0      0 59215736   1624 1169476    0    0     0     8 13637 157230 10  5 84  0  0  0
45  0      0 59214400   1624 1169496    0    0     0     0 13943 154827 11  5 84  0  0  0
53  0      0 59217520   1624 1169496    0    0     0     0 14289 159350 11  5 84  0  0  0
60  0      0 59217072   1624 1169496    0    0     0     0 13363 157291 11  5 84  0  0  0
76  0      0 59216280   1624 1169496    0    0     0     0 13536 157226 11  5 84  0  0  0
42  0      0 59222600   1624 1169628    0    0     0   136 14131 158190 11  5 84  0  0  0
68  0      0 59224520   1624 1169532    0    0     0     0 13957 156723 11  5 84  0  0  0
21  0      0 59223932   1624 1169532    0    0     0     0 13933 159150 11  5 84  0  0  0
55  0      0 59224868   1624 1169532    0    0     0     0 13342 156697 11  5 84  0  0  0
53  0      0 59221628   1624 1169532    0    0     0     0 13709 159360 11  5 84  0  0  0
60  0      0 59214648   1624 1169532    0    0     0     0 14741 162875 10  5 84  0  0  0
46  0      0 59216084   1624 1169532    0    0     0     0 14134 161411 11  5 84  0  0  0
55  0      0 59213732   1624 1169532    0    0     0     0 13863 155646 11  5 84  0  0  0
 1  0      0 59217616   1624 1169532    0    0     0     0 13598 159635 10  5 84  0  0  0
37  0      0 59212964   1624 1169532    0    0     0     0 13927 158035 11  5 84  0  0  0
12  0      0 59208156   1624 1169532    0    0     0     0 13972 161242 11  5 84  0  0  0
45  0      0 59212720   1624 1169532    0    0     0     0 13715 157955 11  5 84  0  0  0
65  0      0 59206540   1624 1169532    0    0     0     0 14052 159103 11  5 84  0  0  0
41  0      0 59208700   1624 1169532    0    0     0     0 13929 156226 11  5 84  0  0  0
84  0      0 59219780   1624 1169532    0    0     0     0 13857 157996 10  5 84  0  0  0
procs -----------memory---------- ---swap-- -----io---- -system-- -------cpu-------
 r  b   swpd   free   buff  cache   si   so    bi    bo   in   cs us sy id wa st gu
49  0      0 59215928   1624 1169536    0    0     0     0 13327 155934 11  5 84  0  0  0
48  0      0 59213532   1624 1169536    0    0     0     0 13484 156879 11  5 84  0  0  0
 2  0      0 59206900   1624 1169536    0    0     0     0 14356 165794 10  5 84  0  0  0
81  0      0 59205356   1624 1169536    0    0     0     0 14254 160486 11  5 84  0  0  0
 1  0      0 59208032   1624 1169536    0    0     0     0 14202 157496 11  5 84  0  0  0
57  0      0 59209764   1624 1169536    0    0     0     0 13563 157911 11  5 84  0  0  0
57  0      0 59207504   1624 1169536    0    0     0     0 13733 154309 11  5 84  0  0  0
 2  0      0 59204892   1624 1169536    0    0     0   520 14572 159431 11  5 84  0  0  0
75  0      0 59209344   1624 1169696    0    0     0     0 13837 157778 10  5 84  0  0  0
22  0      0 59211408   1624 1169696    0    0     0     0 13894 158504 10  5 84  0  0  0
49  0      0 59211560   1624 1169792    0    0    16  1324 13768 158878 11  5 84  0  0  0
65  0      0 59208276   1624 1169792    0    0     0     8 14330 157719 11  5 84  0  0  0
20  0      0 59201292   1624 1169792    0    0     0     0 14429 161475 10  5 84  0  0  0
56  0      0 59195732   1624 1169792    0    0     0     0 14194 157581 11  6 84  0  0  0
 8  0      0 59193708   1624 1169792    0    0     0     0 13602 159483 11  5 84  0  0  0
48  0      0 59189220   1624 1169792    0    0     0   408 14760 160949 11  5 84  0  0  0
62  0      0 59188936   1624 1169800    0    0     0     0 13782 156511 11  5 84  0  0  0
54  0      0 59191500   1624 1169800    0    0     0     0 13406 157661 11  5 84  0  0  0
13  0      0 59193748   1624 1169800    0    0     0     8 13964 158858 10  5 84  0  0  0
36  0      0 59195116   1624 1169800    0    0     0     0 13937 158692 11  5 84  0  0  0
 1  0      0 59188244   1624 1169800    0    0     0     0 14213 157550 11  5 84  0  0  0
procs -----------memory---------- ---swap-- -----io---- -system-- -------cpu-------
 r  b   swpd   free   buff  cache   si   so    bi    bo   in   cs us sy id wa st gu
62  0      0 59182240   1624 1169800    0    0     0     0 13881 157387 11  5 84  0  0  0
88  0      0 59195176   1624 1169800    0    0     0     0 13868 155082 10  5 84  0  0  0
59  0      0 59197932   1624 1169800    0    0     0     0 13534 157145 11  5 84  0  0  0
61  0      0 59191568   1624 1169800    0    0     0     0 14352 159719 11  5 84  0  0  0
50  0      0 59194964   1624 1169800    0    0     0     0 14026 157090 11  5 84  0  0  0
39  0      0 59193592   1624 1169800    0    0     0     0 13812 158807 11  5 84  0  0  0
34  0      0 59186924   1624 1169800    0    0     0     0 14178 158830 11  5 84  0  0  0
74  0      0 59185740   1624 1169800    0    0     0     0 13467 157109 10  5 84  0  0  0
34  0      0 59187332   1624 1169800    0    0     0     0 13493 156268 10  5 84  0  0  0
55  0      0 59184648   1624 1169800    0    0     0     0 14625 154388 10  5 84  0  0  0
55  0      0 59181280   1624 1169800    0    0     0     0 14019 158206 11  5 84  0  0  0
65  0      0 59176932   1624 1169800    0    0     0     0 14100 157654 11  5 84  0  0  0
24  0      0 59177004   1624 1169800    0    0     0     0 13637 157427 11  5 84  0  0  0
77  0      0 59173032   1624 1169800    0    0     0     0 13953 158697 11  5 84  0  0  0
 2  0      0 59170484   1624 1169800    0    0     0     0 13832 156821 11  5 84  0  0  0
60  0      0 59167748   1624 1169800    0    0     0     0 13686 158749 11  5 84  0  0  0
64  0      0 59164692   1624 1169800    0    0     0     0 13683 155112 11  5 84  0  0  0
36  0      0 59168652   1624 1169800    0    0     0   448 14201 159231 11  5 84  0  0  0
 1  0      0 59168252   1624 1169800    0    0     0     0 13550 158107 10  5 84  0  0  0
58  0      0 59176852   1624 1169800    0    0     0     0 13999 159106 11  5 84  0  0  0
29  0      0 59184752   1624 1169848    0    0    16  1548 14216 158081 11  5 84  0  0  0
procs -----------memory---------- ---swap-- -----io---- -system-- -------cpu-------
 r  b   swpd   free   buff  cache   si   so    bi    bo   in   cs us sy id wa st gu
46  0      0 59182608   1624 1169852    0    0     0     8 14968 159925 11  5 84  0  0  0
 9  0      0 59192592   1624 1169852    0    0     0     0 13247 156844 11  5 84  0  0  0
33  0      0 59188832   1624 1169852    0    0     0     0 14026 158109 11  5 84  0  0  0
62  0      0 59186124   1624 1169852    0    0     0   136 13816 156983 11  5 84  0  0  0
34  0      0 59175696   1624 1169856    0    0     0     0 13397 157189 10  5 84  0  0  0
 0  0      0 59171576   1624 1170244    0    0     4     0 2435 14215  2  1 98  0  0  0
 0  0      0 59373752   1624 1169956    0    0     0     4  926  691  0  0 100  0  0  0
 0  0      0 59386568   1624 1169956    0    0     0     0  589  316  0  0 100  0  0  0
 0  0      0 59407676   1624 1169956    0    0     0     0  689  336  0  0 100  0  0  0
 0  0      0 59426872   1624 1169956    0    0     0     0  731  303  0  0 100  0  0  0
 0  0      0 59438396   1624 1169956    0    0     0     0  472  360  0  0 100  0  0  0
 0  0      0 59456692   1624 1169956    0    0     0     0  582  283  0  0 100  0  0  0
 0  0      0 59473096   1624 1169956    0    0     0     0  659  295  0  0 100  0  0  0
 0  0      0 59482712   1624 1169956    0    0     0     0  611  274  0  0 100  0  0  0
 0  0      0 59500636   1624 1169956    0    0     0     0  917  381  0  0 100  0  0  0
 0  0      0 59526732   1624 1169956    0    0     0     0  585  375  0  0 100  0  0  0
 0  0      0 59543332   1624 1169956    0    0     0     0 1062  337  0  0 100  0  0  0
 0  0      0 59553032   1624 1169956    0    0     0     0  494  244  0  0 100  0  0  0
 0  0      0 59567212   1624 1169956    0    0     0     0  625  240  0  0 100  0  0  0
 0  0      0 59580052   1624 1169956    0    0     0     0  467  256  0  0 100  0  0  0
 0  0      0 59595468   1624 1169956    0    0     0     0  878  414  0  0 100  0  0  0
procs -----------memory---------- ---swap-- -----io---- -system-- -------cpu-------
 r  b   swpd   free   buff  cache   si   so    bi    bo   in   cs us sy id wa st gu
 0  0      0 59606188   1624 1169956    0    0     0     0  680  283  0  0 100  0  0  0
 0  0      0 59612668   1624 1169956    0    0     0     0  520  246  0  0 100  0  0  0
 0  0      0 59612668   1624 1169956    0    0     0     0  619  244  0  0 100  0  0  0
 0  0      0 59623788   1624 1169956    0    0     0     0  963  321  0  0 100  0  0  0
 0  0      0 59633468   1624 1169956    0    0     0     0  680  332  0  0 100  0  0  0
 0  0      0 59641788   1624 1169956    0    0     0     0  433  237  0  0 100  0  0  0
 0  0      0 59646304   1624 1169956    0    0     0   136  496  363  0  0 100  0  0  0
 0  0      0 59651052   1624 1169956    0    0     0     0 1101  327  0  0 100  0  0  0
 0  0      0 59653004   1624 1169956    0    0     0   448  639  375  0  0 100  0  0  0
 0  0      0 59657948   1624 1169956    0    0     0     0  590  348  0  0 100  0  0  0
 0  0      0 59660192   1624 1169988    0    0    32  1328  826  772  0  0 100  0  0  0
 0  0      0 59664012   1624 1169988    0    0     0     0 1080  343  0  0 100  0  0  0
 0  0      0 59669976   1624 1169988    0    0     0   408  802  588  0  0 100  0  0  0
 0  0      0 59675288   1624 1169992    0    0     0     0  870  384  0  0 100  0  0  0
 0  0      0 59683176   1624 1169992    0    0     0     0 1070  661  0  0 100  0  0  0
 3  0      0 59641544   1624 1170024    0    0     0     4 2527 4169  3  0 97  0  0  0
 0  0      0 59528500   1624 1170188    0    0     0     0 2347 4076  4  0 96  0  0  0
38  0      0 59492292   1624 1170288    0    0     0     0 4688 40223  4  1 94  0  0  0
25  0      0 59481420   1624 1170292    0    0     0     0 14608 158103 14  5 81  0  0  0
46  0      0 59479004   1624 1170292    0    0     0     0 14675 165114 11  6 83  0  0  0
36  0      0 59476032   1624 1170292    0    0     0     0 14044 165848 11  5 84  0  0  0
procs -----------memory---------- ---swap-- -----io---- -system-- -------cpu-------
 r  b   swpd   free   buff  cache   si   so    bi    bo   in   cs us sy id wa st gu
20  0      0 59467960   1624 1170292    0    0     0     0 13747 166492 10  6 84  0  0  0
84  0      0 59466496   1624 1170296    0    0     0     0 13537 161098 10  5 84  0  0  0
39  0      0 59454708   1624 1170296    0    0     0     0 13915 162740 11  5 84  0  0  0
63  0      0 59470956   1624 1170296    0    0     0     0 13878 160326 11  6 84  0  0  0
55  0      0 59468852   1624 1170296    0    0     0     0 13466 159349 11  5 84  0  0  0
56  0      0 59463864   1624 1170296    0    0     0     0 13681 159521 11  5 84  0  0  0
25  0      0 59458172   1624 1170296    0    0     0     0 13770 159504 11  5 84  0  0  0
55  0      0 59455628   1624 1170296    0    0     0     0 13701 158750 11  5 84  0  0  0
45  0      0 59445404   1624 1170296    0    0     0     0 13592 159301 11  5 84  0  0  0
30  0      0 59446808   1624 1170296    0    0     0     0 14611 158817 11  5 84  0  0  0
49  0      0 59443732   1624 1170296    0    0     0     0 13630 157121 11  5 84  0  0  0
81  0      0 59433752   1624 1170296    0    0     0     0 13667 160519 11  5 84  0  0  0
41  0      0 59427844   1624 1170296    0    0     0     0 13397 158057 11  6 84  0  0  0
79  0      0 59421384   1624 1170296    0    0     0     0 13275 158185 11  5 84  0  0  0
28  0      0 59421904   1624 1170296    0    0     0     0 13532 159949 11  5 84  0  0  0
60  0      0 59417728   1624 1170296    0    0     0     0 14218 157043 11  5 84  0  0  0
 1  0      0 59407108   1624 1170296    0    0     0     0 13534 159239 11  5 84  0  0  0
44  0      0 59404532   1624 1170296    0    0     0     0 13666 160098 11  5 84  0  0  0
52  0      0 59402204   1624 1170296    0    0     0     0 14023 160246 11  6 84  0  0  0
83  0      0 59392448   1624 1170296    0    0     0     0 13640 157967 11  5 84  0  0  0
51  0      0 59386520   1624 1170296    0    0     0   424 13607 158053 11  5 84  0  0  0
procs -----------memory---------- ---swap-- -----io---- -system-- -------cpu-------
 r  b   swpd   free   buff  cache   si   so    bi    bo   in   cs us sy id wa st gu
82  0      0 59384608   1624 1170312    0    0    16  1428 13744 154754 11  6 84  0  0  0
36  0      0 59378400   1624 1170312    0    0     0     0 13306 158454 11  5 84  0  0  0
 1  0      0 59372084   1624 1170312    0    0     0     0 13520 158266 11  5 84  0  0  0
59  0      0 59368480   1624 1170312    0    0     0     0 13514 158665 11  5 84  0  0  0
37  0      0 59360612   1624 1170312    0    0     0     0 13559 160928 11  5 84  0  0  0
87  0      0 59353200   1624 1170312    0    0     0     4 13643 158404 11  5 84  0  0  0
29  0      0 59353604   1624 1170312    0    0     0     0 14326 160188 11  5 84  0  0  0
73  0      0 59344720   1624 1170312    0    0     0     0 13986 160719 11  5 84  0  0  0
60  0      0 59340668   1624 1170312    0    0     0     0 13579 159208 11  5 84  0  0  0
71  0      0 59331192   1624 1170312    0    0     0     0 14631 161129 11  5 84  0  0  0
28  0      0 59329804   1624 1170312    0    0     0     0 13378 159464 11  5 84  0  0  0
 0  0      0 59304720   1624 1170344    0    0     0     0 10610 114913  8  4 88  0  0  0
 0  0      0 59477532   1624 1170220    0    0     0     0  884  718  0  0 100  0  0  0
 0  0      0 59485172   1624 1172156    0    0  1684     0 1401 2046  0  0 100  0  0  0
 2  0      0 59492668   1624 1172196    0    0    16     0 1383 4284  1  0 99  0  0  0
