procs -----------memory---------- ---swap-- -----io---- -system-- -------cpu-------
 r  b   swpd   free   buff  cache   si   so    bi    bo   in   cs us sy id wa st gu
 1  0      0 60160544    288 978276    0    0 11274  3500 13039   21 10  2 87  0  0  0
 0  0      0 60152552    288 979040    0    0   396     0 4661 3879  0  0 99  0  0  0
 3  0      0 59988300    288 1026092    0    0 30400     0 5886 9857  3  1 96  0  0  0
 1  1      0 59857928    292 1057388    0    0 29360   272 5700 14757  5  1 94  0  0  0
 2  0      0 59863572    292 1058624    0    0   676   136 1058  826  0  0 99  0  0  0
51  0      0 59646876    292 1060564    0    0  1504     0 16058 138867 12  5 83  0  0  0
32  0      0 59671768    292 1060568    0    0     0     0 14419 161025 12  6 82  0  0  0
57  0      0 59664876    292 1060568    0    0     0     0 14590 166336 11  5 84  0  0  0
63  0      0 59713196    292 1062812    0    0  1800     0 14830 160373 11  5 83  0  0  0
54  0      0 59710392    292 1064240    0    0  2012     0 14154 158387 11  6 84  0  0  0
37  0      0 59701052    292 1066672    0    0  1668     0 16056 161890 12  5 83  0  0  0
37  0      0 59694752    292 1066672    0    0     0     0 14815 165075 11  6 84  0  0  0
16  0      0 59691548    292 1066672    0    0     0     0 14703 162719 11  6 84  0  0  0
54  0      0 59691488    292 1066672    0    0     0     0 13823 157451 11  5 84  0  0  0
29  0      0 59687024    292 1066672    0    0     0     0 13740 157481 10  5 84  0  0  0
75  1      0 59630144    296 1100724    0    0 28292     0 21682 165647 11  6 82  0  0  0
 4  0      0 59033636   1616 1445984    0    0 299184   296 28441 162516 18  8 74  1  0  0
 4  0      0 58908504   1616 1459648    0    0 10056  2196 25143 161775 16  5 78  1  0  0
55  0      0 58883592   1616 1463164    0    0   804  4276 27480 195366 14  6 79  1  0  0
47  0      0 58890448   1616 1463484    0    0     0     0 14077 160002 11  6 84  0  0  0
57  0      0 58885628   1616 1463484    0    0     0     0 14442 158171 11  5 84  0  0  0
procs -----------memory---------- ---swap-- -----io---- -system-- -------cpu-------
 r  b   swpd   free   buff  cache   si   so    bi    bo   in   cs us sy id wa st gu
27  0      0 58881764   1616 1463484    0    0     0     0 13580 157184 11  5 84  0  0  0
51  0      0 58877500   1616 1463484    0    0     0     0 13491 157738 11  5 84  0  0  0
35  0      0 58869512   1616 1463484    0    0     0     0 13964 159154 11  5 84  0  0  0
83  0      0 58865748   1616 1463484    0    0     0     0 13700 157775 11  6 84  0  0  0
35  0      0 58864252   1616 1463484    0    0     0     0 14376 160281 11  5 84  0  0  0
 1  0      0 58859724   1616 1463484    0    0     0     0 13724 159239 11  5 84  0  0  0
76  0      0 58862492   1616 1463484    0    0     0     0 13510 159649 11  5 84  0  0  0
66  0      0 58855932   1624 1475756    0    0  5376 19912 16457 168563 11  6 84  0  0  0
85  0      0 58859204   1624 1475756    0    0     0     0 14397 158675 11  6 84  0  0  0
85  0      0 58860352   1624 1475756    0    0     0     0 14220 159214 11  5 84  0  0  0
38  0      0 58864948   1624 1475756    0    0     0     0 13697 157219 11  5 84  0  0  0
69  0      0 58866864   1624 1475756    0    0     0     0 13419 157034 11  5 84  0  0  0
22  0      0 58870532   1624 1475756    0    0     0   140 13584 157348 11  5 84  0  0  0
86  0      0 58867908   1624 1475756    0    0     0     4 13674 158252 11  5 84  0  0  0
 1  0      0 58852188   1624 1475976    0    0   128     0 13720 156852 11  5 84  0  0  0
80  0      0 58848172   1624 1476032    0    0    48   144 13444 157201 11  5 84  0  0  0
41  0      0 58844124   1624 1476032    0    0     0     0 13136 158773 11  5 84  0  0  0
62  0      0 58842044   1624 1476032    0    0     0     0 14522 163502 10  6 84  0  0  0
37  0      0 58855248   1624 1476060    0    0    36     0 14379 159782 11  5 84  0  0  0
28  0      0 58873040   1624 1476060    0    0     0   136 13786 157204 11  5 84  0  0  0
57  0      0 58869012   1624 1476084    0    0    28     0 14338 157038 11  5 84  0  0  0
procs -----------memory---------- ---swap-- -----io---- -system-- -------cpu-------
 r  b   swpd   free   buff  cache   si   so    bi    bo   in   cs us sy id wa st gu
58  0      0 58867816   1624 1476088    0    0     0     0 14419 158364 11  5 84  0  0  0
45  0      0 58858464   1624 1476088    0    0     0     0 13410 158908 11  5 84  0  0  0
43  0      0 58851632   1624 1476088    0    0     0     0 13527 156429 11  5 84  0  0  0
40  0      0 58848832   1624 1476088    0    0     0     0 13624 156854 11  5 84  0  0  0
27  1      0 58843284   1624 1476088    0    0     0  1824 13678 157359 11  5 84  0  0  0
63  0      0 58842784   1624 1476136    0    0    48     0 14122 158195 11  5 84  0  0  0
59  0      0 58843380   1624 1476136    0    0     0     0 14243 161276 10  6 84  0  0  0
 1  0      0 58843556   1624 1476136    0    0     0     0 14120 163823 10  6 84  0  0  0
24  0      0 58837264   1624 1476136    0    0     0     0 13736 158955 11  5 84  0  0  0
57  0      0 58837100   1624 1476136    0    0     0     0 13880 154316 11  5 84  0  0  0
35  0      0 58831084   1624 1476136    0    0     0     0 13176 155732 10  5 84  0  0  0
33  0      0 58822460   1624 1476136    0    0     0     0 13414 156289 11  5 84  0  0  0
61  0      0 58820992   1624 1476136    0    0     0     0 14244 158341 11  5 84  0  0  0
 1  0      0 58826400   1624 1476136    0    0     0     0 13319 155873 11  5 84  0  0  0
91  0      0 58824816   1624 1476136    0    0     0     0 13643 157689 10  5 84  0  0  0
70  0      0 58822848   1624 1476136    0    0     0     0 13631 157401 11  5 84  0  0  0
41  0      0 58823872   1624 1476136    0    0     0     0 13536 160429 11  5 84  0  0  0
48  0      0 58821548   1624 1476136    0    0     0  2336 13895 157697 11  5 84  0  0  0
34  0      0 58815996   1624 1476136    0    0     0     0 14092 158315 11  5 84  0  0  0
 1  0      0 58814396   1624 1476136    0    0     0     0 14169 158568 11  5 84  0  0  0
51  0      0 58808068   1624 1476136    0    0     0     0 13954 158413 11  5 84  0  0  0
procs -----------memory---------- ---swap-- -----io---- -system-- -------cpu-------
 r  b   swpd   free   buff  cache   si   so    bi    bo   in   cs us sy id wa st gu
27  0      0 58804540   1624 1476140    0    0     0     0 13734 156657 11  5 84  0  0  0
48  0      0 58811244   1624 1476332    0    0   336  7116 14116 157395 10  5 84  0  0  0
 2  0      0 58804128   1624 1476496    0    0     0     0 13506 157469 11  5 84  0  0  0
60  0      0 58796548   1624 1476496    0    0     0   112 13864 159452 11  5 84  0  0  0
 4  0      0 58797244   1624 1476496    0    0     0     0 14175 161739 10  5 84  0  0  0
41  0      0 58798604   1624 1476496    0    0     0     0 13340 157140 11  5 84  0  0  0
40  0      0 58805480   1624 1476496    0    0     0     4 13957 157911 11  5 84  0  0  0
59  0      0 58811188   1624 1476496    0    0     0     0 14452 158590 11  6 84  0  0  0
68  0      0 58807500   1624 1476496    0    0     0     0 13943 157616 11  5 84  0  0  0
55  0      0 58813572   1624 1476496    0    0     0     0 13404 158572 11  5 84  0  0  0
76  0      0 58812180   1624 1476496    0    0     0     0 14477 159532 11  5 84  0  0  0
66  0      0 58813684   1624 1476496    0    0     0     0 13791 156758 11  5 84  0  0  0
37  0      0 58817816   1624 1476496    0    0     0     0 13478 156155 11  5 84  0  0  0
68  0      0 58807676   1624 1476496    0    0     0     0 13540 157308 11  5 84  0  0  0
41  0      0 58804712   1624 1476496    0    0     0     0 13802 157613 11  5 84  0  0  0
66  0      0 58804468   1624 1476496    0    0     0     0 14614 164801 11  5 84  0  0  0
18  0      0 58802924   1624 1476496    0    0     0     0 14311 162271 10  6 84  0  0  0
56  0      0 58806464   1624 1476496    0    0     0     0 13285 156814 11  5 84  0  0  0
70  0      0 58809620   1624 1476496    0    0     0     0 13916 158675 11  5 84  0  0  0
44  0      0 58810348   1624 1476496    0    0     0     0 13141 156336 11  5 84  0  0  0
 1  0      0 58803000   1624 1476496    0    0     0     0 13718 157480 11  5 84  0  0  0
procs -----------memory---------- ---swap-- -----io---- -system-- -------cpu-------
 r  b   swpd   free   buff  cache   si   so    bi    bo   in   cs us sy id wa st gu
62  0      0 58802732   1624 1476500    0    0     0     0 13623 158192 11  5 84  0  0  0
71  0      0 58801732   1624 1476500    0    0     0     0 13571 157539 11  5 84  0  0  0
66  0      0 58798764   1624 1476500    0    0     0     0 14196 157644 11  5 84  0  0  0
26  0      0 58801572   1624 1476500    0    0     0     0 13653 156636 11  5 84  0  0  0
43  0      0 58803016   1624 1476500    0    0     0     0 14318 158295 11  5 84  0  0  0
13  0      0 58799208   1624 1476500    0    0     0     0 13651 156763 11  5 84  0  0  0
41  0      0 58799944   1624 1476500    0    0     0     0 13416 156903 10  5 84  0  0  0
 1  0      0 58797224   1624 1476500    0    0     0     0 14016 158214 11  5 84  0  0  0
43  0      0 58796424   1624 1476500    0    0     0     0 13787 157015 11  5 84  0  0  0
44  0      0 58793360   1624 1476504    0    0     0     0 13790 157534 11  5 84  0  0  0
11  0      0 58793116   1624 1476504    0    0     0   136 14779 159392 11  5 84  0  0  0
45  0      0 58791532   1624 1476520    0    0    16   456 14469 159987 11  5 84  0  0  0
74  0      0 58797300   1624 1476520    0    0     0     8 14655 159229 11  5 84  0  0  0
42  0      0 58801332   1624 1476632    0    0   112  2060 13872 157883 11  5 84  0  0  0
51  0      0 58793692   1624 1476632    0    0     0     0 13682 156738 11  5 84  0  0  0
63  0      0 58787768   1624 1476632    0    0     0     0 13772 159744 11  5 84  0  0  0
27  0      0 58784704   1624 1476632    0    0     0     0 13248 155301 11  5 84  0  0  0
38  0      0 58783812   1624 1476640    0    0     0   136 13643 156881 11  5 84  0  0  0
24  0      0 58779284   1624 1476632    0    0     0     0 13821 156635 11  5 84  0  0  0
47  0      0 58773680   1624 1476632    0    0     0     0 14065 158404 11  5 84  0  0  0
57  0      0 58770580   1624 1476632    0    0     0     0 13745 156987 11  5 84  0  0  0
procs -----------memory---------- ---swap-- -----io---- -system-- -------cpu-------
 r  b   swpd   free   buff  cache   si   so    bi    bo   in   cs us sy id wa st gu
69  0      0 58774196   1624 1476632    0    0     0     0 14512 158082 10  6 84  0  0  0
 1  0      0 58774368   1624 1476632    0    0     0     0 13181 131905 11  5 85  0  0  0
54  0      0 58775228   1624 1476632    0    0     0     0 13668 157043 11  5 84  0  0  0
 1  0      0 58777896   1624 1476632    0    0     0     0 13561 156353 11  5 84  0  0  0
47  0      0 58789604   1624 1476632    0    0     0     0 13742 157584 11  5 84  0  0  0
73  0      0 58791064   1624 1476632    0    0     0     0 14223 158161 11  5 84  0  0  0
35  0      0 58779136   1624 1476872    0    0   532     0 13779 159100 11  5 84  0  0  0
72  0      0 58772384   1624 1477320    0    0     0     0 14545 161187 11  5 84  0  0  0
 8  0      0 58779876   1624 1477400    0    0    80   864 14390 160521 11  5 84  0  0  0
46  0      0 58779440   1624 1477400    0    0     0     0 13907 156042 11  5 84  0  0  0
53  0      0 58776468   1624 1477400    0    0     0     0 13447 156748 11  5 84  0  0  0
50  0      0 58780596   1624 1477400    0    0     0     0 14156 157890 11  5 84  0  0  0
13  0      0 58775896   1624 1477400    0    0     0     0 13450 157636 11  5 84  0  0  0
84  0      0 58769916   1624 1477432    0    0    48   480 14546 164425 10  6 84  0  0  0
41  0      0 58770072   1624 1477448    0    0     0     0 14079 157936 11  5 84  0  0  0
54  0      0 58763780   1624 1477448    0    0     0     0 13933 157968 11  5 84  0  0  0
73  0      0 58759392   1624 1477448    0    0     0     0 13428 157033 11  5 84  0  0  0
34  0      0 58755856   1624 1477448    0    0     0     0 13717 157352 11  5 84  0  0  0
54  1      0 58760204   1624 1477452    0    0     0    68 13605 157725 10  5 84  0  0  0
65  0      0 58758252   1624 1477456    0    0     0   340 14790 159078 11  5 84  0  0  0
56  0      0 58772960   1624 1477456    0    0     0  1408 14073 158059 11  5 84  0  0  0
procs -----------memory---------- ---swap-- -----io---- -system-- -------cpu-------
 r  b   swpd   free   buff  cache   si   so    bi    bo   in   cs us sy id wa st gu
41  0      0 58779196   1624 1477460    0    0     0    12 14419 157635 11  5 84  0  0  0
45  0      0 58782500   1624 1477460    0    0     0     0 13445 155446 11  5 84  0  0  0
29  0      0 58781780   1624 1477460    0    0     0     0 13544 157042 11  5 84  0  0  0
73  0      0 58776364   1624 1477460    0    0     0     0 13447 157719 10  5 84  0  0  0
13  0      0 58770376   1624 1477460    0    0     0     0 14347 157933 10  6 84  0  0  0
 0  0      0 58763464   1624 1477804    0    0     4     0 1939 9666  1  0 98  0  0  0
 0  0      0 58974416   1624 1477684    0    0     0     0  901  706  0  0 100  0  0  0
 0  0      0 59001812   1624 1477972    0    0   288  4012 1031 1771  0  0 100  0  0  0
 0  0      0 59019380   1624 1477972    0    0     0     0  817  415  0  0 100  0  0  0
 0  0      0 59038384   1624 1477972    0    0     0     0  483  371  0  0 100  0  0  0
 0  0      0 59057712   1624 1477972    0    0     0     0  495  249  0  0 100  0  0  0
 0  0      0 59074164   1624 1477972    0    0     0     0  544  259  0  0 100  0  0  0
 0  0      0 59090212   1624 1477972    0    0     0     0  733  315  0  0 100  0  0  0
 0  0      0 59096756   1624 1477972    0    0     0     0  522  300  0  0 100  0  0  0
 0  0      0 59113988   1624 1477972    0    0     0     0  686  442  0  0 100  0  0  0
 0  0      0 59128764   1624 1477972    0    0     0     0  551  285  0  0 100  0  0  0
 0  0      0 59141552   1624 1477972    0    0     0     0  721  340  0  0 100  0  0  0
 0  0      0 59156704   1624 1477972    0    0     0     0  652  279  0  0 100  0  0  0
 0  0      0 59166972   1624 1477972    0    0     0     0  448  237  0  0 100  0  0  0
 0  0      0 59178528   1624 1477972    0    0     0     0  594  310  0  0 100  0  0  0
 0  0      0 59190732   1624 1477972    0    0     0     0  666  303  0  0 100  0  0  0
procs -----------memory---------- ---swap-- -----io---- -system-- -------cpu-------
 r  b   swpd   free   buff  cache   si   so    bi    bo   in   cs us sy id wa st gu
 0  0      0 59198368   1624 1477972    0    0     0     0  590  251  0  0 100  0  0  0
 0  0      0 59205468   1624 1477972    0    0     0     0  548  231  0  0 100  0  0  0
 0  0      0 59211248   1624 1477972    0    0     0     0  446  259  0  0 100  0  0  0
 0  0      0 59216620   1624 1477972    0    0     0     0 1081  507  0  0 100  0  0  0
 0  0      0 59221516   1624 1477972    0    0     0     0  528  253  0  0 100  0  0  0
 0  0      0 59226136   1624 1477972    0    0     0     0  639  236  0  0 100  0  0  0
 0  0      0 59229812   1624 1477972    0    0     0   136  764  356  0  0 100  0  0  0
 0  0      0 59234132   1624 1477976    0    0     0     0 1012  335  0  0 100  0  0  0
 0  0      0 59237748   1624 1477976    0    0     0     0  748  326  0  0 100  0  0  0
 0  0      0 59239428   1624 1477976    0    0     0     0  534  232  0  0 100  0  0  0
 0  0      0 59241784   1624 1477976    0    0     0   256  667  348  0  0 100  0  0  0
 0  0      0 59244544   1624 1477976    0    0     0     4  786  318  0  0 100  0  0  0
 0  0      0 59248468   1624 1477976    0    0     0     0  712  263  0  0 100  0  0  0
 0  0      0 59252832   1624 1477976    0    0     0     0  855  473  0  0 100  0  0  0
 0  0      0 59259620   1624 1477976    0    0     0     0  972  520  0  0 100  0  0  0
 2  0      0 59206088   1624 1477976    0    0     0     0 2574 4231  3  0 96  0  0  0
 0  0      0 59095524   1624 1478172    0    0     0     4 2351 3451  4  0 96  0  0  0
50  0      0 59062956   1624 1478272    0    0     0   136 5481 46465  5  2 93  0  0  0
40  0      0 59048664   1624 1478276    0    0     0     0 15035 153140 14  5 81  0  0  0
45  0      0 59032264   1624 1478276    0    0     0     0 15283 162303 12  6 82  0  0  0
55  0      0 59026572   1624 1478276    0    0     0     0 12940 155048 11  5 84  0  0  0
procs -----------memory---------- ---swap-- -----io---- -system-- -------cpu-------
 r  b   swpd   free   buff  cache   si   so    bi    bo   in   cs us sy id wa st gu
16  0      0 59042304   1624 1478276    0    0     0     0 12870 157445 11  6 84  0  0  0
24  0      0 59031248   1624 1478284    0    0     0     0 13436 159715 11  6 84  0  0  0
18  0      0 59045544   1624 1478284    0    0     0     0 14535 166423 11  6 84  0  0  0
58  0      0 59036076   1624 1478284    0    0     0     0 14170 160866 11  5 83  0  0  0
16  0      0 59032140   1624 1478284    0    0     0     0 13866 159964 11  5 84  0  0  0
59  0      0 59029512   1624 1478284    0    0     0     0 14192 164413 10  6 84  0  0  0
85  0      0 59025128   1624 1478284    0    0     0     0 14003 157378 10  5 84  0  0  0
58  0      0 59021128   1624 1478284    0    0     0     0 13849 157938 11  6 84  0  0  0
 1  0      0 59017032   1624 1478284    0    0     0     0 13528 156087 11  5 84  0  0  0
74  0      0 59008140   1624 1478284    0    0     0    76 13848 159073 11  5 84  0  0  0
34  0      0 59003440   1624 1478284    0    0     0     0 13953 159949 11  5 84  0  0  0
53  0      0 58996692   1624 1478284    0    0     0     0 13648 158440 11  5 84  0  0  0
64  0      0 58992028   1624 1478284    0    0     0     0 13648 157359 11  5 84  0  0  0
24  0      0 58982664   1624 1478284    0    0     0     0 13719 160420 11  6 84  0  0  0
17  0      0 58976604   1624 1478284    0    0     0     0 13475 156677 11  5 84  0  0  0
55  1      0 58972556   1624 1478284    0    0     0    64 14268 160799 11  6 84  0  0  0
37  0      0 58968080   1624 1478288    0    0     0   344 13581 157639 11  5 84  0  0  0
47  0      0 58961560   1624 1478288    0    0     0  1548 13569 157044 11  5 84  0  0  0
70  0      0 58957172   1624 1478288    0    0     0     0 13537 157744 11  5 84  0  0  0
59  0      0 58951424   1624 1478288    0    0     0     0 13231 155954 11  5 84  0  0  0
37  0      0 58944364   1624 1478288    0    0     0   228 13344 157234 11  6 84  0  0  0
procs -----------memory---------- ---swap-- -----io---- -system-- -------cpu-------
 r  b   swpd   free   buff  cache   si   so    bi    bo   in   cs us sy id wa st gu
12  0      0 58943164   1624 1478288    0    0     0     0 13496 156761 11  6 84  0  0  0
53  0      0 58931604   1624 1478288    0    0     0     0 13858 159399 11  6 84  0  0  0
54  0      0 58925904   1624 1478288    0    0     0     0 13296 156839 11  5 84  0  0  0
53  0      0 58921148   1624 1478288    0    0     0     0 13809 158002 11  6 84  0  0  0
49  0      0 58919340   1624 1478304    0    0    16     8 14408 164072 11  6 84  0  0  0
48  0      0 58913348   1624 1478304    0    0     0     0 13875 159389 11  5 84  0  0  0
10  0      0 58910020   1624 1478304    0    0     0     0 13488 158543 11  5 84  0  0  0
67  0      0 58909468   1624 1478304    0    0     0     0 13233 157983 11  5 84  0  0  0
27  0      0 58900716   1624 1478304    0    0     0     0 13412 157463 11  5 84  0  0  0
60  0      0 58892232   1624 1478304    0    0     0     0 13664 158746 11  5 84  0  0  0
52  0      0 58890392   1624 1478304    0    0     0     0 14178 159784 11  6 84  0  0  0
 0  0      0 58866920   1624 1478328    0    0     0     0 9649 105157  8  4 89  0  0  0
 0  0      0 59045480   1624 1478164    0    0     0     0  863  732  0  0 100  0  0  0
 0  0      0 59013644   1624 1480436    0    0  2020     0 1280 2364  0  0 99  0  0  0
 0  0      0 58888360   1624 1480476    0    0    16     0 1536 3822  1  0 99  0  0  0
